
> finance-tracker@0.1.0 test:e2e
> playwright test


Running 400 tests using 5 workers

  ✓    2 [chromium] › tests/e2e/accounts.spec.ts:22:7 › Accounts - List View › should display page title and new account button (7.6s)
  ✓    3 [chromium] › tests/e2e/accounts.spec.ts:17:7 › Accounts - List View › should load accounts page (7.6s)
  ✘    4 [chromium] › tests/e2e/accounts.spec.ts:61:7 › Accounts - Create › should create checking account successfully (8.4s)
  ✘    5 [chromium] › tests/e2e/accounts.spec.ts:40:7 › Accounts - Create › should create savings account successfully (8.5s)
  ✘    1 [chromium] › tests/e2e/accounts.spec.ts:77:7 › Accounts - Create › should handle negative balance (9.0s)
  ✘    7 [chromium] › tests/e2e/accounts.spec.ts:105:7 › Accounts - Create › should handle large balance amounts (2.6s)
  ✘    6 [chromium] › tests/e2e/accounts.spec.ts:92:7 › Accounts - Create › should handle zero balance (2.8s)
  ✘    9 [chromium] › tests/e2e/accounts.spec.ts:132:7 › Accounts - Create › should sanitize special characters in name (3.4s)
  ✘   10 [chromium] › tests/e2e/accounts.spec.ts:153:7 › Accounts - Edit › should edit account successfully (3.0s)
  ✘    8 [chromium] › tests/e2e/accounts.spec.ts:118:7 › Accounts - Create › should validate required fields (4.4s)
  ✓   14 [chromium] › tests/e2e/auth.spec.ts:16:7 › Authentication Flow › should display login page correctly (324ms)
  ✘   13 [chromium] › tests/e2e/accounts.spec.ts:267:7 › Accounts - Data Integrity › should reflect account changes in dashboard (2.4s)
  ✓   15 [chromium] › tests/e2e/auth.spec.ts:42:7 › Authentication Flow › should show error with invalid email (2.4s)
  ✓   16 [chromium] › tests/e2e/auth.spec.ts:26:7 › Authentication Flow › should login with valid credentials (1.8s)
  ✓   17 [chromium] › tests/e2e/auth.spec.ts:66:7 › Authentication Flow › should validate email format (375ms)
  ✓   18 [chromium] › tests/e2e/auth.spec.ts:56:7 › Authentication Flow › should validate required fields (355ms)
  ✓   20 [chromium] › tests/e2e/auth.spec.ts:93:7 › Session Management › should handle browser refresh (2.4s)
  ✓   22 [chromium] › tests/e2e/auth.spec.ts:122:7 › Protected Routes › should redirect to login when accessing dashboard without auth (232ms)
  ✓   23 [chromium] › tests/e2e/auth.spec.ts:133:7 › Protected Routes › should redirect to login when accessing accounts without auth (225ms)
  ✓   19 [chromium] › tests/e2e/auth.spec.ts:78:7 › Session Management › should maintain session across page navigation (3.4s)
  ✓   24 [chromium] › tests/e2e/auth.spec.ts:139:7 › Protected Routes › should redirect to login when accessing transactions without auth (279ms)
  ✓   26 [chromium] › tests/e2e/auth.spec.ts:158:7 › Security Tests › should prevent XSS in login form (1.3s)
  ✘   11 [chromium] › tests/e2e/accounts.spec.ts:200:7 › Accounts - View Details › should view account details (11.0s)
  ✘   12 [chromium] › tests/e2e/accounts.spec.ts:225:7 › Accounts - Delete › should delete account successfully (11.0s)
  ✓   25 [chromium] › tests/e2e/auth.spec.ts:145:7 › Protected Routes › should redirect authenticated user from login to dashboard (2.6s)
  ✓   29 [chromium] › tests/e2e/auth.spec.ts:191:7 › Security Tests › should have secure password field (301ms)
  ✓   27 [chromium] › tests/e2e/auth.spec.ts:177:7 › Security Tests › should handle SQL injection attempts safely (2.3s)
  ✓   28 [chromium] › tests/e2e/credit-cards.spec.ts:22:7 › Credit Cards - List View › should display new credit card button (4.3s)
  ✓   30 [chromium] › tests/e2e/credit-cards.spec.ts:17:7 › Credit Cards - List View › should load credit cards page (3.6s)
  ✓   31 [chromium] › tests/e2e/credit-cards.spec.ts:39:7 › Credit Cards - Create › should create credit card with all required fields (4.0s)
  ✓   32 [chromium] › tests/e2e/credit-cards.spec.ts:69:7 › Credit Cards - Create › should create premium credit card (3.8s)
  ✓   34 [chromium] › tests/e2e/credit-cards.spec.ts:106:7 › Credit Cards - Create › should validate billing date is between 1-31 (2.6s)
  ✓   33 [chromium] › tests/e2e/credit-cards.spec.ts:90:7 › Credit Cards - Create › should validate credit limit is positive (2.8s)
  ✓   35 [chromium] › tests/e2e/credit-cards.spec.ts:121:7 › Credit Cards - Create › should calculate utilization when balance exceeds limit (2.6s)
  -   21 [chromium] › tests/e2e/auth.spec.ts:104:7 › Session Management › should logout successfully
  ✓   36 [chromium] › tests/e2e/credit-cards.spec.ts:143:7 › Credit Cards - View & Edit › should view credit card details (3.1s)
  ✓   37 [chromium] › tests/e2e/credit-cards.spec.ts:167:7 › Credit Cards - View & Edit › should edit credit card limit (2.5s)
  ✓   40 [chromium] › tests/e2e/dashboard.spec.ts:15:7 › Dashboard - Core Functionality › should load dashboard successfully (2.0s)
  ✓   38 [chromium] › tests/e2e/credit-cards.spec.ts:211:7 › Credit Cards - Delete › should delete credit card (2.6s)
  ✘   41 [chromium] › tests/e2e/dashboard.spec.ts:20:7 › Dashboard - Core Functionality › should display all key metric cards (2.0s)
  ✓   39 [chromium] › tests/e2e/credit-cards.spec.ts:250:7 › Credit Cards - Dashboard Integration › should update credit utilization in dashboard (2.8s)
  ✓   43 [chromium] › tests/e2e/dashboard.spec.ts:49:7 › Dashboard - Core Functionality › should display savings rate with color coding (2.5s)
  ✘   42 [chromium] › tests/e2e/dashboard.spec.ts:32:7 › Dashboard - Core Functionality › should display net worth with correct color coding (2.6s)
  ✓   44 [chromium] › tests/e2e/dashboard.spec.ts:62:7 › Dashboard - Core Functionality › should display credit utilization percentage (2.7s)
  ✓   45 [chromium] › tests/e2e/dashboard.spec.ts:93:7 › Dashboard - Assets & Liabilities › should display assets and liabilities breakdown (2.4s)
  ✓   47 [chromium] › tests/e2e/dashboard.spec.ts:104:7 › Dashboard - Assets & Liabilities › should display total assets in green (2.4s)
  ✓   48 [chromium] › tests/e2e/dashboard.spec.ts:124:7 › Dashboard - Assets & Liabilities › should calculate net worth correctly (2.3s)
  ✓   46 [chromium] › tests/e2e/dashboard.spec.ts:74:7 › Dashboard - Core Functionality › should display debt service ratio percentage (2.4s)
  ✓   49 [chromium] › tests/e2e/dashboard.spec.ts:147:7 › Dashboard - Portfolio Summary › should display portfolio summary section (2.0s)
  ✓   50 [chromium] › tests/e2e/dashboard.spec.ts:114:7 › Dashboard - Assets & Liabilities › should display total liabilities in red (3.3s)
  ✓   51 [chromium] › tests/e2e/dashboard.spec.ts:153:7 › Dashboard - Portfolio Summary › should show account count (2.2s)
  ✓   52 [chromium] › tests/e2e/dashboard.spec.ts:166:7 › Dashboard - Portfolio Summary › should show credit card count (2.3s)
  ✓   53 [chromium] › tests/e2e/dashboard.spec.ts:175:7 › Dashboard - Portfolio Summary › should show loan count (2.3s)
  ✓   54 [chromium] › tests/e2e/dashboard.spec.ts:184:7 › Dashboard - Portfolio Summary › should show investment count (2.4s)
  ✓   55 [chromium] › tests/e2e/dashboard.spec.ts:193:7 › Dashboard - Portfolio Summary › should display liquidity ratio (2.0s)
  ✓   56 [chromium] › tests/e2e/dashboard.spec.ts:212:7 › Dashboard - Upcoming Payments › should display upcoming payments section when payments exist (2.0s)
  ✓   57 [chromium] › tests/e2e/dashboard.spec.ts:229:7 › Dashboard - Upcoming Payments › should show payment count in header (1.9s)
  -   62 [chromium] › tests/e2e/dashboard.spec.ts:293:7 › Dashboard - Empty State › should handle dashboard with no financial data gracefully
  ✓   58 [chromium] › tests/e2e/dashboard.spec.ts:243:7 › Dashboard - Upcoming Payments › should calculate total payment amount (2.2s)
  ✓   60 [chromium] › tests/e2e/dashboard.spec.ts:282:7 › Dashboard - Navigation › should navigate to transactions page (2.7s)
  ✓   65 [chromium] › tests/e2e/data-integrity.spec.ts:43:7 › Data Integrity - Concurrent Operations › should handle browser refresh on form page (3.2s)
  ✘   66 [chromium] › tests/e2e/data-integrity.spec.ts:61:7 › Data Integrity - Form Validation › should prevent duplicate submissions (2.3s)
  ✘   59 [chromium] › tests/e2e/dashboard.spec.ts:266:7 › Dashboard - Navigation › should have working navigation menu (10.6s)
  ✘   61 [chromium] › tests/e2e/dashboard.spec.ts:272:7 › Dashboard - Navigation › should navigate to accounts page (10.8s)
  ✘   64 [chromium] › tests/e2e/data-integrity.spec.ts:26:7 › Data Integrity - Concurrent Operations › should handle browser back button (10.7s)
  ✘   63 [chromium] › tests/e2e/data-integrity.spec.ts:10:7 › Data Integrity - Concurrent Operations › should handle rapid navigation without errors (10.7s)
  ✘   67 [chromium] › tests/e2e/data-integrity.spec.ts:88:7 › Data Integrity - Form Validation › should sanitize HTML in input fields (2.5s)
  ✓   68 [chromium] › tests/e2e/data-integrity.spec.ts:111:7 › Data Integrity - Form Validation › should handle SQL injection in search/filter (2.4s)
  ✓   69 [chromium] › tests/e2e/data-integrity.spec.ts:133:7 › Data Integrity - Large Datasets › should handle accounts list with pagination (2.4s)
  ✓   71 [chromium] › tests/e2e/data-integrity.spec.ts:167:7 › Data Integrity - Network Resilience › should handle offline gracefully (2.7s)
  ✘   74 [chromium] › tests/e2e/data-integrity.spec.ts:227:7 › Data Integrity - Cross-Module Consistency › should update dashboard metrics when creating account (3.1s)
  ✘   76 [chromium] › tests/e2e/data-integrity.spec.ts:273:7 › Edge Cases - Boundary Values › should handle decimal precision (2.2s)
  ✘   72 [chromium] › tests/e2e/data-integrity.spec.ts:207:7 › Data Integrity - Cross-Module Consistency › should maintain consistent totals across pages (10.7s)
  ✘   70 [chromium] › tests/e2e/data-integrity.spec.ts:152:7 › Data Integrity - Large Datasets › should load transactions page efficiently (10.7s)
  ✘   73 [chromium] › tests/e2e/data-integrity.spec.ts:189:7 › Data Integrity - Network Resilience › should handle slow network (10.7s)
  ✓   77 [chromium] › tests/e2e/data-integrity.spec.ts:287:7 › Edge Cases - Boundary Values › should handle special date scenarios (3.3s)
  ✘   80 [chromium] › tests/e2e/profile-test.spec.ts:8:7 › Profile Test - Supabase Session › should access Finance Tracker with existing Supabase session (316ms)
  ✘   75 [chromium] › tests/e2e/data-integrity.spec.ts:257:7 › Edge Cases - Boundary Values › should handle maximum integer values (10.7s)
  ✓   79 [chromium] › tests/e2e/data-integrity.spec.ts:299:7 › Performance Benchmarks › dashboard should load within 3 seconds (2.5s)
  ✘   78 [chromium] › tests/e2e/data-integrity.spec.ts:312:7 › Performance Benchmarks › form submission should be responsive (3.0s)
  ✓   81 [firefox] › tests/e2e/accounts.spec.ts:17:7 › Accounts - List View › should load accounts page (4.1s)
  ✓   82 [firefox] › tests/e2e/accounts.spec.ts:22:7 › Accounts - List View › should display page title and new account button (4.1s)
  ✘   83 [firefox] › tests/e2e/accounts.spec.ts:40:7 › Accounts - Create › should create savings account successfully (4.0s)
  ✘   85 [firefox] › tests/e2e/accounts.spec.ts:77:7 › Accounts - Create › should handle negative balance (3.8s)
  ✘   88 [firefox] › tests/e2e/accounts.spec.ts:118:7 › Accounts - Create › should validate required fields (4.5s)
  ✘   84 [firefox] › tests/e2e/accounts.spec.ts:61:7 › Accounts - Create › should create checking account successfully (11.6s)
  ✘   86 [firefox] › tests/e2e/accounts.spec.ts:92:7 › Accounts - Create › should handle zero balance (11.0s)
  ✘   87 [firefox] › tests/e2e/accounts.spec.ts:105:7 › Accounts - Create › should handle large balance amounts (10.7s)
  ✘   90 [firefox] › tests/e2e/accounts.spec.ts:153:7 › Accounts - Edit › should edit account successfully (3.1s)
  ✓   94 [firefox] › tests/e2e/auth.spec.ts:16:7 › Authentication Flow › should display login page correctly (1.6s)
  ✓   91 [firefox] › tests/e2e/accounts.spec.ts:200:7 › Accounts - View Details › should view account details (4.1s)
  ✘   92 [firefox] › tests/e2e/accounts.spec.ts:225:7 › Accounts - Delete › should delete account successfully (3.5s)
  ✓   95 [firefox] › tests/e2e/auth.spec.ts:26:7 › Authentication Flow › should login with valid credentials (2.6s)
  ✘   89 [firefox] › tests/e2e/accounts.spec.ts:132:7 › Accounts - Create › should sanitize special characters in name (13.4s)
  ✓   96 [firefox] › tests/e2e/auth.spec.ts:42:7 › Authentication Flow › should show error with invalid email (2.8s)
  ✓   98 [firefox] › tests/e2e/auth.spec.ts:66:7 › Authentication Flow › should validate email format (684ms)
  ✘   93 [firefox] › tests/e2e/accounts.spec.ts:267:7 › Accounts - Data Integrity › should reflect account changes in dashboard (4.1s)
  ✓   97 [firefox] › tests/e2e/auth.spec.ts:56:7 › Authentication Flow › should validate required fields (1.5s)
  ✓  103 [firefox] › tests/e2e/auth.spec.ts:133:7 › Protected Routes › should redirect to login when accessing accounts without auth (815ms)
  ✓  104 [firefox] › tests/e2e/auth.spec.ts:139:7 › Protected Routes › should redirect to login when accessing transactions without auth (986ms)
  ✓   99 [firefox] › tests/e2e/auth.spec.ts:93:7 › Session Management › should handle browser refresh (3.7s)
  ✓  102 [firefox] › tests/e2e/auth.spec.ts:122:7 › Protected Routes › should redirect to login when accessing dashboard without auth (2.3s)
  ✓  106 [firefox] › tests/e2e/auth.spec.ts:158:7 › Security Tests › should prevent XSS in login form (1.9s)
  ✓  108 [firefox] › tests/e2e/auth.spec.ts:191:7 › Security Tests › should have secure password field (522ms)
  ✓  101 [firefox] › tests/e2e/auth.spec.ts:78:7 › Session Management › should maintain session across page navigation (5.6s)
  ✓  105 [firefox] › tests/e2e/auth.spec.ts:145:7 › Protected Routes › should redirect authenticated user from login to dashboard (3.6s)
  ✓  107 [firefox] › tests/e2e/auth.spec.ts:177:7 › Security Tests › should handle SQL injection attempts safely (2.6s)
  ✓  109 [firefox] › tests/e2e/credit-cards.spec.ts:17:7 › Credit Cards - List View › should load credit cards page (2.8s)
  ✓  111 [firefox] › tests/e2e/credit-cards.spec.ts:39:7 › Credit Cards - Create › should create credit card with all required fields (2.6s)
  ✘  100 [firefox] › tests/e2e/auth.spec.ts:104:7 › Session Management › should logout successfully (10.7s)
  ✓  114 [firefox] › tests/e2e/credit-cards.spec.ts:106:7 › Credit Cards - Create › should validate billing date is between 1-31 (2.1s)
  ✓  115 [firefox] › tests/e2e/credit-cards.spec.ts:143:7 › Credit Cards - View & Edit › should view credit card details (2.6s)
  ✓  117 [firefox] › tests/e2e/credit-cards.spec.ts:167:7 › Credit Cards - View & Edit › should edit credit card limit (2.2s)
  ✘  110 [firefox] › tests/e2e/credit-cards.spec.ts:22:7 › Credit Cards - List View › should display new credit card button (10.6s)
  ✘  112 [firefox] › tests/e2e/credit-cards.spec.ts:69:7 › Credit Cards - Create › should create premium credit card (10.6s)
  ✓  118 [firefox] › tests/e2e/credit-cards.spec.ts:211:7 › Credit Cards - Delete › should delete credit card (2.2s)
  ✘  113 [firefox] › tests/e2e/credit-cards.spec.ts:90:7 › Credit Cards - Create › should validate credit limit is positive (10.5s)
  ✘  121 [firefox] › tests/e2e/dashboard.spec.ts:20:7 › Dashboard - Core Functionality › should display all key metric cards (2.0s)
  ✓  119 [firefox] › tests/e2e/credit-cards.spec.ts:250:7 › Credit Cards - Dashboard Integration › should update credit utilization in dashboard (3.9s)
  ✘  116 [firefox] › tests/e2e/credit-cards.spec.ts:121:7 › Credit Cards - Create › should calculate utilization when balance exceeds limit (11.1s)
  ✓  124 [firefox] › tests/e2e/dashboard.spec.ts:62:7 › Dashboard - Core Functionality › should display credit utilization percentage (2.2s)
  ✘  122 [firefox] › tests/e2e/dashboard.spec.ts:32:7 › Dashboard - Core Functionality › should display net worth with correct color coding (3.2s)
  ✓  125 [firefox] › tests/e2e/dashboard.spec.ts:74:7 › Dashboard - Core Functionality › should display debt service ratio percentage (2.6s)
  ✓  127 [firefox] › tests/e2e/dashboard.spec.ts:104:7 › Dashboard - Assets & Liabilities › should display total assets in green (2.8s)
  ✘  120 [firefox] › tests/e2e/dashboard.spec.ts:15:7 › Dashboard - Core Functionality › should load dashboard successfully (11.3s)
  ✓  129 [firefox] › tests/e2e/dashboard.spec.ts:124:7 › Dashboard - Assets & Liabilities › should calculate net worth correctly (1.8s)
  ✓  131 [firefox] › tests/e2e/dashboard.spec.ts:153:7 › Dashboard - Portfolio Summary › should show account count (2.0s)
  ✘  123 [firefox] › tests/e2e/dashboard.spec.ts:49:7 › Dashboard - Core Functionality › should display savings rate with color coding (11.4s)
  ✘  126 [firefox] › tests/e2e/dashboard.spec.ts:93:7 › Dashboard - Assets & Liabilities › should display assets and liabilities breakdown (10.6s)
  ✓  132 [firefox] › tests/e2e/dashboard.spec.ts:166:7 › Dashboard - Portfolio Summary › should show credit card count (2.1s)
  ✓  134 [firefox] › tests/e2e/dashboard.spec.ts:193:7 › Dashboard - Portfolio Summary › should display liquidity ratio (2.5s)
  ✘  128 [firefox] › tests/e2e/dashboard.spec.ts:114:7 › Dashboard - Assets & Liabilities › should display total liabilities in red (10.9s)
  ✓  133 [firefox] › tests/e2e/dashboard.spec.ts:175:7 › Dashboard - Portfolio Summary › should show loan count (4.3s)
  ✓  136 [firefox] › tests/e2e/dashboard.spec.ts:212:7 › Dashboard - Upcoming Payments › should display upcoming payments section when payments exist (3.1s)
  ✓  137 [firefox] › tests/e2e/dashboard.spec.ts:243:7 › Dashboard - Upcoming Payments › should calculate total payment amount (3.5s)
  ✘  130 [firefox] › tests/e2e/dashboard.spec.ts:147:7 › Dashboard - Portfolio Summary › should display portfolio summary section (11.5s)
  ✓  140 [firefox] › tests/e2e/dashboard.spec.ts:272:7 › Dashboard - Navigation › should navigate to accounts page (5.0s)
  -  142 [firefox] › tests/e2e/dashboard.spec.ts:293:7 › Dashboard - Empty State › should handle dashboard with no financial data gracefully
  ✓  139 [firefox] › tests/e2e/dashboard.spec.ts:229:7 › Dashboard - Upcoming Payments › should show payment count in header (5.6s)
  ✘  135 [firefox] › tests/e2e/dashboard.spec.ts:184:7 › Dashboard - Portfolio Summary › should show investment count (13.3s)
  ✘  138 [firefox] › tests/e2e/dashboard.spec.ts:266:7 › Dashboard - Navigation › should have working navigation menu (11.2s)
  ✓  144 [firefox] › tests/e2e/data-integrity.spec.ts:26:7 › Data Integrity - Concurrent Operations › should handle browser back button (8.4s)
  ✓  145 [firefox] › tests/e2e/data-integrity.spec.ts:43:7 › Data Integrity - Concurrent Operations › should handle browser refresh on form page (4.8s)
  ✓  143 [firefox] › tests/e2e/data-integrity.spec.ts:10:7 › Data Integrity - Concurrent Operations › should handle rapid navigation without errors (10.3s)
  ✘  146 [firefox] › tests/e2e/data-integrity.spec.ts:61:7 › Data Integrity - Form Validation › should prevent duplicate submissions (4.6s)
  ✘  147 [firefox] › tests/e2e/data-integrity.spec.ts:88:7 › Data Integrity - Form Validation › should sanitize HTML in input fields (3.2s)
  ✘  141 [firefox] › tests/e2e/dashboard.spec.ts:282:7 › Dashboard - Navigation › should navigate to transactions page (12.4s)
  ✓  148 [firefox] › tests/e2e/data-integrity.spec.ts:111:7 › Data Integrity - Form Validation › should handle SQL injection in search/filter (3.1s)
  ✓  149 [firefox] › tests/e2e/data-integrity.spec.ts:133:7 › Data Integrity - Large Datasets › should handle accounts list with pagination (3.1s)
  ✓  151 [firefox] › tests/e2e/data-integrity.spec.ts:207:7 › Data Integrity - Cross-Module Consistency › should maintain consistent totals across pages (4.8s)
  ✘  152 [firefox] › tests/e2e/data-integrity.spec.ts:227:7 › Data Integrity - Cross-Module Consistency › should update dashboard metrics when creating account (4.1s)
  ✘  153 [firefox] › tests/e2e/data-integrity.spec.ts:189:7 › Data Integrity - Network Resilience › should handle slow network (4.7s)
  ✘  156 [firefox] › tests/e2e/data-integrity.spec.ts:273:7 › Edge Cases - Boundary Values › should handle decimal precision (3.5s)
  ✓  157 [firefox] › tests/e2e/data-integrity.spec.ts:287:7 › Edge Cases - Boundary Values › should handle special date scenarios (3.3s)
  ✘  150 [firefox] › tests/e2e/data-integrity.spec.ts:152:7 › Data Integrity - Large Datasets › should load transactions page efficiently (11.9s)
  ✘  160 [firefox] › tests/e2e/profile-test.spec.ts:8:7 › Profile Test - Supabase Session › should access Finance Tracker with existing Supabase session (471ms)
  ✘  154 [firefox] › tests/e2e/data-integrity.spec.ts:167:7 › Data Integrity - Network Resilience › should handle offline gracefully (11.8s)
  ✓  158 [firefox] › tests/e2e/data-integrity.spec.ts:299:7 › Performance Benchmarks › dashboard should load within 3 seconds (3.7s)
  ✘  159 [firefox] › tests/e2e/data-integrity.spec.ts:312:7 › Performance Benchmarks › form submission should be responsive (3.5s)
  ✘  155 [firefox] › tests/e2e/data-integrity.spec.ts:257:7 › Edge Cases - Boundary Values › should handle maximum integer values (10.8s)
  ✓  161 [webkit] › tests/e2e/accounts.spec.ts:17:7 › Accounts - List View › should load accounts page (5.5s)
  ✓  162 [webkit] › tests/e2e/accounts.spec.ts:22:7 › Accounts - List View › should display page title and new account button (4.6s)
  ✘  163 [webkit] › tests/e2e/accounts.spec.ts:61:7 › Accounts - Create › should create checking account successfully (4.6s)
  ✘  165 [webkit] › tests/e2e/accounts.spec.ts:40:7 › Accounts - Create › should create savings account successfully (4.2s)
  ✘  169 [webkit] › tests/e2e/accounts.spec.ts:132:7 › Accounts - Create › should sanitize special characters in name (3.7s)
  ✘  168 [webkit] › tests/e2e/accounts.spec.ts:118:7 › Accounts - Create › should validate required fields (5.5s)
  ✘  164 [webkit] › tests/e2e/accounts.spec.ts:77:7 › Accounts - Create › should handle negative balance (12.0s)
  ✘  170 [webkit] › tests/e2e/accounts.spec.ts:153:7 › Accounts - Edit › should edit account successfully (2.8s)
  ✘  166 [webkit] › tests/e2e/accounts.spec.ts:92:7 › Accounts - Create › should handle zero balance (11.7s)
  ✘  167 [webkit] › tests/e2e/accounts.spec.ts:105:7 › Accounts - Create › should handle large balance amounts (11.5s)
  ✓  171 [webkit] › tests/e2e/accounts.spec.ts:200:7 › Accounts - View Details › should view account details (4.4s)
  ✘  172 [webkit] › tests/e2e/accounts.spec.ts:225:7 › Accounts - Delete › should delete account successfully (4.2s)
  ✓  174 [webkit] › tests/e2e/auth.spec.ts:16:7 › Authentication Flow › should display login page correctly (1.4s)
  ✓  177 [webkit] › tests/e2e/auth.spec.ts:66:7 › Authentication Flow › should validate email format (1.2s)
  ✓  176 [webkit] › tests/e2e/auth.spec.ts:42:7 › Authentication Flow › should show error with invalid email (3.3s)
  ✘  173 [webkit] › tests/e2e/accounts.spec.ts:267:7 › Accounts - Data Integrity › should reflect account changes in dashboard (4.6s)
  ✓  179 [webkit] › tests/e2e/auth.spec.ts:56:7 › Authentication Flow › should validate required fields (1.4s)
  ✓  181 [webkit] › tests/e2e/auth.spec.ts:122:7 › Protected Routes › should redirect to login when accessing dashboard without auth (594ms)
  ✓  182 [webkit] › tests/e2e/auth.spec.ts:133:7 › Protected Routes › should redirect to login when accessing accounts without auth (694ms)
  ✓  178 [webkit] › tests/e2e/auth.spec.ts:78:7 › Session Management › should maintain session across page navigation (4.1s)
  ✓  184 [webkit] › tests/e2e/auth.spec.ts:139:7 › Protected Routes › should redirect to login when accessing transactions without auth (915ms)
  ✓  186 [webkit] › tests/e2e/auth.spec.ts:158:7 › Security Tests › should prevent XSS in login form (1.8s)
  ✓  187 [webkit] › tests/e2e/auth.spec.ts:177:7 › Security Tests › should handle SQL injection attempts safely (2.7s)
  ✘  175 [webkit] › tests/e2e/auth.spec.ts:26:7 › Authentication Flow › should login with valid credentials (11.5s)
  ✓  188 [webkit] › tests/e2e/auth.spec.ts:191:7 › Security Tests › should have secure password field (380ms)
  ✘  180 [webkit] › tests/e2e/auth.spec.ts:93:7 › Session Management › should handle browser refresh (11.1s)
  ✓  189 [webkit] › tests/e2e/credit-cards.spec.ts:22:7 › Credit Cards - List View › should display new credit card button (2.6s)
  ✘  185 [webkit] › tests/e2e/auth.spec.ts:145:7 › Protected Routes › should redirect authenticated user from login to dashboard (8.2s)
  ✓  190 [webkit] › tests/e2e/credit-cards.spec.ts:17:7 › Credit Cards - List View › should load credit cards page (3.7s)
  ✓  191 [webkit] › tests/e2e/credit-cards.spec.ts:69:7 › Credit Cards - Create › should create premium credit card (2.9s)
  ✓  192 [webkit] › tests/e2e/credit-cards.spec.ts:39:7 › Credit Cards - Create › should create credit card with all required fields (4.2s)
  ✓  194 [webkit] › tests/e2e/credit-cards.spec.ts:106:7 › Credit Cards - Create › should validate billing date is between 1-31 (3.8s)
  -  183 [webkit] › tests/e2e/auth.spec.ts:104:7 › Session Management › should logout successfully
  ✓  198 [webkit] › tests/e2e/credit-cards.spec.ts:211:7 › Credit Cards - Delete › should delete credit card (2.9s)
  ✓  196 [webkit] › tests/e2e/credit-cards.spec.ts:143:7 › Credit Cards - View & Edit › should view credit card details (4.1s)
  ✓  200 [webkit] › tests/e2e/dashboard.spec.ts:15:7 › Dashboard - Core Functionality › should load dashboard successfully (5.1s)
  ✓  199 [webkit] › tests/e2e/credit-cards.spec.ts:250:7 › Credit Cards - Dashboard Integration › should update credit utilization in dashboard (6.5s)
  ✘  195 [webkit] › tests/e2e/credit-cards.spec.ts:121:7 › Credit Cards - Create › should calculate utilization when balance exceeds limit (12.8s)
  ✘  193 [webkit] › tests/e2e/credit-cards.spec.ts:90:7 › Credit Cards - Create › should validate credit limit is positive (13.5s)
  ✘  197 [webkit] › tests/e2e/credit-cards.spec.ts:167:7 › Credit Cards - View & Edit › should edit credit card limit (11.2s)
  ✘  201 [webkit] › tests/e2e/dashboard.spec.ts:20:7 › Dashboard - Core Functionality › should display all key metric cards (3.2s)
  ✘  202 [webkit] › tests/e2e/dashboard.spec.ts:32:7 › Dashboard - Core Functionality › should display net worth with correct color coding (2.7s)
  ✓  203 [webkit] › tests/e2e/dashboard.spec.ts:62:7 › Dashboard - Core Functionality › should display credit utilization percentage (4.7s)
  ✓  204 [webkit] › tests/e2e/dashboard.spec.ts:49:7 › Dashboard - Core Functionality › should display savings rate with color coding (5.7s)
  ✓  205 [webkit] › tests/e2e/dashboard.spec.ts:74:7 › Dashboard - Core Functionality › should display debt service ratio percentage (5.7s)
  ✓  206 [webkit] › tests/e2e/dashboard.spec.ts:93:7 › Dashboard - Assets & Liabilities › should display assets and liabilities breakdown (5.4s)
  ✓  208 [webkit] › tests/e2e/dashboard.spec.ts:114:7 › Dashboard - Assets & Liabilities › should display total liabilities in red (4.2s)
  ✓  210 [webkit] › tests/e2e/dashboard.spec.ts:147:7 › Dashboard - Portfolio Summary › should display portfolio summary section (3.3s)
  ✓  213 [webkit] › tests/e2e/dashboard.spec.ts:175:7 › Dashboard - Portfolio Summary › should show loan count (2.8s)
  ✘  207 [webkit] › tests/e2e/dashboard.spec.ts:104:7 › Dashboard - Assets & Liabilities › should display total assets in green (12.7s)
  ✘  209 [webkit] › tests/e2e/dashboard.spec.ts:124:7 › Dashboard - Assets & Liabilities › should calculate net worth correctly (12.0s)
  ✘  211 [webkit] › tests/e2e/dashboard.spec.ts:153:7 › Dashboard - Portfolio Summary › should show account count (11.8s)
  ✘  212 [webkit] › tests/e2e/dashboard.spec.ts:166:7 › Dashboard - Portfolio Summary › should show credit card count (11.1s)
  ✓  215 [webkit] › tests/e2e/dashboard.spec.ts:193:7 › Dashboard - Portfolio Summary › should display liquidity ratio (3.0s)
  ✓  216 [webkit] › tests/e2e/dashboard.spec.ts:212:7 › Dashboard - Upcoming Payments › should display upcoming payments section when payments exist (4.1s)
  ✓  217 [webkit] › tests/e2e/dashboard.spec.ts:266:7 › Dashboard - Navigation › should have working navigation menu (4.2s)
  ✘  214 [webkit] › tests/e2e/dashboard.spec.ts:184:7 › Dashboard - Portfolio Summary › should show investment count (11.9s)
  ✓  218 [webkit] › tests/e2e/dashboard.spec.ts:229:7 › Dashboard - Upcoming Payments › should show payment count in header (4.5s)
  ✓  219 [webkit] › tests/e2e/dashboard.spec.ts:243:7 › Dashboard - Upcoming Payments › should calculate total payment amount (4.4s)
  ✓  220 [webkit] › tests/e2e/dashboard.spec.ts:272:7 › Dashboard - Navigation › should navigate to accounts page (4.5s)
  -  223 [webkit] › tests/e2e/dashboard.spec.ts:293:7 › Dashboard - Empty State › should handle dashboard with no financial data gracefully
  ✓  224 [webkit] › tests/e2e/data-integrity.spec.ts:26:7 › Data Integrity - Concurrent Operations › should handle browser back button (7.1s)
  ✘  221 [webkit] › tests/e2e/dashboard.spec.ts:282:7 › Dashboard - Navigation › should navigate to transactions page (11.4s)
  ✓  222 [webkit] › tests/e2e/data-integrity.spec.ts:10:7 › Data Integrity - Concurrent Operations › should handle rapid navigation without errors (10.4s)
  ✘  227 [webkit] › tests/e2e/data-integrity.spec.ts:88:7 › Data Integrity - Form Validation › should sanitize HTML in input fields (3.9s)
  ✘  225 [webkit] › tests/e2e/data-integrity.spec.ts:43:7 › Data Integrity - Concurrent Operations › should handle browser refresh on form page (11.6s)
  ✘  226 [webkit] › tests/e2e/data-integrity.spec.ts:61:7 › Data Integrity - Form Validation › should prevent duplicate submissions (11.6s)
  ✓  228 [webkit] › tests/e2e/data-integrity.spec.ts:133:7 › Data Integrity - Large Datasets › should handle accounts list with pagination (4.1s)
  ✓  229 [webkit] › tests/e2e/data-integrity.spec.ts:111:7 › Data Integrity - Form Validation › should handle SQL injection in search/filter (6.0s)
  ✓  231 [webkit] › tests/e2e/data-integrity.spec.ts:152:7 › Data Integrity - Large Datasets › should load transactions page efficiently (6.0s)
  ✓  232 [webkit] › tests/e2e/data-integrity.spec.ts:167:7 › Data Integrity - Network Resilience › should handle offline gracefully (5.9s)
  ✓  230 [webkit] › tests/e2e/data-integrity.spec.ts:207:7 › Data Integrity - Cross-Module Consistency › should maintain consistent totals across pages (7.4s)
  ✘  233 [webkit] › tests/e2e/data-integrity.spec.ts:189:7 › Data Integrity - Network Resilience › should handle slow network (6.2s)
  ✘  234 [webkit] › tests/e2e/data-integrity.spec.ts:227:7 › Data Integrity - Cross-Module Consistency › should update dashboard metrics when creating account (4.9s)
  ✘  235 [webkit] › tests/e2e/data-integrity.spec.ts:257:7 › Edge Cases - Boundary Values › should handle maximum integer values (3.8s)
  ✓  237 [webkit] › tests/e2e/data-integrity.spec.ts:287:7 › Edge Cases - Boundary Values › should handle special date scenarios (3.4s)
  ✘  240 [webkit] › tests/e2e/profile-test.spec.ts:8:7 › Profile Test - Supabase Session › should access Finance Tracker with existing Supabase session (610ms)
  ✓  238 [webkit] › tests/e2e/data-integrity.spec.ts:299:7 › Performance Benchmarks › dashboard should load within 3 seconds (4.0s)
  ✘  239 [webkit] › tests/e2e/data-integrity.spec.ts:312:7 › Performance Benchmarks › form submission should be responsive (3.7s)
  ✓  241 [Mobile Chrome] › tests/e2e/accounts.spec.ts:17:7 › Accounts - List View › should load accounts page (3.3s)
  ✘  244 [Mobile Chrome] › tests/e2e/accounts.spec.ts:61:7 › Accounts - Create › should create checking account successfully (2.5s)
  ✘  236 [webkit] › tests/e2e/data-integrity.spec.ts:273:7 › Edge Cases - Boundary Values › should handle decimal precision (11.5s)
  ✘  246 [Mobile Chrome] › tests/e2e/accounts.spec.ts:92:7 › Accounts - Create › should handle zero balance (3.0s)
  ✘  247 [Mobile Chrome] › tests/e2e/accounts.spec.ts:105:7 › Accounts - Create › should handle large balance amounts (2.8s)
  ✘  242 [Mobile Chrome] › tests/e2e/accounts.spec.ts:22:7 › Accounts - List View › should display page title and new account button (11.1s)
  ✘  243 [Mobile Chrome] › tests/e2e/accounts.spec.ts:40:7 › Accounts - Create › should create savings account successfully (11.5s)
  ✘  245 [Mobile Chrome] › tests/e2e/accounts.spec.ts:77:7 › Accounts - Create › should handle negative balance (11.2s)
  ✘  249 [Mobile Chrome] › tests/e2e/accounts.spec.ts:132:7 › Accounts - Create › should sanitize special characters in name (4.1s)
  ✘  248 [Mobile Chrome] › tests/e2e/accounts.spec.ts:118:7 › Accounts - Create › should validate required fields (5.6s)
  ✓  251 [Mobile Chrome] › tests/e2e/accounts.spec.ts:200:7 › Accounts - View Details › should view account details (3.4s)
  ✘  252 [Mobile Chrome] › tests/e2e/accounts.spec.ts:225:7 › Accounts - Delete › should delete account successfully (2.9s)
  ✓  254 [Mobile Chrome] › tests/e2e/auth.spec.ts:16:7 › Authentication Flow › should display login page correctly (511ms)
  ✓  256 [Mobile Chrome] › tests/e2e/auth.spec.ts:56:7 › Authentication Flow › should validate required fields (454ms)
  ✓  257 [Mobile Chrome] › tests/e2e/auth.spec.ts:66:7 › Authentication Flow › should validate email format (516ms)
  ✓  255 [Mobile Chrome] › tests/e2e/auth.spec.ts:26:7 › Authentication Flow › should login with valid credentials (2.1s)
  ✓  258 [Mobile Chrome] › tests/e2e/auth.spec.ts:42:7 › Authentication Flow › should show error with invalid email (2.6s)
  ✘  250 [Mobile Chrome] › tests/e2e/accounts.spec.ts:153:7 › Accounts - Edit › should edit account successfully (10.8s)
  ✓  262 [Mobile Chrome] › tests/e2e/auth.spec.ts:122:7 › Protected Routes › should redirect to login when accessing dashboard without auth (291ms)
  ✓  263 [Mobile Chrome] › tests/e2e/auth.spec.ts:133:7 › Protected Routes › should redirect to login when accessing accounts without auth (221ms)
  ✓  264 [Mobile Chrome] › tests/e2e/auth.spec.ts:139:7 › Protected Routes › should redirect to login when accessing transactions without auth (233ms)
  ✘  253 [Mobile Chrome] › tests/e2e/accounts.spec.ts:267:7 › Accounts - Data Integrity › should reflect account changes in dashboard (10.8s)
  ✓  265 [Mobile Chrome] › tests/e2e/auth.spec.ts:145:7 › Protected Routes › should redirect authenticated user from login to dashboard (2.7s)
  ✓  266 [Mobile Chrome] › tests/e2e/auth.spec.ts:158:7 › Security Tests › should prevent XSS in login form (1.3s)
  ✓  268 [Mobile Chrome] › tests/e2e/auth.spec.ts:191:7 › Security Tests › should have secure password field (238ms)
  ✘  259 [Mobile Chrome] › tests/e2e/auth.spec.ts:78:7 › Session Management › should maintain session across page navigation (10.7s)
  ✘  260 [Mobile Chrome] › tests/e2e/auth.spec.ts:93:7 › Session Management › should handle browser refresh (10.6s)
  ✓  267 [Mobile Chrome] › tests/e2e/auth.spec.ts:177:7 › Security Tests › should handle SQL injection attempts safely (2.3s)
  ✓  269 [Mobile Chrome] › tests/e2e/credit-cards.spec.ts:17:7 › Credit Cards - List View › should load credit cards page (2.7s)
  ✓  271 [Mobile Chrome] › tests/e2e/credit-cards.spec.ts:69:7 › Credit Cards - Create › should create premium credit card (2.8s)
  ✓  270 [Mobile Chrome] › tests/e2e/credit-cards.spec.ts:22:7 › Credit Cards - List View › should display new credit card button (3.3s)
  ✓  272 [Mobile Chrome] › tests/e2e/credit-cards.spec.ts:39:7 › Credit Cards - Create › should create credit card with all required fields (2.7s)
  -  261 [Mobile Chrome] › tests/e2e/auth.spec.ts:104:7 › Session Management › should logout successfully
  ✓  274 [Mobile Chrome] › tests/e2e/credit-cards.spec.ts:106:7 › Credit Cards - Create › should validate billing date is between 1-31 (2.7s)
  ✓  275 [Mobile Chrome] › tests/e2e/credit-cards.spec.ts:121:7 › Credit Cards - Create › should calculate utilization when balance exceeds limit (2.6s)
  ✓  278 [Mobile Chrome] › tests/e2e/credit-cards.spec.ts:211:7 › Credit Cards - Delete › should delete credit card (2.0s)
  ✘  273 [Mobile Chrome] › tests/e2e/credit-cards.spec.ts:90:7 › Credit Cards - Create › should validate credit limit is positive (10.8s)
  ✘  281 [Mobile Chrome] › tests/e2e/dashboard.spec.ts:20:7 › Dashboard - Core Functionality › should display all key metric cards (1.9s)
  ✘  276 [Mobile Chrome] › tests/e2e/credit-cards.spec.ts:143:7 › Credit Cards - View & Edit › should view credit card details (11.0s)
  ✘  277 [Mobile Chrome] › tests/e2e/credit-cards.spec.ts:167:7 › Credit Cards - View & Edit › should edit credit card limit (11.0s)
  ✘  279 [Mobile Chrome] › tests/e2e/credit-cards.spec.ts:250:7 › Credit Cards - Dashboard Integration › should update credit utilization in dashboard (10.6s)
  ✘  282 [Mobile Chrome] › tests/e2e/dashboard.spec.ts:32:7 › Dashboard - Core Functionality › should display net worth with correct color coding (1.7s)
  ✓  283 [Mobile Chrome] › tests/e2e/dashboard.spec.ts:62:7 › Dashboard - Core Functionality › should display credit utilization percentage (1.7s)
  ✓  284 [Mobile Chrome] › tests/e2e/dashboard.spec.ts:49:7 › Dashboard - Core Functionality › should display savings rate with color coding (2.0s)
  ✘  280 [Mobile Chrome] › tests/e2e/dashboard.spec.ts:15:7 › Dashboard - Core Functionality › should load dashboard successfully (10.5s)
  ✓  285 [Mobile Chrome] › tests/e2e/dashboard.spec.ts:104:7 › Dashboard - Assets & Liabilities › should display total assets in green (1.7s)
  ✓  286 [Mobile Chrome] › tests/e2e/dashboard.spec.ts:74:7 › Dashboard - Core Functionality › should display debt service ratio percentage (1.9s)
  ✓  291 [Mobile Chrome] › tests/e2e/dashboard.spec.ts:153:7 › Dashboard - Portfolio Summary › should show account count (2.3s)
  ✓  292 [Mobile Chrome] › tests/e2e/dashboard.spec.ts:166:7 › Dashboard - Portfolio Summary › should show credit card count (1.7s)
  ✘  287 [Mobile Chrome] › tests/e2e/dashboard.spec.ts:114:7 › Dashboard - Assets & Liabilities › should display total liabilities in red (10.5s)
  ✘  288 [Mobile Chrome] › tests/e2e/dashboard.spec.ts:93:7 › Dashboard - Assets & Liabilities › should display assets and liabilities breakdown (10.6s)
  ✘  290 [Mobile Chrome] › tests/e2e/dashboard.spec.ts:147:7 › Dashboard - Portfolio Summary › should display portfolio summary section (10.6s)
  ✘  289 [Mobile Chrome] › tests/e2e/dashboard.spec.ts:124:7 › Dashboard - Assets & Liabilities › should calculate net worth correctly (11.2s)
  ✓  294 [Mobile Chrome] › tests/e2e/dashboard.spec.ts:184:7 › Dashboard - Portfolio Summary › should show investment count (2.7s)
  ✓  295 [Mobile Chrome] › tests/e2e/dashboard.spec.ts:193:7 › Dashboard - Portfolio Summary › should display liquidity ratio (3.5s)
  ✘  293 [Mobile Chrome] › tests/e2e/dashboard.spec.ts:175:7 › Dashboard - Portfolio Summary › should show loan count (10.9s)
  ✓  296 [Mobile Chrome] › tests/e2e/dashboard.spec.ts:243:7 › Dashboard - Upcoming Payments › should calculate total payment amount (4.5s)
  ✓  297 [Mobile Chrome] › tests/e2e/dashboard.spec.ts:212:7 › Dashboard - Upcoming Payments › should display upcoming payments section when payments exist (3.1s)
  ✓  298 [Mobile Chrome] › tests/e2e/dashboard.spec.ts:266:7 › Dashboard - Navigation › should have working navigation menu (3.0s)
  -  301 [Mobile Chrome] › tests/e2e/dashboard.spec.ts:293:7 › Dashboard - Empty State › should handle dashboard with no financial data gracefully
  ✓  299 [Mobile Chrome] › tests/e2e/dashboard.spec.ts:229:7 › Dashboard - Upcoming Payments › should show payment count in header (2.9s)
  ✓  300 [Mobile Chrome] › tests/e2e/dashboard.spec.ts:282:7 › Dashboard - Navigation › should navigate to transactions page (4.7s)
  ✓  305 [Mobile Chrome] › tests/e2e/data-integrity.spec.ts:43:7 › Data Integrity - Concurrent Operations › should handle browser refresh on form page (4.5s)
  ✘  306 [Mobile Chrome] › tests/e2e/data-integrity.spec.ts:61:7 › Data Integrity - Form Validation › should prevent duplicate submissions (4.8s)
  ✘  307 [Mobile Chrome] › tests/e2e/data-integrity.spec.ts:88:7 › Data Integrity - Form Validation › should sanitize HTML in input fields (4.3s)
  ✘  302 [Mobile Chrome] › tests/e2e/data-integrity.spec.ts:10:7 › Data Integrity - Concurrent Operations › should handle rapid navigation without errors (11.5s)
  ✘  303 [Mobile Chrome] › tests/e2e/data-integrity.spec.ts:26:7 › Data Integrity - Concurrent Operations › should handle browser back button (11.5s)
  ✘  304 [Mobile Chrome] › tests/e2e/dashboard.spec.ts:272:7 › Dashboard - Navigation › should navigate to accounts page (12.9s)
  ✓  308 [Mobile Chrome] › tests/e2e/data-integrity.spec.ts:111:7 › Data Integrity - Form Validation › should handle SQL injection in search/filter (10.3s)
  ✓  309 [Mobile Chrome] › tests/e2e/data-integrity.spec.ts:133:7 › Data Integrity - Large Datasets › should handle accounts list with pagination (10.3s)
  ✘  312 [Mobile Chrome] › tests/e2e/data-integrity.spec.ts:207:7 › Data Integrity - Cross-Module Consistency › should maintain consistent totals across pages (15.5s)
  ✘  313 [Mobile Chrome] › tests/e2e/data-integrity.spec.ts:227:7 › Data Integrity - Cross-Module Consistency › should update dashboard metrics when creating account (15.7s)
  ✘  314 [Mobile Chrome] › tests/e2e/data-integrity.spec.ts:189:7 › Data Integrity - Network Resilience › should handle slow network (13.1s)
  ✓  311 [Mobile Chrome] › tests/e2e/data-integrity.spec.ts:167:7 › Data Integrity - Network Resilience › should handle offline gracefully (22.4s)
  ✘  310 [Mobile Chrome] › tests/e2e/data-integrity.spec.ts:152:7 › Data Integrity - Large Datasets › should load transactions page efficiently (22.1s)
  ✓  315 [Mobile Chrome] › tests/e2e/data-integrity.spec.ts:299:7 › Performance Benchmarks › dashboard should load within 3 seconds (4.6s)
  ✘  320 [Mobile Chrome] › tests/e2e/profile-test.spec.ts:8:7 › Profile Test - Supabase Session › should access Finance Tracker with existing Supabase session (207ms)
  ✘  316 [Mobile Chrome] › tests/e2e/data-integrity.spec.ts:273:7 › Edge Cases - Boundary Values › should handle decimal precision (13.3s)
  ✘  319 [Mobile Chrome] › tests/e2e/data-integrity.spec.ts:312:7 › Performance Benchmarks › form submission should be responsive (12.9s)
  ✘  317 [Mobile Chrome] › tests/e2e/data-integrity.spec.ts:257:7 › Edge Cases - Boundary Values › should handle maximum integer values (13.4s)
  ✘  318 [Mobile Chrome] › tests/e2e/data-integrity.spec.ts:287:7 › Edge Cases - Boundary Values › should handle special date scenarios (13.2s)
  ✓  321 [Mobile Safari] › tests/e2e/accounts.spec.ts:17:7 › Accounts - List View › should load accounts page (14.9s)
  ✘  325 [Mobile Safari] › tests/e2e/accounts.spec.ts:77:7 › Accounts - Create › should handle negative balance (15.1s)
  ✘  323 [Mobile Safari] › tests/e2e/accounts.spec.ts:40:7 › Accounts - Create › should create savings account successfully (15.3s)
  ✓  322 [Mobile Safari] › tests/e2e/accounts.spec.ts:22:7 › Accounts - List View › should display page title and new account button (15.9s)
  ✘  324 [Mobile Safari] › tests/e2e/accounts.spec.ts:61:7 › Accounts - Create › should create checking account successfully (16.2s)
  ✘  327 [Mobile Safari] › tests/e2e/accounts.spec.ts:132:7 › Accounts - Create › should sanitize special characters in name (5.5s)
  ✘  328 [Mobile Safari] › tests/e2e/accounts.spec.ts:105:7 › Accounts - Create › should handle large balance amounts (7.2s)
  ✘  330 [Mobile Safari] › tests/e2e/accounts.spec.ts:153:7 › Accounts - Edit › should edit account successfully (6.7s)
  ✘  326 [Mobile Safari] › tests/e2e/accounts.spec.ts:92:7 › Accounts - Create › should handle zero balance (12.8s)
  ✘  329 [Mobile Safari] › tests/e2e/accounts.spec.ts:118:7 › Accounts - Create › should validate required fields (9.2s)
  ✓  334 [Mobile Safari] › tests/e2e/auth.spec.ts:16:7 › Authentication Flow › should display login page correctly (2.8s)
  ✓  331 [Mobile Safari] › tests/e2e/accounts.spec.ts:200:7 › Accounts - View Details › should view account details (7.1s)
  ✓  336 [Mobile Safari] › tests/e2e/auth.spec.ts:56:7 › Authentication Flow › should validate required fields (3.4s)
  ✘  333 [Mobile Safari] › tests/e2e/accounts.spec.ts:267:7 › Accounts - Data Integrity › should reflect account changes in dashboard (8.7s)
  ✓  338 [Mobile Safari] › tests/e2e/auth.spec.ts:66:7 › Authentication Flow › should validate email format (1.5s)
  ✓  335 [Mobile Safari] › tests/e2e/auth.spec.ts:42:7 › Authentication Flow › should show error with invalid email (5.5s)
  ✘  332 [Mobile Safari] › tests/e2e/accounts.spec.ts:225:7 › Accounts - Delete › should delete account successfully (9.0s)
  ✓  337 [Mobile Safari] › tests/e2e/auth.spec.ts:26:7 › Authentication Flow › should login with valid credentials (5.4s)
  ✓  341 [Mobile Safari] › tests/e2e/auth.spec.ts:133:7 › Protected Routes › should redirect to login when accessing accounts without auth (1.5s)
  ✓  343 [Mobile Safari] › tests/e2e/auth.spec.ts:122:7 › Protected Routes › should redirect to login when accessing dashboard without auth (1.4s)
  ✓  344 [Mobile Safari] › tests/e2e/auth.spec.ts:139:7 › Protected Routes › should redirect to login when accessing transactions without auth (1.0s)
  ✓  346 [Mobile Safari] › tests/e2e/auth.spec.ts:158:7 › Security Tests › should prevent XSS in login form (1.8s)
  ✓  342 [Mobile Safari] › tests/e2e/auth.spec.ts:78:7 › Session Management › should maintain session across page navigation (6.4s)
  ✓  347 [Mobile Safari] › tests/e2e/auth.spec.ts:177:7 › Security Tests › should handle SQL injection attempts safely (2.8s)
  ✓  345 [Mobile Safari] › tests/e2e/auth.spec.ts:145:7 › Protected Routes › should redirect authenticated user from login to dashboard (5.0s)
  ✓  348 [Mobile Safari] › tests/e2e/auth.spec.ts:191:7 › Security Tests › should have secure password field (789ms)
  ✘  339 [Mobile Safari] › tests/e2e/auth.spec.ts:93:7 › Session Management › should handle browser refresh (12.0s)
  ✓  349 [Mobile Safari] › tests/e2e/credit-cards.spec.ts:17:7 › Credit Cards - List View › should load credit cards page (4.5s)
  ✓  350 [Mobile Safari] › tests/e2e/credit-cards.spec.ts:22:7 › Credit Cards - List View › should display new credit card button (5.0s)
  ✓  351 [Mobile Safari] › tests/e2e/credit-cards.spec.ts:39:7 › Credit Cards - Create › should create credit card with all required fields (4.9s)
  -  340 [Mobile Safari] › tests/e2e/auth.spec.ts:104:7 › Session Management › should logout successfully
  ✓  352 [Mobile Safari] › tests/e2e/credit-cards.spec.ts:90:7 › Credit Cards - Create › should validate credit limit is positive (6.1s)
  ✓  353 [Mobile Safari] › tests/e2e/credit-cards.spec.ts:106:7 › Credit Cards - Create › should validate billing date is between 1-31 (5.7s)
  ✓  355 [Mobile Safari] › tests/e2e/credit-cards.spec.ts:121:7 › Credit Cards - Create › should calculate utilization when balance exceeds limit (5.5s)
  ✓  354 [Mobile Safari] › tests/e2e/credit-cards.spec.ts:69:7 › Credit Cards - Create › should create premium credit card (5.9s)
  ✓  356 [Mobile Safari] › tests/e2e/credit-cards.spec.ts:143:7 › Credit Cards - View & Edit › should view credit card details (8.4s)
  ✓  360 [Mobile Safari] › tests/e2e/dashboard.spec.ts:15:7 › Dashboard - Core Functionality › should load dashboard successfully (4.2s)
  ✓  358 [Mobile Safari] › tests/e2e/credit-cards.spec.ts:211:7 › Credit Cards - Delete › should delete credit card (5.3s)
  ✓  357 [Mobile Safari] › tests/e2e/credit-cards.spec.ts:167:7 › Credit Cards - View & Edit › should edit credit card limit (5.7s)
  ✓  359 [Mobile Safari] › tests/e2e/credit-cards.spec.ts:250:7 › Credit Cards - Dashboard Integration › should update credit utilization in dashboard (6.0s)
  ✘  361 [Mobile Safari] › tests/e2e/dashboard.spec.ts:20:7 › Dashboard - Core Functionality › should display all key metric cards (5.2s)
  ✓  363 [Mobile Safari] › tests/e2e/dashboard.spec.ts:49:7 › Dashboard - Core Functionality › should display savings rate with color coding (6.8s)
  ✓  364 [Mobile Safari] › tests/e2e/dashboard.spec.ts:62:7 › Dashboard - Core Functionality › should display credit utilization percentage (6.8s)
  ✘  362 [Mobile Safari] › tests/e2e/dashboard.spec.ts:32:7 › Dashboard - Core Functionality › should display net worth with correct color coding (7.2s)
  ✓  365 [Mobile Safari] › tests/e2e/dashboard.spec.ts:74:7 › Dashboard - Core Functionality › should display debt service ratio percentage (7.2s)
  ✓  367 [Mobile Safari] › tests/e2e/dashboard.spec.ts:114:7 › Dashboard - Assets & Liabilities › should display total liabilities in red (4.7s)
  ✓  368 [Mobile Safari] › tests/e2e/dashboard.spec.ts:147:7 › Dashboard - Portfolio Summary › should display portfolio summary section (4.5s)
  ✓  369 [Mobile Safari] › tests/e2e/dashboard.spec.ts:93:7 › Dashboard - Assets & Liabilities › should display assets and liabilities breakdown (4.7s)
  ✓  371 [Mobile Safari] › tests/e2e/dashboard.spec.ts:153:7 › Dashboard - Portfolio Summary › should show account count (2.7s)
  ✓  370 [Mobile Safari] › tests/e2e/dashboard.spec.ts:124:7 › Dashboard - Assets & Liabilities › should calculate net worth correctly (3.1s)
  ✓  372 [Mobile Safari] › tests/e2e/dashboard.spec.ts:166:7 › Dashboard - Portfolio Summary › should show credit card count (2.8s)
  ✓  375 [Mobile Safari] › tests/e2e/dashboard.spec.ts:193:7 › Dashboard - Portfolio Summary › should display liquidity ratio (2.5s)
  ✓  374 [Mobile Safari] › tests/e2e/dashboard.spec.ts:184:7 › Dashboard - Portfolio Summary › should show investment count (3.1s)
  ✓  373 [Mobile Safari] › tests/e2e/dashboard.spec.ts:175:7 › Dashboard - Portfolio Summary › should show loan count (3.4s)
  ✓  376 [Mobile Safari] › tests/e2e/dashboard.spec.ts:212:7 › Dashboard - Upcoming Payments › should display upcoming payments section when payments exist (2.6s)
  ✘  366 [Mobile Safari] › tests/e2e/dashboard.spec.ts:104:7 › Dashboard - Assets & Liabilities › should display total assets in green (11.8s)
  ✓  377 [Mobile Safari] › tests/e2e/dashboard.spec.ts:229:7 › Dashboard - Upcoming Payments › should show payment count in header (2.4s)
  -  382 [Mobile Safari] › tests/e2e/dashboard.spec.ts:293:7 › Dashboard - Empty State › should handle dashboard with no financial data gracefully
  ✓  379 [Mobile Safari] › tests/e2e/dashboard.spec.ts:266:7 › Dashboard - Navigation › should have working navigation menu (2.9s)
  ✓  380 [Mobile Safari] › tests/e2e/dashboard.spec.ts:272:7 › Dashboard - Navigation › should navigate to accounts page (3.3s)
  ✓  381 [Mobile Safari] › tests/e2e/dashboard.spec.ts:282:7 › Dashboard - Navigation › should navigate to transactions page (3.7s)
  ✓  385 [Mobile Safari] › tests/e2e/data-integrity.spec.ts:43:7 › Data Integrity - Concurrent Operations › should handle browser refresh on form page (3.9s)
  ✘  386 [Mobile Safari] › tests/e2e/data-integrity.spec.ts:61:7 › Data Integrity - Form Validation › should prevent duplicate submissions (3.0s)
  ✓  384 [Mobile Safari] › tests/e2e/data-integrity.spec.ts:26:7 › Data Integrity - Concurrent Operations › should handle browser back button (7.7s)
  ✘  378 [Mobile Safari] › tests/e2e/dashboard.spec.ts:243:7 › Dashboard - Upcoming Payments › should calculate total payment amount (11.0s)
  ✘  387 [Mobile Safari] › tests/e2e/data-integrity.spec.ts:88:7 › Data Integrity - Form Validation › should sanitize HTML in input fields (4.2s)
  ✓  383 [Mobile Safari] › tests/e2e/data-integrity.spec.ts:10:7 › Data Integrity - Concurrent Operations › should handle rapid navigation without errors (12.3s)
  ✓  389 [Mobile Safari] › tests/e2e/data-integrity.spec.ts:111:7 › Data Integrity - Form Validation › should handle SQL injection in search/filter (7.8s)
  ✘  388 [Mobile Safari] › tests/e2e/data-integrity.spec.ts:133:7 › Data Integrity - Large Datasets › should handle accounts list with pagination (11.9s)
  ✓  390 [Mobile Safari] › tests/e2e/data-integrity.spec.ts:152:7 › Data Integrity - Large Datasets › should load transactions page efficiently (10.8s)
  ✓  391 [Mobile Safari] › tests/e2e/data-integrity.spec.ts:167:7 › Data Integrity - Network Resilience › should handle offline gracefully (10.6s)
  ✘  392 [Mobile Safari] › tests/e2e/data-integrity.spec.ts:189:7 › Data Integrity - Network Resilience › should handle slow network (10.8s)
  ✓  393 [Mobile Safari] › tests/e2e/data-integrity.spec.ts:207:7 › Data Integrity - Cross-Module Consistency › should maintain consistent totals across pages (11.5s)
  ✘  394 [Mobile Safari] › tests/e2e/data-integrity.spec.ts:257:7 › Edge Cases - Boundary Values › should handle maximum integer values (6.8s)
  ✘  395 [Mobile Safari] › tests/e2e/data-integrity.spec.ts:273:7 › Edge Cases - Boundary Values › should handle decimal precision (6.9s)
  ✘  400 [Mobile Safari] › tests/e2e/profile-test.spec.ts:8:7 › Profile Test - Supabase Session › should access Finance Tracker with existing Supabase session (1.8s)
  ✓  397 [Mobile Safari] › tests/e2e/data-integrity.spec.ts:299:7 › Performance Benchmarks › dashboard should load within 3 seconds (8.2s)
  ✘  396 [Mobile Safari] › tests/e2e/data-integrity.spec.ts:227:7 › Data Integrity - Cross-Module Consistency › should update dashboard metrics when creating account (12.2s)
  ✓  398 [Mobile Safari] › tests/e2e/data-integrity.spec.ts:287:7 › Edge Cases - Boundary Values › should handle special date scenarios (8.0s)
  ✘  399 [Mobile Safari] › tests/e2e/data-integrity.spec.ts:312:7 › Performance Benchmarks › form submission should be responsive (5.1s)


  1) [chromium] › tests/e2e/accounts.spec.ts:40:7 › Accounts - Create › should create savings account successfully 

    Error: page.fill: Error: Element is not an <input>, <textarea> or [contenteditable] element
    Call log:
    [2m  - waiting for locator('input[name="type"], #type, select[name="type"]')[22m
    [2m    - locator resolved to <select id="type" required="" class="mt-1 block w-full px-3 py-2 border border-gray-300 rounded-md shadow-sm focus:outline-none focus:ring-blue-500 focus:border-blue-500 text-gray-500">…</select>[22m
    [2m    - fill("Savings")[22m
    [2m  - attempting fill action[22m
    [2m    - waiting for element to be visible, enabled and editable[22m


      45 |     // Fill form
      46 |     await page.fill('input[name="name"], #name', testName);
    > 47 |     await page.fill('input[name="type"], #type, select[name="type"]', TEST_ACCOUNTS.savings.type);
         |                ^
      48 |     await page.fill('input[name="balance"], #balance', TEST_ACCOUNTS.savings.balance.toString());
      49 |     
      50 |     // Submit form
        at /Users/surajsatyarthi/Projects/active/Fin/finance-tracker/tests/e2e/accounts.spec.ts:47:16

    attachment #1: screenshot (image/png) ──────────────────────────────────────────────────────────
    test-results/accounts-Accounts---Create-79852-avings-account-successfully-chromium/test-failed-1.png
    ────────────────────────────────────────────────────────────────────────────────────────────────

    attachment #2: video (video/webm) ──────────────────────────────────────────────────────────────
    test-results/accounts-Accounts---Create-79852-avings-account-successfully-chromium/video.webm
    ────────────────────────────────────────────────────────────────────────────────────────────────

    Error Context: test-results/accounts-Accounts---Create-79852-avings-account-successfully-chromium/error-context.md

  2) [chromium] › tests/e2e/accounts.spec.ts:61:7 › Accounts - Create › should create checking account successfully 

    Error: page.fill: Error: Element is not an <input>, <textarea> or [contenteditable] element
    Call log:
    [2m  - waiting for locator('input[name="type"], #type')[22m
    [2m    - locator resolved to <select id="type" required="" class="mt-1 block w-full px-3 py-2 border border-gray-300 rounded-md shadow-sm focus:outline-none focus:ring-blue-500 focus:border-blue-500 text-gray-500">…</select>[22m
    [2m    - fill("Current")[22m
    [2m  - attempting fill action[22m
    [2m    - waiting for element to be visible, enabled and editable[22m


      65 |     
      66 |     await page.fill('input[name="name"], #name', testName);
    > 67 |     await page.fill('input[name="type"], #type', TEST_ACCOUNTS.checking.type);
         |                ^
      68 |     await page.fill('input[name="balance"], #balance', TEST_ACCOUNTS.checking.balance.toString());
      69 |     
      70 |     await page.click('button[type="submit"]');
        at /Users/surajsatyarthi/Projects/active/Fin/finance-tracker/tests/e2e/accounts.spec.ts:67:16

    attachment #1: screenshot (image/png) ──────────────────────────────────────────────────────────
    test-results/accounts-Accounts---Create-0b4fc-ecking-account-successfully-chromium/test-failed-1.png
    ────────────────────────────────────────────────────────────────────────────────────────────────

    attachment #2: video (video/webm) ──────────────────────────────────────────────────────────────
    test-results/accounts-Accounts---Create-0b4fc-ecking-account-successfully-chromium/video.webm
    ────────────────────────────────────────────────────────────────────────────────────────────────

    Error Context: test-results/accounts-Accounts---Create-0b4fc-ecking-account-successfully-chromium/error-context.md

  3) [chromium] › tests/e2e/accounts.spec.ts:77:7 › Accounts - Create › should handle negative balance 

    Error: page.fill: Error: Element is not an <input>, <textarea> or [contenteditable] element
    Call log:
    [2m  - waiting for locator('input[name="type"], #type')[22m
    [2m    - locator resolved to <select id="type" required="" class="mt-1 block w-full px-3 py-2 border border-gray-300 rounded-md shadow-sm focus:outline-none focus:ring-blue-500 focus:border-blue-500 text-gray-500">…</select>[22m
    [2m    - fill("Current")[22m
    [2m  - attempting fill action[22m
    [2m    - waiting for element to be visible, enabled and editable[22m


      81 |     
      82 |     await page.fill('input[name="name"], #name', testName);
    > 83 |     await page.fill('input[name="type"], #type', EDGE_CASES.negativeBalance.type);
         |                ^
      84 |     await page.fill('input[name="balance"], #balance', EDGE_CASES.negativeBalance.balance.toString());
      85 |     
      86 |     await page.click('button[type="submit"]');
        at /Users/surajsatyarthi/Projects/active/Fin/finance-tracker/tests/e2e/accounts.spec.ts:83:16

    attachment #1: screenshot (image/png) ──────────────────────────────────────────────────────────
    test-results/accounts-Accounts---Create-should-handle-negative-balance-chromium/test-failed-1.png
    ────────────────────────────────────────────────────────────────────────────────────────────────

    attachment #2: video (video/webm) ──────────────────────────────────────────────────────────────
    test-results/accounts-Accounts---Create-should-handle-negative-balance-chromium/video.webm
    ────────────────────────────────────────────────────────────────────────────────────────────────

    Error Context: test-results/accounts-Accounts---Create-should-handle-negative-balance-chromium/error-context.md

  4) [chromium] › tests/e2e/accounts.spec.ts:92:7 › Accounts - Create › should handle zero balance ─

    Error: page.fill: Error: Element is not an <input>, <textarea> or [contenteditable] element
    Call log:
    [2m  - waiting for locator('input[name="type"], #type')[22m
    [2m    - locator resolved to <select id="type" required="" class="mt-1 block w-full px-3 py-2 border border-gray-300 rounded-md shadow-sm focus:outline-none focus:ring-blue-500 focus:border-blue-500 text-gray-500">…</select>[22m
    [2m    - fill("Savings")[22m
    [2m  - attempting fill action[22m
    [2m    - waiting for element to be visible, enabled and editable[22m


       96 |     
       97 |     await page.fill('input[name="name"], #name', testName);
    >  98 |     await page.fill('input[name="type"], #type', EDGE_CASES.zeroBalance.type);
          |                ^
       99 |     await page.fill('input[name="balance"], #balance', '0');
      100 |     
      101 |     await page.click('button[type="submit"]');
        at /Users/surajsatyarthi/Projects/active/Fin/finance-tracker/tests/e2e/accounts.spec.ts:98:16

    attachment #1: screenshot (image/png) ──────────────────────────────────────────────────────────
    test-results/accounts-Accounts---Create-should-handle-zero-balance-chromium/test-failed-1.png
    ────────────────────────────────────────────────────────────────────────────────────────────────

    attachment #2: video (video/webm) ──────────────────────────────────────────────────────────────
    test-results/accounts-Accounts---Create-should-handle-zero-balance-chromium/video.webm
    ────────────────────────────────────────────────────────────────────────────────────────────────

    Error Context: test-results/accounts-Accounts---Create-should-handle-zero-balance-chromium/error-context.md

  5) [chromium] › tests/e2e/accounts.spec.ts:105:7 › Accounts - Create › should handle large balance amounts 

    Error: page.fill: Error: Element is not an <input>, <textarea> or [contenteditable] element
    Call log:
    [2m  - waiting for locator('input[name="type"], #type')[22m
    [2m    - locator resolved to <select id="type" required="" class="mt-1 block w-full px-3 py-2 border border-gray-300 rounded-md shadow-sm focus:outline-none focus:ring-blue-500 focus:border-blue-500 text-gray-500">…</select>[22m
    [2m    - fill("Investment")[22m
    [2m  - attempting fill action[22m
    [2m    - waiting for element to be visible, enabled and editable[22m


      109 |     
      110 |     await page.fill('input[name="name"], #name', testName);
    > 111 |     await page.fill('input[name="type"], #type', EDGE_CASES.largeBalance.type);
          |                ^
      112 |     await page.fill('input[name="balance"], #balance', EDGE_CASES.largeBalance.balance.toString());
      113 |     
      114 |     await page.click('button[type="submit"]');
        at /Users/surajsatyarthi/Projects/active/Fin/finance-tracker/tests/e2e/accounts.spec.ts:111:16

    attachment #1: screenshot (image/png) ──────────────────────────────────────────────────────────
    test-results/accounts-Accounts---Create-d5ee4-andle-large-balance-amounts-chromium/test-failed-1.png
    ────────────────────────────────────────────────────────────────────────────────────────────────

    attachment #2: video (video/webm) ──────────────────────────────────────────────────────────────
    test-results/accounts-Accounts---Create-d5ee4-andle-large-balance-amounts-chromium/video.webm
    ────────────────────────────────────────────────────────────────────────────────────────────────

    Error Context: test-results/accounts-Accounts---Create-d5ee4-andle-large-balance-amounts-chromium/error-context.md

  6) [chromium] › tests/e2e/accounts.spec.ts:118:7 › Accounts - Create › should validate required fields 

    Error: [2mexpect([22m[31mreceived[39m[2m).[22mtoContain[2m([22m[32mexpected[39m[2m) // indexOf[22m

    Expected substring: [32m"/new"[39m
    Received string:    [31m"https://zzwouesueadoqrlmteyh.supabase.co/login"[39m

      127 |     // Form should not submit (still on new page)
      128 |     const currentUrl = page.url();
    > 129 |     expect(currentUrl).toContain('/new');
          |                        ^
      130 |   });
      131 |
      132 |   test('should sanitize special characters in name', async ({ page }) => {
        at /Users/surajsatyarthi/Projects/active/Fin/finance-tracker/tests/e2e/accounts.spec.ts:129:24

    attachment #1: screenshot (image/png) ──────────────────────────────────────────────────────────
    test-results/accounts-Accounts---Create-should-validate-required-fields-chromium/test-failed-1.png
    ────────────────────────────────────────────────────────────────────────────────────────────────

    attachment #2: video (video/webm) ──────────────────────────────────────────────────────────────
    test-results/accounts-Accounts---Create-should-validate-required-fields-chromium/video.webm
    ────────────────────────────────────────────────────────────────────────────────────────────────

    Error Context: test-results/accounts-Accounts---Create-should-validate-required-fields-chromium/error-context.md

  7) [chromium] › tests/e2e/accounts.spec.ts:132:7 › Accounts - Create › should sanitize special characters in name 

    Error: page.fill: Error: Element is not an <input>, <textarea> or [contenteditable] element
    Call log:
    [2m  - waiting for locator('input[name="type"], #type')[22m
    [2m    - locator resolved to <select id="type" required="" class="mt-1 block w-full px-3 py-2 border border-gray-300 rounded-md shadow-sm focus:outline-none focus:ring-blue-500 focus:border-blue-500 text-gray-500">…</select>[22m
    [2m    - fill("Savings")[22m
    [2m  - attempting fill action[22m
    [2m    - waiting for element to be visible, enabled and editable[22m


      137 |     
      138 |     await page.fill('input[name="name"], #name', testName);
    > 139 |     await page.fill('input[name="type"], #type', 'Savings');
          |                ^
      140 |     await page.fill('input[name="balance"], #balance', '10000');
      141 |     
      142 |     await page.click('button[type="submit"]');
        at /Users/surajsatyarthi/Projects/active/Fin/finance-tracker/tests/e2e/accounts.spec.ts:139:16

    attachment #1: screenshot (image/png) ──────────────────────────────────────────────────────────
    test-results/accounts-Accounts---Create-151e9--special-characters-in-name-chromium/test-failed-1.png
    ────────────────────────────────────────────────────────────────────────────────────────────────

    attachment #2: video (video/webm) ──────────────────────────────────────────────────────────────
    test-results/accounts-Accounts---Create-151e9--special-characters-in-name-chromium/video.webm
    ────────────────────────────────────────────────────────────────────────────────────────────────

    Error Context: test-results/accounts-Accounts---Create-151e9--special-characters-in-name-chromium/error-context.md

  8) [chromium] › tests/e2e/accounts.spec.ts:153:7 › Accounts - Edit › should edit account successfully 

    Error: page.fill: Error: Element is not an <input>, <textarea> or [contenteditable] element
    Call log:
    [2m  - waiting for locator('input[name="type"], #type')[22m
    [2m    - locator resolved to <select id="type" required="" class="mt-1 block w-full px-3 py-2 border border-gray-300 rounded-md shadow-sm focus:outline-none focus:ring-blue-500 focus:border-blue-500 text-gray-500">…</select>[22m
    [2m    - fill("Savings")[22m
    [2m  - attempting fill action[22m
    [2m    - waiting for element to be visible, enabled and editable[22m


      157 |     
      158 |     await page.fill('input[name="name"], #name', originalName);
    > 159 |     await page.fill('input[name="type"], #type', 'Savings');
          |                ^
      160 |     await page.fill('input[name="balance"], #balance', '50000');
      161 |     await page.click('button[type="submit"]');
      162 |     
        at /Users/surajsatyarthi/Projects/active/Fin/finance-tracker/tests/e2e/accounts.spec.ts:159:16

    attachment #1: screenshot (image/png) ──────────────────────────────────────────────────────────
    test-results/accounts-Accounts---Edit-should-edit-account-successfully-chromium/test-failed-1.png
    ────────────────────────────────────────────────────────────────────────────────────────────────

    attachment #2: video (video/webm) ──────────────────────────────────────────────────────────────
    test-results/accounts-Accounts---Edit-should-edit-account-successfully-chromium/video.webm
    ────────────────────────────────────────────────────────────────────────────────────────────────

    Error Context: test-results/accounts-Accounts---Edit-should-edit-account-successfully-chromium/error-context.md

  9) [chromium] › tests/e2e/accounts.spec.ts:200:7 › Accounts - View Details › should view account details 

    TimeoutError: page.waitForURL: Timeout 10000ms exceeded.
    =========================== logs ===========================
    waiting for navigation to "/dashboard" until "load"
      navigated to "http://localhost:3001/login"
    ============================================================

       at ../utils/test-helpers.ts:29

      27 |   
      28 |   // Wait for redirect to dashboard
    > 29 |   await page.waitForURL('/dashboard', { timeout: 10000 });
         |              ^
      30 | }
      31 |
      32 | /**
        at login (/Users/surajsatyarthi/Projects/active/Fin/finance-tracker/tests/utils/test-helpers.ts:29:14)
        at /Users/surajsatyarthi/Projects/active/Fin/finance-tracker/tests/e2e/accounts.spec.ts:197:5

    attachment #1: screenshot (image/png) ──────────────────────────────────────────────────────────
    test-results/accounts-Accounts---View-Details-should-view-account-details-chromium/test-failed-1.png
    ────────────────────────────────────────────────────────────────────────────────────────────────

    attachment #2: video (video/webm) ──────────────────────────────────────────────────────────────
    test-results/accounts-Accounts---View-Details-should-view-account-details-chromium/video.webm
    ────────────────────────────────────────────────────────────────────────────────────────────────

    Error Context: test-results/accounts-Accounts---View-Details-should-view-account-details-chromium/error-context.md

  10) [chromium] › tests/e2e/accounts.spec.ts:225:7 › Accounts - Delete › should delete account successfully 

    TimeoutError: page.waitForURL: Timeout 10000ms exceeded.
    =========================== logs ===========================
    waiting for navigation to "/dashboard" until "load"
      navigated to "http://localhost:3001/login"
    ============================================================

       at ../utils/test-helpers.ts:29

      27 |   
      28 |   // Wait for redirect to dashboard
    > 29 |   await page.waitForURL('/dashboard', { timeout: 10000 });
         |              ^
      30 | }
      31 |
      32 | /**
        at login (/Users/surajsatyarthi/Projects/active/Fin/finance-tracker/tests/utils/test-helpers.ts:29:14)
        at /Users/surajsatyarthi/Projects/active/Fin/finance-tracker/tests/e2e/accounts.spec.ts:222:5

    attachment #1: screenshot (image/png) ──────────────────────────────────────────────────────────
    test-results/accounts-Accounts---Delete-538d0-delete-account-successfully-chromium/test-failed-1.png
    ────────────────────────────────────────────────────────────────────────────────────────────────

    attachment #2: video (video/webm) ──────────────────────────────────────────────────────────────
    test-results/accounts-Accounts---Delete-538d0-delete-account-successfully-chromium/video.webm
    ────────────────────────────────────────────────────────────────────────────────────────────────

    Error Context: test-results/accounts-Accounts---Delete-538d0-delete-account-successfully-chromium/error-context.md

  11) [chromium] › tests/e2e/accounts.spec.ts:267:7 › Accounts - Data Integrity › should reflect account changes in dashboard 

    Error: page.fill: Error: Element is not an <input>, <textarea> or [contenteditable] element
    Call log:
    [2m  - waiting for locator('input[name="type"], #type')[22m
    [2m    - locator resolved to <select id="type" required="" class="mt-1 block w-full px-3 py-2 border border-gray-300 rounded-md shadow-sm focus:outline-none focus:ring-blue-500 focus:border-blue-500 text-gray-500">…</select>[22m
    [2m    - fill("Savings")[22m
    [2m  - attempting fill action[22m
    [2m    - waiting for element to be visible, enabled and editable[22m


      274 |     
      275 |     await page.fill('input[name="name"], #name', testName);
    > 276 |     await page.fill('input[name="type"], #type', 'Savings');
          |                ^
      277 |     await page.fill('input[name="balance"], #balance', '100000');
      278 |     await page.click('button[type="submit"]');
      279 |     
        at /Users/surajsatyarthi/Projects/active/Fin/finance-tracker/tests/e2e/accounts.spec.ts:276:16

    attachment #1: screenshot (image/png) ──────────────────────────────────────────────────────────
    test-results/accounts-Accounts---Data-I-c9953-ccount-changes-in-dashboard-chromium/test-failed-1.png
    ────────────────────────────────────────────────────────────────────────────────────────────────

    attachment #2: video (video/webm) ──────────────────────────────────────────────────────────────
    test-results/accounts-Accounts---Data-I-c9953-ccount-changes-in-dashboard-chromium/video.webm
    ────────────────────────────────────────────────────────────────────────────────────────────────

    Error Context: test-results/accounts-Accounts---Data-I-c9953-ccount-changes-in-dashboard-chromium/error-context.md

  12) [chromium] › tests/e2e/dashboard.spec.ts:20:7 › Dashboard - Core Functionality › should display all key metric cards 

    Error: [2mexpect([22m[31mlocator[39m[2m).[22mtoBeVisible[2m([22m[2m)[22m failed

    Locator: locator('text=Net Worth')
    Expected: visible
    Error: strict mode violation: locator('text=Net Worth') resolved to 2 elements:
        1) <p class="text-sm text-gray-500">Net Worth</p> aka getByRole('paragraph').filter({ hasText: 'Net Worth' })
        2) <td class="py-3 text-sm font-medium text-gray-900">Net Worth</td> aka getByRole('cell', { name: 'Net Worth' })

    Call log:
    [2m  - Expect "toBeVisible" with timeout 5000ms[22m
    [2m  - waiting for locator('text=Net Worth')[22m


      26 |     
      27 |     for (const metric of metrics) {
    > 28 |       await expect(page.locator(`text=${metric}`)).toBeVisible();
         |                                                    ^
      29 |     }
      30 |   });
      31 |
        at /Users/surajsatyarthi/Projects/active/Fin/finance-tracker/tests/e2e/dashboard.spec.ts:28:52

    attachment #1: screenshot (image/png) ──────────────────────────────────────────────────────────
    test-results/dashboard-Dashboard---Core-64813-isplay-all-key-metric-cards-chromium/test-failed-1.png
    ────────────────────────────────────────────────────────────────────────────────────────────────

    attachment #2: video (video/webm) ──────────────────────────────────────────────────────────────
    test-results/dashboard-Dashboard---Core-64813-isplay-all-key-metric-cards-chromium/video.webm
    ────────────────────────────────────────────────────────────────────────────────────────────────

    Error Context: test-results/dashboard-Dashboard---Core-64813-isplay-all-key-metric-cards-chromium/error-context.md

  13) [chromium] › tests/e2e/dashboard.spec.ts:32:7 › Dashboard - Core Functionality › should display net worth with correct color coding 

    Error: [2mexpect([22m[31mreceived[39m[2m).[22mtoBeTruthy[2m()[22m

    Received: [31mfalse[39m

      44 |     // Should have either text-green-600 or text-red-600
      45 |     const hasColorClass = className?.includes('text-green-600') || className?.includes('text-red-600');
    > 46 |     expect(hasColorClass).toBeTruthy();
         |                           ^
      47 |   });
      48 |
      49 |   test('should display savings rate with color coding', async ({ page }) => {
        at /Users/surajsatyarthi/Projects/active/Fin/finance-tracker/tests/e2e/dashboard.spec.ts:46:27

    attachment #1: screenshot (image/png) ──────────────────────────────────────────────────────────
    test-results/dashboard-Dashboard---Core-6c4fd-h-with-correct-color-coding-chromium/test-failed-1.png
    ────────────────────────────────────────────────────────────────────────────────────────────────

    attachment #2: video (video/webm) ──────────────────────────────────────────────────────────────
    test-results/dashboard-Dashboard---Core-6c4fd-h-with-correct-color-coding-chromium/video.webm
    ────────────────────────────────────────────────────────────────────────────────────────────────

    Error Context: test-results/dashboard-Dashboard---Core-6c4fd-h-with-correct-color-coding-chromium/error-context.md

  14) [chromium] › tests/e2e/dashboard.spec.ts:266:7 › Dashboard - Navigation › should have working navigation menu 

    TimeoutError: page.waitForURL: Timeout 10000ms exceeded.
    =========================== logs ===========================
    waiting for navigation to "/dashboard" until "load"
    ============================================================

       at ../utils/test-helpers.ts:29

      27 |   
      28 |   // Wait for redirect to dashboard
    > 29 |   await page.waitForURL('/dashboard', { timeout: 10000 });
         |              ^
      30 | }
      31 |
      32 | /**
        at login (/Users/surajsatyarthi/Projects/active/Fin/finance-tracker/tests/utils/test-helpers.ts:29:14)
        at /Users/surajsatyarthi/Projects/active/Fin/finance-tracker/tests/e2e/dashboard.spec.ts:263:5

    attachment #1: screenshot (image/png) ──────────────────────────────────────────────────────────
    test-results/dashboard-Dashboard---Navi-99b25-ave-working-navigation-menu-chromium/test-failed-1.png
    ────────────────────────────────────────────────────────────────────────────────────────────────

    attachment #2: video (video/webm) ──────────────────────────────────────────────────────────────
    test-results/dashboard-Dashboard---Navi-99b25-ave-working-navigation-menu-chromium/video.webm
    ────────────────────────────────────────────────────────────────────────────────────────────────

    Error Context: test-results/dashboard-Dashboard---Navi-99b25-ave-working-navigation-menu-chromium/error-context.md

  15) [chromium] › tests/e2e/dashboard.spec.ts:272:7 › Dashboard - Navigation › should navigate to accounts page 

    TimeoutError: page.waitForURL: Timeout 10000ms exceeded.
    =========================== logs ===========================
    waiting for navigation to "/dashboard" until "load"
    ============================================================

       at ../utils/test-helpers.ts:29

      27 |   
      28 |   // Wait for redirect to dashboard
    > 29 |   await page.waitForURL('/dashboard', { timeout: 10000 });
         |              ^
      30 | }
      31 |
      32 | /**
        at login (/Users/surajsatyarthi/Projects/active/Fin/finance-tracker/tests/utils/test-helpers.ts:29:14)
        at /Users/surajsatyarthi/Projects/active/Fin/finance-tracker/tests/e2e/dashboard.spec.ts:263:5

    attachment #1: screenshot (image/png) ──────────────────────────────────────────────────────────
    test-results/dashboard-Dashboard---Navi-b3ce9-d-navigate-to-accounts-page-chromium/test-failed-1.png
    ────────────────────────────────────────────────────────────────────────────────────────────────

    attachment #2: video (video/webm) ──────────────────────────────────────────────────────────────
    test-results/dashboard-Dashboard---Navi-b3ce9-d-navigate-to-accounts-page-chromium/video.webm
    ────────────────────────────────────────────────────────────────────────────────────────────────

    Error Context: test-results/dashboard-Dashboard---Navi-b3ce9-d-navigate-to-accounts-page-chromium/error-context.md

  16) [chromium] › tests/e2e/data-integrity.spec.ts:10:7 › Data Integrity - Concurrent Operations › should handle rapid navigation without errors 

    TimeoutError: page.waitForURL: Timeout 10000ms exceeded.
    =========================== logs ===========================
    waiting for navigation to "/dashboard" until "load"
    ============================================================

       at ../utils/test-helpers.ts:29

      27 |   
      28 |   // Wait for redirect to dashboard
    > 29 |   await page.waitForURL('/dashboard', { timeout: 10000 });
         |              ^
      30 | }
      31 |
      32 | /**
        at login (/Users/surajsatyarthi/Projects/active/Fin/finance-tracker/tests/utils/test-helpers.ts:29:14)
        at /Users/surajsatyarthi/Projects/active/Fin/finance-tracker/tests/e2e/data-integrity.spec.ts:12:5

    attachment #1: screenshot (image/png) ──────────────────────────────────────────────────────────
    test-results/data-integrity-Data-Integr-16a53-d-navigation-without-errors-chromium/test-failed-1.png
    ────────────────────────────────────────────────────────────────────────────────────────────────

    attachment #2: video (video/webm) ──────────────────────────────────────────────────────────────
    test-results/data-integrity-Data-Integr-16a53-d-navigation-without-errors-chromium/video.webm
    ────────────────────────────────────────────────────────────────────────────────────────────────

    Error Context: test-results/data-integrity-Data-Integr-16a53-d-navigation-without-errors-chromium/error-context.md

  17) [chromium] › tests/e2e/data-integrity.spec.ts:26:7 › Data Integrity - Concurrent Operations › should handle browser back button 

    TimeoutError: page.waitForURL: Timeout 10000ms exceeded.
    =========================== logs ===========================
    waiting for navigation to "/dashboard" until "load"
    ============================================================

       at ../utils/test-helpers.ts:29

      27 |   
      28 |   // Wait for redirect to dashboard
    > 29 |   await page.waitForURL('/dashboard', { timeout: 10000 });
         |              ^
      30 | }
      31 |
      32 | /**
        at login (/Users/surajsatyarthi/Projects/active/Fin/finance-tracker/tests/utils/test-helpers.ts:29:14)
        at /Users/surajsatyarthi/Projects/active/Fin/finance-tracker/tests/e2e/data-integrity.spec.ts:28:5

    attachment #1: screenshot (image/png) ──────────────────────────────────────────────────────────
    test-results/data-integrity-Data-Integr-7803d--handle-browser-back-button-chromium/test-failed-1.png
    ────────────────────────────────────────────────────────────────────────────────────────────────

    attachment #2: video (video/webm) ──────────────────────────────────────────────────────────────
    test-results/data-integrity-Data-Integr-7803d--handle-browser-back-button-chromium/video.webm
    ────────────────────────────────────────────────────────────────────────────────────────────────

    Error Context: test-results/data-integrity-Data-Integr-7803d--handle-browser-back-button-chromium/error-context.md

  18) [chromium] › tests/e2e/data-integrity.spec.ts:61:7 › Data Integrity - Form Validation › should prevent duplicate submissions 

    Error: page.fill: Error: Element is not an <input>, <textarea> or [contenteditable] element
    Call log:
    [2m  - waiting for locator('input[name="type"], #type')[22m
    [2m    - locator resolved to <select id="type" required="" class="mt-1 block w-full px-3 py-2 border border-gray-300 rounded-md shadow-sm focus:outline-none focus:ring-blue-500 focus:border-blue-500 text-gray-500">…</select>[22m
    [2m    - fill("Savings")[22m
    [2m  - attempting fill action[22m
    [2m    - waiting for element to be visible, enabled and editable[22m


      67 |     const testName = `Duplicate Test ${generateTestId()}`;
      68 |     await page.fill('input[name="name"], #name', testName);
    > 69 |     await page.fill('input[name="type"], #type', 'Savings');
         |                ^
      70 |     await page.fill('input[name="balance"], #balance', '10000');
      71 |     
      72 |     // Click submit multiple times rapidly
        at /Users/surajsatyarthi/Projects/active/Fin/finance-tracker/tests/e2e/data-integrity.spec.ts:69:16

    attachment #1: screenshot (image/png) ──────────────────────────────────────────────────────────
    test-results/data-integrity-Data-Integr-2b828-event-duplicate-submissions-chromium/test-failed-1.png
    ────────────────────────────────────────────────────────────────────────────────────────────────

    attachment #2: video (video/webm) ──────────────────────────────────────────────────────────────
    test-results/data-integrity-Data-Integr-2b828-event-duplicate-submissions-chromium/video.webm
    ────────────────────────────────────────────────────────────────────────────────────────────────

    Error Context: test-results/data-integrity-Data-Integr-2b828-event-duplicate-submissions-chromium/error-context.md

  19) [chromium] › tests/e2e/data-integrity.spec.ts:88:7 › Data Integrity - Form Validation › should sanitize HTML in input fields 

    Error: page.fill: Error: Element is not an <input>, <textarea> or [contenteditable] element
    Call log:
    [2m  - waiting for locator('input[name="type"], #type')[22m
    [2m    - locator resolved to <select id="type" required="" class="mt-1 block w-full px-3 py-2 border border-gray-300 rounded-md shadow-sm focus:outline-none focus:ring-blue-500 focus:border-blue-500 text-gray-500">…</select>[22m
    [2m    - fill("Savings")[22m
    [2m  - attempting fill action[22m
    [2m    - waiting for element to be visible, enabled and editable[22m


      94 |     const htmlPayload = '<img src=x onerror=alert("xss")>';
      95 |     await page.fill('input[name="name"], #name', htmlPayload);
    > 96 |     await page.fill('input[name="type"], #type', 'Savings');
         |                ^
      97 |     await page.fill('input[name="balance"], #balance', '10000');
      98 |     
      99 |     let alertTriggered = false;
        at /Users/surajsatyarthi/Projects/active/Fin/finance-tracker/tests/e2e/data-integrity.spec.ts:96:16

    attachment #1: screenshot (image/png) ──────────────────────────────────────────────────────────
    test-results/data-integrity-Data-Integr-f9511-nitize-HTML-in-input-fields-chromium/test-failed-1.png
    ────────────────────────────────────────────────────────────────────────────────────────────────

    attachment #2: video (video/webm) ──────────────────────────────────────────────────────────────
    test-results/data-integrity-Data-Integr-f9511-nitize-HTML-in-input-fields-chromium/video.webm
    ────────────────────────────────────────────────────────────────────────────────────────────────

    Error Context: test-results/data-integrity-Data-Integr-f9511-nitize-HTML-in-input-fields-chromium/error-context.md

  20) [chromium] › tests/e2e/data-integrity.spec.ts:152:7 › Data Integrity - Large Datasets › should load transactions page efficiently 

    TimeoutError: page.waitForURL: Timeout 10000ms exceeded.
    =========================== logs ===========================
    waiting for navigation to "/dashboard" until "load"
    ============================================================

       at ../utils/test-helpers.ts:29

      27 |   
      28 |   // Wait for redirect to dashboard
    > 29 |   await page.waitForURL('/dashboard', { timeout: 10000 });
         |              ^
      30 | }
      31 |
      32 | /**
        at login (/Users/surajsatyarthi/Projects/active/Fin/finance-tracker/tests/utils/test-helpers.ts:29:14)
        at /Users/surajsatyarthi/Projects/active/Fin/finance-tracker/tests/e2e/data-integrity.spec.ts:154:5

    attachment #1: screenshot (image/png) ──────────────────────────────────────────────────────────
    test-results/data-integrity-Data-Integr-af4cb-ansactions-page-efficiently-chromium/test-failed-1.png
    ────────────────────────────────────────────────────────────────────────────────────────────────

    attachment #2: video (video/webm) ──────────────────────────────────────────────────────────────
    test-results/data-integrity-Data-Integr-af4cb-ansactions-page-efficiently-chromium/video.webm
    ────────────────────────────────────────────────────────────────────────────────────────────────

    Error Context: test-results/data-integrity-Data-Integr-af4cb-ansactions-page-efficiently-chromium/error-context.md

  21) [chromium] › tests/e2e/data-integrity.spec.ts:189:7 › Data Integrity - Network Resilience › should handle slow network 

    TimeoutError: page.waitForURL: Timeout 10000ms exceeded.
    =========================== logs ===========================
    waiting for navigation to "/dashboard" until "load"
    ============================================================

       at ../utils/test-helpers.ts:29

      27 |   
      28 |   // Wait for redirect to dashboard
    > 29 |   await page.waitForURL('/dashboard', { timeout: 10000 });
         |              ^
      30 | }
      31 |
      32 | /**
        at login (/Users/surajsatyarthi/Projects/active/Fin/finance-tracker/tests/utils/test-helpers.ts:29:14)
        at /Users/surajsatyarthi/Projects/active/Fin/finance-tracker/tests/e2e/data-integrity.spec.ts:191:5

    attachment #1: screenshot (image/png) ──────────────────────────────────────────────────────────
    test-results/data-integrity-Data-Integr-94d3b--should-handle-slow-network-chromium/test-failed-1.png
    ────────────────────────────────────────────────────────────────────────────────────────────────

    attachment #2: video (video/webm) ──────────────────────────────────────────────────────────────
    test-results/data-integrity-Data-Integr-94d3b--should-handle-slow-network-chromium/video.webm
    ────────────────────────────────────────────────────────────────────────────────────────────────

    Error Context: test-results/data-integrity-Data-Integr-94d3b--should-handle-slow-network-chromium/error-context.md

  22) [chromium] › tests/e2e/data-integrity.spec.ts:207:7 › Data Integrity - Cross-Module Consistency › should maintain consistent totals across pages 

    TimeoutError: page.waitForURL: Timeout 10000ms exceeded.
    =========================== logs ===========================
    waiting for navigation to "/dashboard" until "load"
    ============================================================

       at ../utils/test-helpers.ts:29

      27 |   
      28 |   // Wait for redirect to dashboard
    > 29 |   await page.waitForURL('/dashboard', { timeout: 10000 });
         |              ^
      30 | }
      31 |
      32 | /**
        at login (/Users/surajsatyarthi/Projects/active/Fin/finance-tracker/tests/utils/test-helpers.ts:29:14)
        at /Users/surajsatyarthi/Projects/active/Fin/finance-tracker/tests/e2e/data-integrity.spec.ts:209:5

    attachment #1: screenshot (image/png) ──────────────────────────────────────────────────────────
    test-results/data-integrity-Data-Integr-0399e-sistent-totals-across-pages-chromium/test-failed-1.png
    ────────────────────────────────────────────────────────────────────────────────────────────────

    attachment #2: video (video/webm) ──────────────────────────────────────────────────────────────
    test-results/data-integrity-Data-Integr-0399e-sistent-totals-across-pages-chromium/video.webm
    ────────────────────────────────────────────────────────────────────────────────────────────────

    Error Context: test-results/data-integrity-Data-Integr-0399e-sistent-totals-across-pages-chromium/error-context.md

  23) [chromium] › tests/e2e/data-integrity.spec.ts:227:7 › Data Integrity - Cross-Module Consistency › should update dashboard metrics when creating account 

    Error: page.fill: Error: Element is not an <input>, <textarea> or [contenteditable] element
    Call log:
    [2m  - waiting for locator('input[name="type"], #type')[22m
    [2m    - locator resolved to <select id="type" required="" class="mt-1 block w-full px-3 py-2 border border-gray-300 rounded-md shadow-sm focus:outline-none focus:ring-blue-500 focus:border-blue-500 text-gray-500">…</select>[22m
    [2m    - fill("Savings")[22m
    [2m  - attempting fill action[22m
    [2m    - waiting for element to be visible, enabled and editable[22m


      239 |     const testName = `Metric Test ${generateTestId()}`;
      240 |     await page.fill('input[name="name"], #name', testName);
    > 241 |     await page.fill('input[name="type"], #type', 'Savings');
          |                ^
      242 |     await page.fill('input[name="balance"], #balance', '50000');
      243 |     await page.click('button[type="submit"]');
      244 |     
        at /Users/surajsatyarthi/Projects/active/Fin/finance-tracker/tests/e2e/data-integrity.spec.ts:241:16

    attachment #1: screenshot (image/png) ──────────────────────────────────────────────────────────
    test-results/data-integrity-Data-Integr-884fd-trics-when-creating-account-chromium/test-failed-1.png
    ────────────────────────────────────────────────────────────────────────────────────────────────

    attachment #2: video (video/webm) ──────────────────────────────────────────────────────────────
    test-results/data-integrity-Data-Integr-884fd-trics-when-creating-account-chromium/video.webm
    ────────────────────────────────────────────────────────────────────────────────────────────────

    Error Context: test-results/data-integrity-Data-Integr-884fd-trics-when-creating-account-chromium/error-context.md

  24) [chromium] › tests/e2e/data-integrity.spec.ts:257:7 › Edge Cases - Boundary Values › should handle maximum integer values 

    TimeoutError: page.waitForURL: Timeout 10000ms exceeded.
    =========================== logs ===========================
    waiting for navigation to "/dashboard" until "load"
    ============================================================

       at ../utils/test-helpers.ts:29

      27 |   
      28 |   // Wait for redirect to dashboard
    > 29 |   await page.waitForURL('/dashboard', { timeout: 10000 });
         |              ^
      30 | }
      31 |
      32 | /**
        at login (/Users/surajsatyarthi/Projects/active/Fin/finance-tracker/tests/utils/test-helpers.ts:29:14)
        at /Users/surajsatyarthi/Projects/active/Fin/finance-tracker/tests/e2e/data-integrity.spec.ts:259:5

    attachment #1: screenshot (image/png) ──────────────────────────────────────────────────────────
    test-results/data-integrity-Edge-Cases--5ead8-ndle-maximum-integer-values-chromium/test-failed-1.png
    ────────────────────────────────────────────────────────────────────────────────────────────────

    attachment #2: video (video/webm) ──────────────────────────────────────────────────────────────
    test-results/data-integrity-Edge-Cases--5ead8-ndle-maximum-integer-values-chromium/video.webm
    ────────────────────────────────────────────────────────────────────────────────────────────────

    Error Context: test-results/data-integrity-Edge-Cases--5ead8-ndle-maximum-integer-values-chromium/error-context.md

  25) [chromium] › tests/e2e/data-integrity.spec.ts:273:7 › Edge Cases - Boundary Values › should handle decimal precision 

    Error: page.fill: Error: Element is not an <input>, <textarea> or [contenteditable] element
    Call log:
    [2m  - waiting for locator('input[name="type"], #type')[22m
    [2m    - locator resolved to <select id="type" required="" class="mt-1 block w-full px-3 py-2 border border-gray-300 rounded-md shadow-sm focus:outline-none focus:ring-blue-500 focus:border-blue-500 text-gray-500">…</select>[22m
    [2m    - fill("Savings")[22m
    [2m  - attempting fill action[22m
    [2m    - waiting for element to be visible, enabled and editable[22m


      278 |     
      279 |     await page.fill('input[name="name"], #name', `Decimal Test ${generateTestId()}`);
    > 280 |     await page.fill('input[name="type"], #type', 'Savings');
          |                ^
      281 |     await page.fill('input[name="balance"], #balance', '12345.67');
      282 |     
      283 |     await page.click('button[type="submit"]');
        at /Users/surajsatyarthi/Projects/active/Fin/finance-tracker/tests/e2e/data-integrity.spec.ts:280:16

    attachment #1: screenshot (image/png) ──────────────────────────────────────────────────────────
    test-results/data-integrity-Edge-Cases--01eb0-ld-handle-decimal-precision-chromium/test-failed-1.png
    ────────────────────────────────────────────────────────────────────────────────────────────────

    attachment #2: video (video/webm) ──────────────────────────────────────────────────────────────
    test-results/data-integrity-Edge-Cases--01eb0-ld-handle-decimal-precision-chromium/video.webm
    ────────────────────────────────────────────────────────────────────────────────────────────────

    Error Context: test-results/data-integrity-Edge-Cases--01eb0-ld-handle-decimal-precision-chromium/error-context.md

  26) [chromium] › tests/e2e/data-integrity.spec.ts:312:7 › Performance Benchmarks › form submission should be responsive 

    Error: page.fill: Error: Element is not an <input>, <textarea> or [contenteditable] element
    Call log:
    [2m  - waiting for locator('input[name="type"], #type')[22m
    [2m    - locator resolved to <select id="type" required="" class="mt-1 block w-full px-3 py-2 border border-gray-300 rounded-md shadow-sm focus:outline-none focus:ring-blue-500 focus:border-blue-500 text-gray-500">…</select>[22m
    [2m    - fill("Savings")[22m
    [2m  - attempting fill action[22m
    [2m    - waiting for element to be visible, enabled and editable[22m


      318 |     const testName = `Performance Test ${generateTestId()}`;
      319 |     await page.fill('input[name="name"], #name', testName);
    > 320 |     await page.fill('input[name="type"], #type', 'Savings');
          |                ^
      321 |     await page.fill('input[name="balance"], #balance', '10000');
      322 |     
      323 |     const startTime = Date.now();
        at /Users/surajsatyarthi/Projects/active/Fin/finance-tracker/tests/e2e/data-integrity.spec.ts:320:16

    attachment #1: screenshot (image/png) ──────────────────────────────────────────────────────────
    test-results/data-integrity-Performance-4250b-ission-should-be-responsive-chromium/test-failed-1.png
    ────────────────────────────────────────────────────────────────────────────────────────────────

    attachment #2: video (video/webm) ──────────────────────────────────────────────────────────────
    test-results/data-integrity-Performance-4250b-ission-should-be-responsive-chromium/video.webm
    ────────────────────────────────────────────────────────────────────────────────────────────────

    Error Context: test-results/data-integrity-Performance-4250b-ission-should-be-responsive-chromium/error-context.md

  27) [chromium] › tests/e2e/profile-test.spec.ts:8:7 › Profile Test - Supabase Session › should access Finance Tracker with existing Supabase session 

    Error: browserType.launchPersistentContext: Failed to create a ProcessSingleton for your profile directory. This usually means that the profile is already in use by another instance of Chromium.
    Call log:
    [2m  - <launching> /Users/surajsatyarthi/Library/Caches/ms-playwright/chromium-1208/chrome-mac-arm64/Google Chrome for Testing.app/Contents/MacOS/Google Chrome for Testing --disable-field-trial-config --disable-background-networking --disable-background-timer-throttling --disable-backgrounding-occluded-windows --disable-back-forward-cache --disable-breakpad --disable-client-side-phishing-detection --disable-component-extensions-with-background-pages --disable-component-update --no-default-browser-check --disable-default-apps --disable-dev-shm-usage --disable-extensions --disable-features=AvoidUnnecessaryBeforeUnloadCheckSync,BoundaryEventDispatchTracksNodeRemoval,DestroyProfileOnBrowserClose,DialMediaRouteProvider,GlobalMediaControls,HttpsUpgrades,LensOverlay,MediaRouter,PaintHolding,ThirdPartyStoragePartitioning,Translate,AutoDeElevate,RenderDocument,OptimizationHints --enable-features=CDPScreenshotNewSurface --allow-pre-commit-input --disable-hang-monitor --disable-ipc-flooding-protection --disable-popup-blocking --disable-prompt-on-repost --disable-renderer-backgrounding --force-color-profile=srgb --metrics-recording-only --no-first-run --password-store=basic --use-mock-keychain --no-service-autorun --export-tagged-pdf --disable-search-engine-choice-screen --unsafely-disable-devtools-self-xss-warnings --edge-skip-compat-layer-relaunch --enable-automation --disable-infobars --disable-search-engine-choice-screen --disable-sync --no-sandbox --disable-blink-features=AutomationControlled --user-data-dir=/Users/surajsatyarthi/Library/Application Support/Google/Chrome/Profile 6 --remote-debugging-pipe about:blank[22m
    [2m  - <launched> pid=34175[22m
    [2m  - [pid=34175][err] [34175:363606:0209/203045.794927:ERROR:chrome/browser/process_singleton_posix.cc:345] Failed to create /Users/surajsatyarthi/Library/Application Support/Google/Chrome/Profile 6/SingletonLock: File exists (17)[22m
    [2m  - [pid=34175][err] [34175:363606:0209/203045.795114:ERROR:chrome/app/chrome_main_delegate.cc:513] Failed to create a ProcessSingleton for your profile directory. This means that running multiple instances would start multiple browser processes rather than opening a new window in the existing process. Aborting now to avoid profile corruption.[22m
    [2m  - [pid=34175] <gracefully close start>[22m
    [2m  - [pid=34175] <kill>[22m
    [2m  - [pid=34175] <will force kill>[22m
    [2m  - [pid=34175] exception while trying to kill process: Error: kill EPERM[22m
    [2m  - [pid=34175] <process did exit: exitCode=21, signal=null>[22m
    [2m  - [pid=34175] starting temporary directories cleanup[22m
    [2m  - [pid=34175] finished temporary directories cleanup[22m
    [2m  - [pid=34175] <gracefully close end>[22m


       at ../fixtures/chrome-profile.fixture.ts:17

      15 |     const profileDir = 'Profile 6';
      16 |     
    > 17 |     const context = await chromium.launchPersistentContext(`${userDataDir}/${profileDir}`, {
         |                     ^
      18 |       headless: false,
      19 |       args: ['--disable-blink-features=AutomationControlled'],
      20 |       viewport: { width: 1280, height: 720 },
        at Object.context (/Users/surajsatyarthi/Projects/active/Fin/finance-tracker/tests/fixtures/chrome-profile.fixture.ts:17:21)

  28) [firefox] › tests/e2e/accounts.spec.ts:40:7 › Accounts - Create › should create savings account successfully 

    Error: page.fill: Error: Element is not an <input>, <textarea> or [contenteditable] element
    Call log:
    [2m  - waiting for locator('input[name="type"], #type, select[name="type"]')[22m
    [2m    - locator resolved to <select id="type" required="" class="mt-1 block w-full px-3 py-2 border border-gray-300 rounded-md shadow-sm focus:outline-none focus:ring-blue-500 focus:border-blue-500 text-gray-500">…</select>[22m
    [2m    - fill("Savings")[22m
    [2m  - attempting fill action[22m
    [2m    - waiting for element to be visible, enabled and editable[22m


      45 |     // Fill form
      46 |     await page.fill('input[name="name"], #name', testName);
    > 47 |     await page.fill('input[name="type"], #type, select[name="type"]', TEST_ACCOUNTS.savings.type);
         |                ^
      48 |     await page.fill('input[name="balance"], #balance', TEST_ACCOUNTS.savings.balance.toString());
      49 |     
      50 |     // Submit form
        at /Users/surajsatyarthi/Projects/active/Fin/finance-tracker/tests/e2e/accounts.spec.ts:47:16

    attachment #1: screenshot (image/png) ──────────────────────────────────────────────────────────
    test-results/accounts-Accounts---Create-79852-avings-account-successfully-firefox/test-failed-1.png
    ────────────────────────────────────────────────────────────────────────────────────────────────

    attachment #2: video (video/webm) ──────────────────────────────────────────────────────────────
    test-results/accounts-Accounts---Create-79852-avings-account-successfully-firefox/video.webm
    ────────────────────────────────────────────────────────────────────────────────────────────────

    Error Context: test-results/accounts-Accounts---Create-79852-avings-account-successfully-firefox/error-context.md

  29) [firefox] › tests/e2e/accounts.spec.ts:61:7 › Accounts - Create › should create checking account successfully 

    TimeoutError: page.waitForURL: Timeout 10000ms exceeded.
    =========================== logs ===========================
    waiting for navigation to "/dashboard" until "load"
    ============================================================

       at ../utils/test-helpers.ts:29

      27 |   
      28 |   // Wait for redirect to dashboard
    > 29 |   await page.waitForURL('/dashboard', { timeout: 10000 });
         |              ^
      30 | }
      31 |
      32 | /**
        at login (/Users/surajsatyarthi/Projects/active/Fin/finance-tracker/tests/utils/test-helpers.ts:29:14)
        at /Users/surajsatyarthi/Projects/active/Fin/finance-tracker/tests/e2e/accounts.spec.ts:37:5

    attachment #1: screenshot (image/png) ──────────────────────────────────────────────────────────
    test-results/accounts-Accounts---Create-0b4fc-ecking-account-successfully-firefox/test-failed-1.png
    ────────────────────────────────────────────────────────────────────────────────────────────────

    attachment #2: video (video/webm) ──────────────────────────────────────────────────────────────
    test-results/accounts-Accounts---Create-0b4fc-ecking-account-successfully-firefox/video.webm
    ────────────────────────────────────────────────────────────────────────────────────────────────

    Error Context: test-results/accounts-Accounts---Create-0b4fc-ecking-account-successfully-firefox/error-context.md

  30) [firefox] › tests/e2e/accounts.spec.ts:77:7 › Accounts - Create › should handle negative balance 

    Error: page.fill: Error: Element is not an <input>, <textarea> or [contenteditable] element
    Call log:
    [2m  - waiting for locator('input[name="type"], #type')[22m
    [2m    - locator resolved to <select id="type" required="" class="mt-1 block w-full px-3 py-2 border border-gray-300 rounded-md shadow-sm focus:outline-none focus:ring-blue-500 focus:border-blue-500 text-gray-500">…</select>[22m
    [2m    - fill("Current")[22m
    [2m  - attempting fill action[22m
    [2m    - waiting for element to be visible, enabled and editable[22m


      81 |     
      82 |     await page.fill('input[name="name"], #name', testName);
    > 83 |     await page.fill('input[name="type"], #type', EDGE_CASES.negativeBalance.type);
         |                ^
      84 |     await page.fill('input[name="balance"], #balance', EDGE_CASES.negativeBalance.balance.toString());
      85 |     
      86 |     await page.click('button[type="submit"]');
        at /Users/surajsatyarthi/Projects/active/Fin/finance-tracker/tests/e2e/accounts.spec.ts:83:16

    attachment #1: screenshot (image/png) ──────────────────────────────────────────────────────────
    test-results/accounts-Accounts---Create-should-handle-negative-balance-firefox/test-failed-1.png
    ────────────────────────────────────────────────────────────────────────────────────────────────

    attachment #2: video (video/webm) ──────────────────────────────────────────────────────────────
    test-results/accounts-Accounts---Create-should-handle-negative-balance-firefox/video.webm
    ────────────────────────────────────────────────────────────────────────────────────────────────

    Error Context: test-results/accounts-Accounts---Create-should-handle-negative-balance-firefox/error-context.md

  31) [firefox] › tests/e2e/accounts.spec.ts:92:7 › Accounts - Create › should handle zero balance ─

    TimeoutError: page.waitForURL: Timeout 10000ms exceeded.
    =========================== logs ===========================
    waiting for navigation to "/dashboard" until "load"
    ============================================================

       at ../utils/test-helpers.ts:29

      27 |   
      28 |   // Wait for redirect to dashboard
    > 29 |   await page.waitForURL('/dashboard', { timeout: 10000 });
         |              ^
      30 | }
      31 |
      32 | /**
        at login (/Users/surajsatyarthi/Projects/active/Fin/finance-tracker/tests/utils/test-helpers.ts:29:14)
        at /Users/surajsatyarthi/Projects/active/Fin/finance-tracker/tests/e2e/accounts.spec.ts:37:5

    attachment #1: screenshot (image/png) ──────────────────────────────────────────────────────────
    test-results/accounts-Accounts---Create-should-handle-zero-balance-firefox/test-failed-1.png
    ────────────────────────────────────────────────────────────────────────────────────────────────

    attachment #2: video (video/webm) ──────────────────────────────────────────────────────────────
    test-results/accounts-Accounts---Create-should-handle-zero-balance-firefox/video.webm
    ────────────────────────────────────────────────────────────────────────────────────────────────

    Error Context: test-results/accounts-Accounts---Create-should-handle-zero-balance-firefox/error-context.md

  32) [firefox] › tests/e2e/accounts.spec.ts:105:7 › Accounts - Create › should handle large balance amounts 

    TimeoutError: page.waitForURL: Timeout 10000ms exceeded.
    =========================== logs ===========================
    waiting for navigation to "/dashboard" until "load"
    ============================================================

       at ../utils/test-helpers.ts:29

      27 |   
      28 |   // Wait for redirect to dashboard
    > 29 |   await page.waitForURL('/dashboard', { timeout: 10000 });
         |              ^
      30 | }
      31 |
      32 | /**
        at login (/Users/surajsatyarthi/Projects/active/Fin/finance-tracker/tests/utils/test-helpers.ts:29:14)
        at /Users/surajsatyarthi/Projects/active/Fin/finance-tracker/tests/e2e/accounts.spec.ts:37:5

    attachment #1: screenshot (image/png) ──────────────────────────────────────────────────────────
    test-results/accounts-Accounts---Create-d5ee4-andle-large-balance-amounts-firefox/test-failed-1.png
    ────────────────────────────────────────────────────────────────────────────────────────────────

    attachment #2: video (video/webm) ──────────────────────────────────────────────────────────────
    test-results/accounts-Accounts---Create-d5ee4-andle-large-balance-amounts-firefox/video.webm
    ────────────────────────────────────────────────────────────────────────────────────────────────

    Error Context: test-results/accounts-Accounts---Create-d5ee4-andle-large-balance-amounts-firefox/error-context.md

  33) [firefox] › tests/e2e/accounts.spec.ts:118:7 › Accounts - Create › should validate required fields 

    Error: [2mexpect([22m[31mreceived[39m[2m).[22mtoContain[2m([22m[32mexpected[39m[2m) // indexOf[22m

    Expected substring: [32m"/new"[39m
    Received string:    [31m"https://zzwouesueadoqrlmteyh.supabase.co/login"[39m

      127 |     // Form should not submit (still on new page)
      128 |     const currentUrl = page.url();
    > 129 |     expect(currentUrl).toContain('/new');
          |                        ^
      130 |   });
      131 |
      132 |   test('should sanitize special characters in name', async ({ page }) => {
        at /Users/surajsatyarthi/Projects/active/Fin/finance-tracker/tests/e2e/accounts.spec.ts:129:24

    attachment #1: screenshot (image/png) ──────────────────────────────────────────────────────────
    test-results/accounts-Accounts---Create-should-validate-required-fields-firefox/test-failed-1.png
    ────────────────────────────────────────────────────────────────────────────────────────────────

    attachment #2: video (video/webm) ──────────────────────────────────────────────────────────────
    test-results/accounts-Accounts---Create-should-validate-required-fields-firefox/video.webm
    ────────────────────────────────────────────────────────────────────────────────────────────────

    Error Context: test-results/accounts-Accounts---Create-should-validate-required-fields-firefox/error-context.md

  34) [firefox] › tests/e2e/accounts.spec.ts:132:7 › Accounts - Create › should sanitize special characters in name 

    TimeoutError: page.fill: Timeout 10000ms exceeded.
    Call log:
    [2m  - waiting for locator('input[name="name"], #name')[22m


      136 |     const testName = `Test Account ${generateTestId()}`;
      137 |     
    > 138 |     await page.fill('input[name="name"], #name', testName);
          |                ^
      139 |     await page.fill('input[name="type"], #type', 'Savings');
      140 |     await page.fill('input[name="balance"], #balance', '10000');
      141 |     
        at /Users/surajsatyarthi/Projects/active/Fin/finance-tracker/tests/e2e/accounts.spec.ts:138:16

    attachment #1: screenshot (image/png) ──────────────────────────────────────────────────────────
    test-results/accounts-Accounts---Create-151e9--special-characters-in-name-firefox/test-failed-1.png
    ────────────────────────────────────────────────────────────────────────────────────────────────

    attachment #2: video (video/webm) ──────────────────────────────────────────────────────────────
    test-results/accounts-Accounts---Create-151e9--special-characters-in-name-firefox/video.webm
    ────────────────────────────────────────────────────────────────────────────────────────────────

    Error Context: test-results/accounts-Accounts---Create-151e9--special-characters-in-name-firefox/error-context.md

  35) [firefox] › tests/e2e/accounts.spec.ts:153:7 › Accounts - Edit › should edit account successfully 

    Error: page.fill: Error: Element is not an <input>, <textarea> or [contenteditable] element
    Call log:
    [2m  - waiting for locator('input[name="type"], #type')[22m
    [2m    - locator resolved to <select id="type" required="" class="mt-1 block w-full px-3 py-2 border border-gray-300 rounded-md shadow-sm focus:outline-none focus:ring-blue-500 focus:border-blue-500 text-gray-500">…</select>[22m
    [2m    - fill("Savings")[22m
    [2m  - attempting fill action[22m
    [2m    - waiting for element to be visible, enabled and editable[22m


      157 |     
      158 |     await page.fill('input[name="name"], #name', originalName);
    > 159 |     await page.fill('input[name="type"], #type', 'Savings');
          |                ^
      160 |     await page.fill('input[name="balance"], #balance', '50000');
      161 |     await page.click('button[type="submit"]');
      162 |     
        at /Users/surajsatyarthi/Projects/active/Fin/finance-tracker/tests/e2e/accounts.spec.ts:159:16

    attachment #1: screenshot (image/png) ──────────────────────────────────────────────────────────
    test-results/accounts-Accounts---Edit-should-edit-account-successfully-firefox/test-failed-1.png
    ────────────────────────────────────────────────────────────────────────────────────────────────

    attachment #2: video (video/webm) ──────────────────────────────────────────────────────────────
    test-results/accounts-Accounts---Edit-should-edit-account-successfully-firefox/video.webm
    ────────────────────────────────────────────────────────────────────────────────────────────────

    Error Context: test-results/accounts-Accounts---Edit-should-edit-account-successfully-firefox/error-context.md

  36) [firefox] › tests/e2e/accounts.spec.ts:225:7 › Accounts - Delete › should delete account successfully 

    Error: page.fill: Error: Element is not an <input>, <textarea> or [contenteditable] element
    Call log:
    [2m  - waiting for locator('input[name="type"], #type')[22m
    [2m    - locator resolved to <select id="type" required="" class="mt-1 block w-full px-3 py-2 border border-gray-300 rounded-md shadow-sm focus:outline-none focus:ring-blue-500 focus:border-blue-500 text-gray-500">…</select>[22m
    [2m    - fill("Savings")[22m
    [2m  - attempting fill action[22m
    [2m    - waiting for element to be visible, enabled and editable[22m


      229 |     
      230 |     await page.fill('input[name="name"], #name', testName);
    > 231 |     await page.fill('input[name="type"], #type', 'Savings');
          |                ^
      232 |     await page.fill('input[name="balance"], #balance', '1000');
      233 |     await page.click('button[type="submit"]');
      234 |     
        at /Users/surajsatyarthi/Projects/active/Fin/finance-tracker/tests/e2e/accounts.spec.ts:231:16

    attachment #1: screenshot (image/png) ──────────────────────────────────────────────────────────
    test-results/accounts-Accounts---Delete-538d0-delete-account-successfully-firefox/test-failed-1.png
    ────────────────────────────────────────────────────────────────────────────────────────────────

    attachment #2: video (video/webm) ──────────────────────────────────────────────────────────────
    test-results/accounts-Accounts---Delete-538d0-delete-account-successfully-firefox/video.webm
    ────────────────────────────────────────────────────────────────────────────────────────────────

    Error Context: test-results/accounts-Accounts---Delete-538d0-delete-account-successfully-firefox/error-context.md

  37) [firefox] › tests/e2e/accounts.spec.ts:267:7 › Accounts - Data Integrity › should reflect account changes in dashboard 

    Error: page.fill: Error: Element is not an <input>, <textarea> or [contenteditable] element
    Call log:
    [2m  - waiting for locator('input[name="type"], #type')[22m
    [2m    - locator resolved to <select id="type" required="" class="mt-1 block w-full px-3 py-2 border border-gray-300 rounded-md shadow-sm focus:outline-none focus:ring-blue-500 focus:border-blue-500 text-gray-500">…</select>[22m
    [2m    - fill("Savings")[22m
    [2m  - attempting fill action[22m
    [2m    - waiting for element to be visible, enabled and editable[22m


      274 |     
      275 |     await page.fill('input[name="name"], #name', testName);
    > 276 |     await page.fill('input[name="type"], #type', 'Savings');
          |                ^
      277 |     await page.fill('input[name="balance"], #balance', '100000');
      278 |     await page.click('button[type="submit"]');
      279 |     
        at /Users/surajsatyarthi/Projects/active/Fin/finance-tracker/tests/e2e/accounts.spec.ts:276:16

    attachment #1: screenshot (image/png) ──────────────────────────────────────────────────────────
    test-results/accounts-Accounts---Data-I-c9953-ccount-changes-in-dashboard-firefox/test-failed-1.png
    ────────────────────────────────────────────────────────────────────────────────────────────────

    attachment #2: video (video/webm) ──────────────────────────────────────────────────────────────
    test-results/accounts-Accounts---Data-I-c9953-ccount-changes-in-dashboard-firefox/video.webm
    ────────────────────────────────────────────────────────────────────────────────────────────────

    Error Context: test-results/accounts-Accounts---Data-I-c9953-ccount-changes-in-dashboard-firefox/error-context.md

  38) [firefox] › tests/e2e/auth.spec.ts:104:7 › Session Management › should logout successfully ───

    TimeoutError: page.waitForURL: Timeout 10000ms exceeded.
    =========================== logs ===========================
    waiting for navigation to "/dashboard" until "load"
    ============================================================

       at ../utils/test-helpers.ts:29

      27 |   
      28 |   // Wait for redirect to dashboard
    > 29 |   await page.waitForURL('/dashboard', { timeout: 10000 });
         |              ^
      30 | }
      31 |
      32 | /**
        at login (/Users/surajsatyarthi/Projects/active/Fin/finance-tracker/tests/utils/test-helpers.ts:29:14)
        at /Users/surajsatyarthi/Projects/active/Fin/finance-tracker/tests/e2e/auth.spec.ts:105:5

    attachment #1: screenshot (image/png) ──────────────────────────────────────────────────────────
    test-results/auth-Session-Management-should-logout-successfully-firefox/test-failed-1.png
    ────────────────────────────────────────────────────────────────────────────────────────────────

    attachment #2: video (video/webm) ──────────────────────────────────────────────────────────────
    test-results/auth-Session-Management-should-logout-successfully-firefox/video.webm
    ────────────────────────────────────────────────────────────────────────────────────────────────

    Error Context: test-results/auth-Session-Management-should-logout-successfully-firefox/error-context.md

  39) [firefox] › tests/e2e/credit-cards.spec.ts:22:7 › Credit Cards - List View › should display new credit card button 

    TimeoutError: page.waitForURL: Timeout 10000ms exceeded.
    =========================== logs ===========================
    waiting for navigation to "/dashboard" until "load"
    ============================================================

       at ../utils/test-helpers.ts:29

      27 |   
      28 |   // Wait for redirect to dashboard
    > 29 |   await page.waitForURL('/dashboard', { timeout: 10000 });
         |              ^
      30 | }
      31 |
      32 | /**
        at login (/Users/surajsatyarthi/Projects/active/Fin/finance-tracker/tests/utils/test-helpers.ts:29:14)
        at /Users/surajsatyarthi/Projects/active/Fin/finance-tracker/tests/e2e/credit-cards.spec.ts:13:5

    attachment #1: screenshot (image/png) ──────────────────────────────────────────────────────────
    test-results/credit-cards-Credit-Cards--1545b-play-new-credit-card-button-firefox/test-failed-1.png
    ────────────────────────────────────────────────────────────────────────────────────────────────

    attachment #2: video (video/webm) ──────────────────────────────────────────────────────────────
    test-results/credit-cards-Credit-Cards--1545b-play-new-credit-card-button-firefox/video.webm
    ────────────────────────────────────────────────────────────────────────────────────────────────

    Error Context: test-results/credit-cards-Credit-Cards--1545b-play-new-credit-card-button-firefox/error-context.md

  40) [firefox] › tests/e2e/credit-cards.spec.ts:69:7 › Credit Cards - Create › should create premium credit card 

    TimeoutError: page.waitForURL: Timeout 10000ms exceeded.
    =========================== logs ===========================
    waiting for navigation to "/dashboard" until "load"
    ============================================================

       at ../utils/test-helpers.ts:29

      27 |   
      28 |   // Wait for redirect to dashboard
    > 29 |   await page.waitForURL('/dashboard', { timeout: 10000 });
         |              ^
      30 | }
      31 |
      32 | /**
        at login (/Users/surajsatyarthi/Projects/active/Fin/finance-tracker/tests/utils/test-helpers.ts:29:14)
        at /Users/surajsatyarthi/Projects/active/Fin/finance-tracker/tests/e2e/credit-cards.spec.ts:36:5

    attachment #1: screenshot (image/png) ──────────────────────────────────────────────────────────
    test-results/credit-cards-Credit-Cards--a3cfe--create-premium-credit-card-firefox/test-failed-1.png
    ────────────────────────────────────────────────────────────────────────────────────────────────

    attachment #2: video (video/webm) ──────────────────────────────────────────────────────────────
    test-results/credit-cards-Credit-Cards--a3cfe--create-premium-credit-card-firefox/video.webm
    ────────────────────────────────────────────────────────────────────────────────────────────────

    Error Context: test-results/credit-cards-Credit-Cards--a3cfe--create-premium-credit-card-firefox/error-context.md

  41) [firefox] › tests/e2e/credit-cards.spec.ts:90:7 › Credit Cards - Create › should validate credit limit is positive 

    TimeoutError: page.waitForURL: Timeout 10000ms exceeded.
    =========================== logs ===========================
    waiting for navigation to "/dashboard" until "load"
    ============================================================

       at ../utils/test-helpers.ts:29

      27 |   
      28 |   // Wait for redirect to dashboard
    > 29 |   await page.waitForURL('/dashboard', { timeout: 10000 });
         |              ^
      30 | }
      31 |
      32 | /**
        at login (/Users/surajsatyarthi/Projects/active/Fin/finance-tracker/tests/utils/test-helpers.ts:29:14)
        at /Users/surajsatyarthi/Projects/active/Fin/finance-tracker/tests/e2e/credit-cards.spec.ts:36:5

    attachment #1: screenshot (image/png) ──────────────────────────────────────────────────────────
    test-results/credit-cards-Credit-Cards--3b128-te-credit-limit-is-positive-firefox/test-failed-1.png
    ────────────────────────────────────────────────────────────────────────────────────────────────

    attachment #2: video (video/webm) ──────────────────────────────────────────────────────────────
    test-results/credit-cards-Credit-Cards--3b128-te-credit-limit-is-positive-firefox/video.webm
    ────────────────────────────────────────────────────────────────────────────────────────────────

    Error Context: test-results/credit-cards-Credit-Cards--3b128-te-credit-limit-is-positive-firefox/error-context.md

  42) [firefox] › tests/e2e/credit-cards.spec.ts:121:7 › Credit Cards - Create › should calculate utilization when balance exceeds limit 

    TimeoutError: page.waitForURL: Timeout 10000ms exceeded.
    =========================== logs ===========================
    waiting for navigation to "/dashboard" until "load"
    ============================================================

       at ../utils/test-helpers.ts:29

      27 |   
      28 |   // Wait for redirect to dashboard
    > 29 |   await page.waitForURL('/dashboard', { timeout: 10000 });
         |              ^
      30 | }
      31 |
      32 | /**
        at login (/Users/surajsatyarthi/Projects/active/Fin/finance-tracker/tests/utils/test-helpers.ts:29:14)
        at /Users/surajsatyarthi/Projects/active/Fin/finance-tracker/tests/e2e/credit-cards.spec.ts:36:5

    attachment #1: screenshot (image/png) ──────────────────────────────────────────────────────────
    test-results/credit-cards-Credit-Cards--e4926--when-balance-exceeds-limit-firefox/test-failed-1.png
    ────────────────────────────────────────────────────────────────────────────────────────────────

    attachment #2: video (video/webm) ──────────────────────────────────────────────────────────────
    test-results/credit-cards-Credit-Cards--e4926--when-balance-exceeds-limit-firefox/video.webm
    ────────────────────────────────────────────────────────────────────────────────────────────────

    Error Context: test-results/credit-cards-Credit-Cards--e4926--when-balance-exceeds-limit-firefox/error-context.md

  43) [firefox] › tests/e2e/dashboard.spec.ts:15:7 › Dashboard - Core Functionality › should load dashboard successfully 

    TimeoutError: page.waitForURL: Timeout 10000ms exceeded.
    =========================== logs ===========================
    waiting for navigation to "/dashboard" until "load"
    ============================================================

       at ../utils/test-helpers.ts:29

      27 |   
      28 |   // Wait for redirect to dashboard
    > 29 |   await page.waitForURL('/dashboard', { timeout: 10000 });
         |              ^
      30 | }
      31 |
      32 | /**
        at login (/Users/surajsatyarthi/Projects/active/Fin/finance-tracker/tests/utils/test-helpers.ts:29:14)
        at /Users/surajsatyarthi/Projects/active/Fin/finance-tracker/tests/e2e/dashboard.spec.ts:12:5

    attachment #1: screenshot (image/png) ──────────────────────────────────────────────────────────
    test-results/dashboard-Dashboard---Core-eceab-load-dashboard-successfully-firefox/test-failed-1.png
    ────────────────────────────────────────────────────────────────────────────────────────────────

    attachment #2: video (video/webm) ──────────────────────────────────────────────────────────────
    test-results/dashboard-Dashboard---Core-eceab-load-dashboard-successfully-firefox/video.webm
    ────────────────────────────────────────────────────────────────────────────────────────────────

    Error Context: test-results/dashboard-Dashboard---Core-eceab-load-dashboard-successfully-firefox/error-context.md

  44) [firefox] › tests/e2e/dashboard.spec.ts:20:7 › Dashboard - Core Functionality › should display all key metric cards 

    Error: [2mexpect([22m[31mlocator[39m[2m).[22mtoBeVisible[2m([22m[2m)[22m failed

    Locator: locator('text=Net Worth')
    Expected: visible
    Error: strict mode violation: locator('text=Net Worth') resolved to 2 elements:
        1) <p class="text-sm text-gray-500">Net Worth</p> aka getByRole('paragraph').filter({ hasText: 'Net Worth' })
        2) <td class="py-3 text-sm font-medium text-gray-900">Net Worth</td> aka getByRole('cell', { name: 'Net Worth' })

    Call log:
    [2m  - Expect "toBeVisible" with timeout 5000ms[22m
    [2m  - waiting for locator('text=Net Worth')[22m


      26 |     
      27 |     for (const metric of metrics) {
    > 28 |       await expect(page.locator(`text=${metric}`)).toBeVisible();
         |                                                    ^
      29 |     }
      30 |   });
      31 |
        at /Users/surajsatyarthi/Projects/active/Fin/finance-tracker/tests/e2e/dashboard.spec.ts:28:52

    attachment #1: screenshot (image/png) ──────────────────────────────────────────────────────────
    test-results/dashboard-Dashboard---Core-64813-isplay-all-key-metric-cards-firefox/test-failed-1.png
    ────────────────────────────────────────────────────────────────────────────────────────────────

    attachment #2: video (video/webm) ──────────────────────────────────────────────────────────────
    test-results/dashboard-Dashboard---Core-64813-isplay-all-key-metric-cards-firefox/video.webm
    ────────────────────────────────────────────────────────────────────────────────────────────────

    Error Context: test-results/dashboard-Dashboard---Core-64813-isplay-all-key-metric-cards-firefox/error-context.md

  45) [firefox] › tests/e2e/dashboard.spec.ts:32:7 › Dashboard - Core Functionality › should display net worth with correct color coding 

    Error: [2mexpect([22m[31mreceived[39m[2m).[22mtoBeTruthy[2m()[22m

    Received: [31mfalse[39m

      44 |     // Should have either text-green-600 or text-red-600
      45 |     const hasColorClass = className?.includes('text-green-600') || className?.includes('text-red-600');
    > 46 |     expect(hasColorClass).toBeTruthy();
         |                           ^
      47 |   });
      48 |
      49 |   test('should display savings rate with color coding', async ({ page }) => {
        at /Users/surajsatyarthi/Projects/active/Fin/finance-tracker/tests/e2e/dashboard.spec.ts:46:27

    attachment #1: screenshot (image/png) ──────────────────────────────────────────────────────────
    test-results/dashboard-Dashboard---Core-6c4fd-h-with-correct-color-coding-firefox/test-failed-1.png
    ────────────────────────────────────────────────────────────────────────────────────────────────

    attachment #2: video (video/webm) ──────────────────────────────────────────────────────────────
    test-results/dashboard-Dashboard---Core-6c4fd-h-with-correct-color-coding-firefox/video.webm
    ────────────────────────────────────────────────────────────────────────────────────────────────

    Error Context: test-results/dashboard-Dashboard---Core-6c4fd-h-with-correct-color-coding-firefox/error-context.md

  46) [firefox] › tests/e2e/dashboard.spec.ts:49:7 › Dashboard - Core Functionality › should display savings rate with color coding 

    TimeoutError: page.waitForURL: Timeout 10000ms exceeded.
    =========================== logs ===========================
    waiting for navigation to "/dashboard" until "load"
    ============================================================

       at ../utils/test-helpers.ts:29

      27 |   
      28 |   // Wait for redirect to dashboard
    > 29 |   await page.waitForURL('/dashboard', { timeout: 10000 });
         |              ^
      30 | }
      31 |
      32 | /**
        at login (/Users/surajsatyarthi/Projects/active/Fin/finance-tracker/tests/utils/test-helpers.ts:29:14)
        at /Users/surajsatyarthi/Projects/active/Fin/finance-tracker/tests/e2e/dashboard.spec.ts:12:5

    attachment #1: screenshot (image/png) ──────────────────────────────────────────────────────────
    test-results/dashboard-Dashboard---Core-0a953-ings-rate-with-color-coding-firefox/test-failed-1.png
    ────────────────────────────────────────────────────────────────────────────────────────────────

    attachment #2: video (video/webm) ──────────────────────────────────────────────────────────────
    test-results/dashboard-Dashboard---Core-0a953-ings-rate-with-color-coding-firefox/video.webm
    ────────────────────────────────────────────────────────────────────────────────────────────────

    Error Context: test-results/dashboard-Dashboard---Core-0a953-ings-rate-with-color-coding-firefox/error-context.md

  47) [firefox] › tests/e2e/dashboard.spec.ts:93:7 › Dashboard - Assets & Liabilities › should display assets and liabilities breakdown 

    TimeoutError: page.waitForURL: Timeout 10000ms exceeded.
    =========================== logs ===========================
    waiting for navigation to "/dashboard" until "load"
    ============================================================

       at ../utils/test-helpers.ts:29

      27 |   
      28 |   // Wait for redirect to dashboard
    > 29 |   await page.waitForURL('/dashboard', { timeout: 10000 });
         |              ^
      30 | }
      31 |
      32 | /**
        at login (/Users/surajsatyarthi/Projects/active/Fin/finance-tracker/tests/utils/test-helpers.ts:29:14)
        at /Users/surajsatyarthi/Projects/active/Fin/finance-tracker/tests/e2e/dashboard.spec.ts:90:5

    attachment #1: screenshot (image/png) ──────────────────────────────────────────────────────────
    test-results/dashboard-Dashboard---Asse-c086c-s-and-liabilities-breakdown-firefox/test-failed-1.png
    ────────────────────────────────────────────────────────────────────────────────────────────────

    attachment #2: video (video/webm) ──────────────────────────────────────────────────────────────
    test-results/dashboard-Dashboard---Asse-c086c-s-and-liabilities-breakdown-firefox/video.webm
    ────────────────────────────────────────────────────────────────────────────────────────────────

    Error Context: test-results/dashboard-Dashboard---Asse-c086c-s-and-liabilities-breakdown-firefox/error-context.md

  48) [firefox] › tests/e2e/dashboard.spec.ts:114:7 › Dashboard - Assets & Liabilities › should display total liabilities in red 

    TimeoutError: page.waitForURL: Timeout 10000ms exceeded.
    =========================== logs ===========================
    waiting for navigation to "/dashboard" until "load"
    ============================================================

       at ../utils/test-helpers.ts:29

      27 |   
      28 |   // Wait for redirect to dashboard
    > 29 |   await page.waitForURL('/dashboard', { timeout: 10000 });
         |              ^
      30 | }
      31 |
      32 | /**
        at login (/Users/surajsatyarthi/Projects/active/Fin/finance-tracker/tests/utils/test-helpers.ts:29:14)
        at /Users/surajsatyarthi/Projects/active/Fin/finance-tracker/tests/e2e/dashboard.spec.ts:90:5

    attachment #1: screenshot (image/png) ──────────────────────────────────────────────────────────
    test-results/dashboard-Dashboard---Asse-7fd09-ay-total-liabilities-in-red-firefox/test-failed-1.png
    ────────────────────────────────────────────────────────────────────────────────────────────────

    attachment #2: video (video/webm) ──────────────────────────────────────────────────────────────
    test-results/dashboard-Dashboard---Asse-7fd09-ay-total-liabilities-in-red-firefox/video.webm
    ────────────────────────────────────────────────────────────────────────────────────────────────

    Error Context: test-results/dashboard-Dashboard---Asse-7fd09-ay-total-liabilities-in-red-firefox/error-context.md

  49) [firefox] › tests/e2e/dashboard.spec.ts:147:7 › Dashboard - Portfolio Summary › should display portfolio summary section 

    TimeoutError: page.waitForURL: Timeout 10000ms exceeded.
    =========================== logs ===========================
    waiting for navigation to "/dashboard" until "load"
    ============================================================

       at ../utils/test-helpers.ts:29

      27 |   
      28 |   // Wait for redirect to dashboard
    > 29 |   await page.waitForURL('/dashboard', { timeout: 10000 });
         |              ^
      30 | }
      31 |
      32 | /**
        at login (/Users/surajsatyarthi/Projects/active/Fin/finance-tracker/tests/utils/test-helpers.ts:29:14)
        at /Users/surajsatyarthi/Projects/active/Fin/finance-tracker/tests/e2e/dashboard.spec.ts:144:5

    attachment #1: screenshot (image/png) ──────────────────────────────────────────────────────────
    test-results/dashboard-Dashboard---Port-10917-y-portfolio-summary-section-firefox/test-failed-1.png
    ────────────────────────────────────────────────────────────────────────────────────────────────

    attachment #2: video (video/webm) ──────────────────────────────────────────────────────────────
    test-results/dashboard-Dashboard---Port-10917-y-portfolio-summary-section-firefox/video.webm
    ────────────────────────────────────────────────────────────────────────────────────────────────

    Error Context: test-results/dashboard-Dashboard---Port-10917-y-portfolio-summary-section-firefox/error-context.md

  50) [firefox] › tests/e2e/dashboard.spec.ts:184:7 › Dashboard - Portfolio Summary › should show investment count 

    TimeoutError: page.waitForURL: Timeout 10000ms exceeded.
    =========================== logs ===========================
    waiting for navigation to "/dashboard" until "load"
    ============================================================

       at ../utils/test-helpers.ts:29

      27 |   
      28 |   // Wait for redirect to dashboard
    > 29 |   await page.waitForURL('/dashboard', { timeout: 10000 });
         |              ^
      30 | }
      31 |
      32 | /**
        at login (/Users/surajsatyarthi/Projects/active/Fin/finance-tracker/tests/utils/test-helpers.ts:29:14)
        at /Users/surajsatyarthi/Projects/active/Fin/finance-tracker/tests/e2e/dashboard.spec.ts:144:5

    attachment #1: screenshot (image/png) ──────────────────────────────────────────────────────────
    test-results/dashboard-Dashboard---Port-d3285-hould-show-investment-count-firefox/test-failed-1.png
    ────────────────────────────────────────────────────────────────────────────────────────────────

    attachment #2: video (video/webm) ──────────────────────────────────────────────────────────────
    test-results/dashboard-Dashboard---Port-d3285-hould-show-investment-count-firefox/video.webm
    ────────────────────────────────────────────────────────────────────────────────────────────────

    Error Context: test-results/dashboard-Dashboard---Port-d3285-hould-show-investment-count-firefox/error-context.md

  51) [firefox] › tests/e2e/dashboard.spec.ts:266:7 › Dashboard - Navigation › should have working navigation menu 

    TimeoutError: page.waitForURL: Timeout 10000ms exceeded.
    =========================== logs ===========================
    waiting for navigation to "/dashboard" until "load"
    ============================================================

       at ../utils/test-helpers.ts:29

      27 |   
      28 |   // Wait for redirect to dashboard
    > 29 |   await page.waitForURL('/dashboard', { timeout: 10000 });
         |              ^
      30 | }
      31 |
      32 | /**
        at login (/Users/surajsatyarthi/Projects/active/Fin/finance-tracker/tests/utils/test-helpers.ts:29:14)
        at /Users/surajsatyarthi/Projects/active/Fin/finance-tracker/tests/e2e/dashboard.spec.ts:263:5

    attachment #1: screenshot (image/png) ──────────────────────────────────────────────────────────
    test-results/dashboard-Dashboard---Navi-99b25-ave-working-navigation-menu-firefox/test-failed-1.png
    ────────────────────────────────────────────────────────────────────────────────────────────────

    attachment #2: video (video/webm) ──────────────────────────────────────────────────────────────
    test-results/dashboard-Dashboard---Navi-99b25-ave-working-navigation-menu-firefox/video.webm
    ────────────────────────────────────────────────────────────────────────────────────────────────

    Error Context: test-results/dashboard-Dashboard---Navi-99b25-ave-working-navigation-menu-firefox/error-context.md

  52) [firefox] › tests/e2e/dashboard.spec.ts:282:7 › Dashboard - Navigation › should navigate to transactions page 

    TimeoutError: page.waitForURL: Timeout 10000ms exceeded.
    =========================== logs ===========================
    waiting for navigation to "/dashboard" until "load"
    ============================================================

       at ../utils/test-helpers.ts:29

      27 |   
      28 |   // Wait for redirect to dashboard
    > 29 |   await page.waitForURL('/dashboard', { timeout: 10000 });
         |              ^
      30 | }
      31 |
      32 | /**
        at login (/Users/surajsatyarthi/Projects/active/Fin/finance-tracker/tests/utils/test-helpers.ts:29:14)
        at /Users/surajsatyarthi/Projects/active/Fin/finance-tracker/tests/e2e/dashboard.spec.ts:263:5

    attachment #1: screenshot (image/png) ──────────────────────────────────────────────────────────
    test-results/dashboard-Dashboard---Navi-da240-vigate-to-transactions-page-firefox/test-failed-1.png
    ────────────────────────────────────────────────────────────────────────────────────────────────

    attachment #2: video (video/webm) ──────────────────────────────────────────────────────────────
    test-results/dashboard-Dashboard---Navi-da240-vigate-to-transactions-page-firefox/video.webm
    ────────────────────────────────────────────────────────────────────────────────────────────────

    Error Context: test-results/dashboard-Dashboard---Navi-da240-vigate-to-transactions-page-firefox/error-context.md

  53) [firefox] › tests/e2e/data-integrity.spec.ts:61:7 › Data Integrity - Form Validation › should prevent duplicate submissions 

    Error: page.fill: Error: Element is not an <input>, <textarea> or [contenteditable] element
    Call log:
    [2m  - waiting for locator('input[name="type"], #type')[22m
    [2m    - locator resolved to <select id="type" required="" class="mt-1 block w-full px-3 py-2 border border-gray-300 rounded-md shadow-sm focus:outline-none focus:ring-blue-500 focus:border-blue-500 text-gray-500">…</select>[22m
    [2m    - fill("Savings")[22m
    [2m  - attempting fill action[22m
    [2m    - waiting for element to be visible, enabled and editable[22m


      67 |     const testName = `Duplicate Test ${generateTestId()}`;
      68 |     await page.fill('input[name="name"], #name', testName);
    > 69 |     await page.fill('input[name="type"], #type', 'Savings');
         |                ^
      70 |     await page.fill('input[name="balance"], #balance', '10000');
      71 |     
      72 |     // Click submit multiple times rapidly
        at /Users/surajsatyarthi/Projects/active/Fin/finance-tracker/tests/e2e/data-integrity.spec.ts:69:16

    attachment #1: screenshot (image/png) ──────────────────────────────────────────────────────────
    test-results/data-integrity-Data-Integr-2b828-event-duplicate-submissions-firefox/test-failed-1.png
    ────────────────────────────────────────────────────────────────────────────────────────────────

    attachment #2: video (video/webm) ──────────────────────────────────────────────────────────────
    test-results/data-integrity-Data-Integr-2b828-event-duplicate-submissions-firefox/video.webm
    ────────────────────────────────────────────────────────────────────────────────────────────────

    Error Context: test-results/data-integrity-Data-Integr-2b828-event-duplicate-submissions-firefox/error-context.md

  54) [firefox] › tests/e2e/data-integrity.spec.ts:88:7 › Data Integrity - Form Validation › should sanitize HTML in input fields 

    Error: page.fill: Error: Element is not an <input>, <textarea> or [contenteditable] element
    Call log:
    [2m  - waiting for locator('input[name="type"], #type')[22m
    [2m    - locator resolved to <select id="type" required="" class="mt-1 block w-full px-3 py-2 border border-gray-300 rounded-md shadow-sm focus:outline-none focus:ring-blue-500 focus:border-blue-500 text-gray-500">…</select>[22m
    [2m    - fill("Savings")[22m
    [2m  - attempting fill action[22m
    [2m    - waiting for element to be visible, enabled and editable[22m


      94 |     const htmlPayload = '<img src=x onerror=alert("xss")>';
      95 |     await page.fill('input[name="name"], #name', htmlPayload);
    > 96 |     await page.fill('input[name="type"], #type', 'Savings');
         |                ^
      97 |     await page.fill('input[name="balance"], #balance', '10000');
      98 |     
      99 |     let alertTriggered = false;
        at /Users/surajsatyarthi/Projects/active/Fin/finance-tracker/tests/e2e/data-integrity.spec.ts:96:16

    attachment #1: screenshot (image/png) ──────────────────────────────────────────────────────────
    test-results/data-integrity-Data-Integr-f9511-nitize-HTML-in-input-fields-firefox/test-failed-1.png
    ────────────────────────────────────────────────────────────────────────────────────────────────

    attachment #2: video (video/webm) ──────────────────────────────────────────────────────────────
    test-results/data-integrity-Data-Integr-f9511-nitize-HTML-in-input-fields-firefox/video.webm
    ────────────────────────────────────────────────────────────────────────────────────────────────

    Error Context: test-results/data-integrity-Data-Integr-f9511-nitize-HTML-in-input-fields-firefox/error-context.md

  55) [firefox] › tests/e2e/data-integrity.spec.ts:152:7 › Data Integrity - Large Datasets › should load transactions page efficiently 

    TimeoutError: page.waitForURL: Timeout 10000ms exceeded.
    =========================== logs ===========================
    waiting for navigation to "/dashboard" until "load"
    ============================================================

       at ../utils/test-helpers.ts:29

      27 |   
      28 |   // Wait for redirect to dashboard
    > 29 |   await page.waitForURL('/dashboard', { timeout: 10000 });
         |              ^
      30 | }
      31 |
      32 | /**
        at login (/Users/surajsatyarthi/Projects/active/Fin/finance-tracker/tests/utils/test-helpers.ts:29:14)
        at /Users/surajsatyarthi/Projects/active/Fin/finance-tracker/tests/e2e/data-integrity.spec.ts:154:5

    attachment #1: screenshot (image/png) ──────────────────────────────────────────────────────────
    test-results/data-integrity-Data-Integr-af4cb-ansactions-page-efficiently-firefox/test-failed-1.png
    ────────────────────────────────────────────────────────────────────────────────────────────────

    attachment #2: video (video/webm) ──────────────────────────────────────────────────────────────
    test-results/data-integrity-Data-Integr-af4cb-ansactions-page-efficiently-firefox/video.webm
    ────────────────────────────────────────────────────────────────────────────────────────────────

    Error Context: test-results/data-integrity-Data-Integr-af4cb-ansactions-page-efficiently-firefox/error-context.md

  56) [firefox] › tests/e2e/data-integrity.spec.ts:167:7 › Data Integrity - Network Resilience › should handle offline gracefully 

    TimeoutError: page.waitForURL: Timeout 10000ms exceeded.
    =========================== logs ===========================
    waiting for navigation to "/dashboard" until "load"
    ============================================================

       at ../utils/test-helpers.ts:29

      27 |   
      28 |   // Wait for redirect to dashboard
    > 29 |   await page.waitForURL('/dashboard', { timeout: 10000 });
         |              ^
      30 | }
      31 |
      32 | /**
        at login (/Users/surajsatyarthi/Projects/active/Fin/finance-tracker/tests/utils/test-helpers.ts:29:14)
        at /Users/surajsatyarthi/Projects/active/Fin/finance-tracker/tests/e2e/data-integrity.spec.ts:169:5

    attachment #1: screenshot (image/png) ──────────────────────────────────────────────────────────
    test-results/data-integrity-Data-Integr-2a0cf-d-handle-offline-gracefully-firefox/test-failed-1.png
    ────────────────────────────────────────────────────────────────────────────────────────────────

    attachment #2: video (video/webm) ──────────────────────────────────────────────────────────────
    test-results/data-integrity-Data-Integr-2a0cf-d-handle-offline-gracefully-firefox/video.webm
    ────────────────────────────────────────────────────────────────────────────────────────────────

    Error Context: test-results/data-integrity-Data-Integr-2a0cf-d-handle-offline-gracefully-firefox/error-context.md

  57) [firefox] › tests/e2e/data-integrity.spec.ts:189:7 › Data Integrity - Network Resilience › should handle slow network 

    Error: [2mexpect([22m[31mlocator[39m[2m).[22mtoBeVisible[2m([22m[2m)[22m failed

    Locator: locator('text=Dashboard')
    Expected: visible
    Error: strict mode violation: locator('text=Dashboard') resolved to 2 elements:
        1) <span class="ml-3">Dashboard</span> aka getByRole('link', { name: 'Dashboard' })
        2) <h2 class="text-2xl font-semibold text-gray-900 mb-6">Dashboard</h2> aka getByRole('heading', { name: 'Dashboard' })

    Call log:
    [2m  - Expect "toBeVisible" with timeout 5000ms[22m
    [2m  - waiting for locator('text=Dashboard')[22m


      200 |     
      201 |     // Should still load successfully
    > 202 |     await expect(page.locator('text=Dashboard')).toBeVisible();
          |                                                  ^
      203 |   });
      204 | });
      205 |
        at /Users/surajsatyarthi/Projects/active/Fin/finance-tracker/tests/e2e/data-integrity.spec.ts:202:50

    attachment #1: screenshot (image/png) ──────────────────────────────────────────────────────────
    test-results/data-integrity-Data-Integr-94d3b--should-handle-slow-network-firefox/test-failed-1.png
    ────────────────────────────────────────────────────────────────────────────────────────────────

    attachment #2: video (video/webm) ──────────────────────────────────────────────────────────────
    test-results/data-integrity-Data-Integr-94d3b--should-handle-slow-network-firefox/video.webm
    ────────────────────────────────────────────────────────────────────────────────────────────────

    Error Context: test-results/data-integrity-Data-Integr-94d3b--should-handle-slow-network-firefox/error-context.md

  58) [firefox] › tests/e2e/data-integrity.spec.ts:227:7 › Data Integrity - Cross-Module Consistency › should update dashboard metrics when creating account 

    Error: page.fill: Error: Element is not an <input>, <textarea> or [contenteditable] element
    Call log:
    [2m  - waiting for locator('input[name="type"], #type')[22m
    [2m    - locator resolved to <select id="type" required="" class="mt-1 block w-full px-3 py-2 border border-gray-300 rounded-md shadow-sm focus:outline-none focus:ring-blue-500 focus:border-blue-500 text-gray-500">…</select>[22m
    [2m    - fill("Savings")[22m
    [2m  - attempting fill action[22m
    [2m    - waiting for element to be visible, enabled and editable[22m


      239 |     const testName = `Metric Test ${generateTestId()}`;
      240 |     await page.fill('input[name="name"], #name', testName);
    > 241 |     await page.fill('input[name="type"], #type', 'Savings');
          |                ^
      242 |     await page.fill('input[name="balance"], #balance', '50000');
      243 |     await page.click('button[type="submit"]');
      244 |     
        at /Users/surajsatyarthi/Projects/active/Fin/finance-tracker/tests/e2e/data-integrity.spec.ts:241:16

    attachment #1: screenshot (image/png) ──────────────────────────────────────────────────────────
    test-results/data-integrity-Data-Integr-884fd-trics-when-creating-account-firefox/test-failed-1.png
    ────────────────────────────────────────────────────────────────────────────────────────────────

    attachment #2: video (video/webm) ──────────────────────────────────────────────────────────────
    test-results/data-integrity-Data-Integr-884fd-trics-when-creating-account-firefox/video.webm
    ────────────────────────────────────────────────────────────────────────────────────────────────

    Error Context: test-results/data-integrity-Data-Integr-884fd-trics-when-creating-account-firefox/error-context.md

  59) [firefox] › tests/e2e/data-integrity.spec.ts:257:7 › Edge Cases - Boundary Values › should handle maximum integer values 

    TimeoutError: page.waitForURL: Timeout 10000ms exceeded.
    =========================== logs ===========================
    waiting for navigation to "/dashboard" until "load"
    ============================================================

       at ../utils/test-helpers.ts:29

      27 |   
      28 |   // Wait for redirect to dashboard
    > 29 |   await page.waitForURL('/dashboard', { timeout: 10000 });
         |              ^
      30 | }
      31 |
      32 | /**
        at login (/Users/surajsatyarthi/Projects/active/Fin/finance-tracker/tests/utils/test-helpers.ts:29:14)
        at /Users/surajsatyarthi/Projects/active/Fin/finance-tracker/tests/e2e/data-integrity.spec.ts:259:5

    attachment #1: screenshot (image/png) ──────────────────────────────────────────────────────────
    test-results/data-integrity-Edge-Cases--5ead8-ndle-maximum-integer-values-firefox/test-failed-1.png
    ────────────────────────────────────────────────────────────────────────────────────────────────

    attachment #2: video (video/webm) ──────────────────────────────────────────────────────────────
    test-results/data-integrity-Edge-Cases--5ead8-ndle-maximum-integer-values-firefox/video.webm
    ────────────────────────────────────────────────────────────────────────────────────────────────

    Error Context: test-results/data-integrity-Edge-Cases--5ead8-ndle-maximum-integer-values-firefox/error-context.md

  60) [firefox] › tests/e2e/data-integrity.spec.ts:273:7 › Edge Cases - Boundary Values › should handle decimal precision 

    Error: page.fill: Error: Element is not an <input>, <textarea> or [contenteditable] element
    Call log:
    [2m  - waiting for locator('input[name="type"], #type')[22m
    [2m    - locator resolved to <select id="type" required="" class="mt-1 block w-full px-3 py-2 border border-gray-300 rounded-md shadow-sm focus:outline-none focus:ring-blue-500 focus:border-blue-500 text-gray-500">…</select>[22m
    [2m    - fill("Savings")[22m
    [2m  - attempting fill action[22m
    [2m    - waiting for element to be visible, enabled and editable[22m


      278 |     
      279 |     await page.fill('input[name="name"], #name', `Decimal Test ${generateTestId()}`);
    > 280 |     await page.fill('input[name="type"], #type', 'Savings');
          |                ^
      281 |     await page.fill('input[name="balance"], #balance', '12345.67');
      282 |     
      283 |     await page.click('button[type="submit"]');
        at /Users/surajsatyarthi/Projects/active/Fin/finance-tracker/tests/e2e/data-integrity.spec.ts:280:16

    attachment #1: screenshot (image/png) ──────────────────────────────────────────────────────────
    test-results/data-integrity-Edge-Cases--01eb0-ld-handle-decimal-precision-firefox/test-failed-1.png
    ────────────────────────────────────────────────────────────────────────────────────────────────

    attachment #2: video (video/webm) ──────────────────────────────────────────────────────────────
    test-results/data-integrity-Edge-Cases--01eb0-ld-handle-decimal-precision-firefox/video.webm
    ────────────────────────────────────────────────────────────────────────────────────────────────

    Error Context: test-results/data-integrity-Edge-Cases--01eb0-ld-handle-decimal-precision-firefox/error-context.md

  61) [firefox] › tests/e2e/data-integrity.spec.ts:312:7 › Performance Benchmarks › form submission should be responsive 

    Error: page.fill: Error: Element is not an <input>, <textarea> or [contenteditable] element
    Call log:
    [2m  - waiting for locator('input[name="type"], #type')[22m
    [2m    - locator resolved to <select id="type" required="" class="mt-1 block w-full px-3 py-2 border border-gray-300 rounded-md shadow-sm focus:outline-none focus:ring-blue-500 focus:border-blue-500 text-gray-500">…</select>[22m
    [2m    - fill("Savings")[22m
    [2m  - attempting fill action[22m
    [2m    - waiting for element to be visible, enabled and editable[22m


      318 |     const testName = `Performance Test ${generateTestId()}`;
      319 |     await page.fill('input[name="name"], #name', testName);
    > 320 |     await page.fill('input[name="type"], #type', 'Savings');
          |                ^
      321 |     await page.fill('input[name="balance"], #balance', '10000');
      322 |     
      323 |     const startTime = Date.now();
        at /Users/surajsatyarthi/Projects/active/Fin/finance-tracker/tests/e2e/data-integrity.spec.ts:320:16

    attachment #1: screenshot (image/png) ──────────────────────────────────────────────────────────
    test-results/data-integrity-Performance-4250b-ission-should-be-responsive-firefox/test-failed-1.png
    ────────────────────────────────────────────────────────────────────────────────────────────────

    attachment #2: video (video/webm) ──────────────────────────────────────────────────────────────
    test-results/data-integrity-Performance-4250b-ission-should-be-responsive-firefox/video.webm
    ────────────────────────────────────────────────────────────────────────────────────────────────

    Error Context: test-results/data-integrity-Performance-4250b-ission-should-be-responsive-firefox/error-context.md

  62) [firefox] › tests/e2e/profile-test.spec.ts:8:7 › Profile Test - Supabase Session › should access Finance Tracker with existing Supabase session 

    Error: browserType.launchPersistentContext: Failed to create a ProcessSingleton for your profile directory. This usually means that the profile is already in use by another instance of Chromium.
    Call log:
    [2m  - <launching> /Users/surajsatyarthi/Library/Caches/ms-playwright/chromium-1208/chrome-mac-arm64/Google Chrome for Testing.app/Contents/MacOS/Google Chrome for Testing --disable-field-trial-config --disable-background-networking --disable-background-timer-throttling --disable-backgrounding-occluded-windows --disable-back-forward-cache --disable-breakpad --disable-client-side-phishing-detection --disable-component-extensions-with-background-pages --disable-component-update --no-default-browser-check --disable-default-apps --disable-dev-shm-usage --disable-extensions --disable-features=AvoidUnnecessaryBeforeUnloadCheckSync,BoundaryEventDispatchTracksNodeRemoval,DestroyProfileOnBrowserClose,DialMediaRouteProvider,GlobalMediaControls,HttpsUpgrades,LensOverlay,MediaRouter,PaintHolding,ThirdPartyStoragePartitioning,Translate,AutoDeElevate,RenderDocument,OptimizationHints --enable-features=CDPScreenshotNewSurface --allow-pre-commit-input --disable-hang-monitor --disable-ipc-flooding-protection --disable-popup-blocking --disable-prompt-on-repost --disable-renderer-backgrounding --force-color-profile=srgb --metrics-recording-only --no-first-run --password-store=basic --use-mock-keychain --no-service-autorun --export-tagged-pdf --disable-search-engine-choice-screen --unsafely-disable-devtools-self-xss-warnings --edge-skip-compat-layer-relaunch --enable-automation --disable-infobars --disable-search-engine-choice-screen --disable-sync --no-sandbox --disable-blink-features=AutomationControlled --user-data-dir=/Users/surajsatyarthi/Library/Application Support/Google/Chrome/Profile 6 --remote-debugging-pipe about:blank[22m
    [2m  - <launched> pid=34745[22m
    [2m  - [pid=34745][err] [34745:376999:0209/203225.201641:ERROR:chrome/browser/process_singleton_posix.cc:345] Failed to create /Users/surajsatyarthi/Library/Application Support/Google/Chrome/Profile 6/SingletonLock: File exists (17)[22m
    [2m  - [pid=34745][err] [34745:376999:0209/203225.201888:ERROR:chrome/app/chrome_main_delegate.cc:513] Failed to create a ProcessSingleton for your profile directory. This means that running multiple instances would start multiple browser processes rather than opening a new window in the existing process. Aborting now to avoid profile corruption.[22m
    [2m  - [pid=34745] <gracefully close start>[22m
    [2m  - [pid=34745] <kill>[22m
    [2m  - [pid=34745] <will force kill>[22m
    [2m  - [pid=34745] exception while trying to kill process: Error: kill EPERM[22m
    [2m  - [pid=34745] <process did exit: exitCode=21, signal=null>[22m
    [2m  - [pid=34745] starting temporary directories cleanup[22m
    [2m  - [pid=34745] finished temporary directories cleanup[22m
    [2m  - [pid=34745] <gracefully close end>[22m


       at ../fixtures/chrome-profile.fixture.ts:17

      15 |     const profileDir = 'Profile 6';
      16 |     
    > 17 |     const context = await chromium.launchPersistentContext(`${userDataDir}/${profileDir}`, {
         |                     ^
      18 |       headless: false,
      19 |       args: ['--disable-blink-features=AutomationControlled'],
      20 |       viewport: { width: 1280, height: 720 },
        at Object.context (/Users/surajsatyarthi/Projects/active/Fin/finance-tracker/tests/fixtures/chrome-profile.fixture.ts:17:21)

  63) [webkit] › tests/e2e/accounts.spec.ts:40:7 › Accounts - Create › should create savings account successfully 

    Error: page.fill: Error: Element is not an <input>, <textarea> or [contenteditable] element
    Call log:
    [2m  - waiting for locator('input[name="type"], #type, select[name="type"]')[22m
    [2m    - locator resolved to <select id="type" required="" class="mt-1 block w-full px-3 py-2 border border-gray-300 rounded-md shadow-sm focus:outline-none focus:ring-blue-500 focus:border-blue-500 text-gray-500">…</select>[22m
    [2m    - fill("Savings")[22m
    [2m  - attempting fill action[22m
    [2m    - waiting for element to be visible, enabled and editable[22m


      45 |     // Fill form
      46 |     await page.fill('input[name="name"], #name', testName);
    > 47 |     await page.fill('input[name="type"], #type, select[name="type"]', TEST_ACCOUNTS.savings.type);
         |                ^
      48 |     await page.fill('input[name="balance"], #balance', TEST_ACCOUNTS.savings.balance.toString());
      49 |     
      50 |     // Submit form
        at /Users/surajsatyarthi/Projects/active/Fin/finance-tracker/tests/e2e/accounts.spec.ts:47:16

    attachment #1: screenshot (image/png) ──────────────────────────────────────────────────────────
    test-results/accounts-Accounts---Create-79852-avings-account-successfully-webkit/test-failed-1.png
    ────────────────────────────────────────────────────────────────────────────────────────────────

    attachment #2: video (video/webm) ──────────────────────────────────────────────────────────────
    test-results/accounts-Accounts---Create-79852-avings-account-successfully-webkit/video.webm
    ────────────────────────────────────────────────────────────────────────────────────────────────

    Error Context: test-results/accounts-Accounts---Create-79852-avings-account-successfully-webkit/error-context.md

  64) [webkit] › tests/e2e/accounts.spec.ts:61:7 › Accounts - Create › should create checking account successfully 

    Error: page.fill: Error: Element is not an <input>, <textarea> or [contenteditable] element
    Call log:
    [2m  - waiting for locator('input[name="type"], #type')[22m
    [2m    - locator resolved to <select id="type" required="" class="mt-1 block w-full px-3 py-2 border border-gray-300 rounded-md shadow-sm focus:outline-none focus:ring-blue-500 focus:border-blue-500 text-gray-500">…</select>[22m
    [2m    - fill("Current")[22m
    [2m  - attempting fill action[22m
    [2m    - waiting for element to be visible, enabled and editable[22m


      65 |     
      66 |     await page.fill('input[name="name"], #name', testName);
    > 67 |     await page.fill('input[name="type"], #type', TEST_ACCOUNTS.checking.type);
         |                ^
      68 |     await page.fill('input[name="balance"], #balance', TEST_ACCOUNTS.checking.balance.toString());
      69 |     
      70 |     await page.click('button[type="submit"]');
        at /Users/surajsatyarthi/Projects/active/Fin/finance-tracker/tests/e2e/accounts.spec.ts:67:16

    attachment #1: screenshot (image/png) ──────────────────────────────────────────────────────────
    test-results/accounts-Accounts---Create-0b4fc-ecking-account-successfully-webkit/test-failed-1.png
    ────────────────────────────────────────────────────────────────────────────────────────────────

    attachment #2: video (video/webm) ──────────────────────────────────────────────────────────────
    test-results/accounts-Accounts---Create-0b4fc-ecking-account-successfully-webkit/video.webm
    ────────────────────────────────────────────────────────────────────────────────────────────────

    Error Context: test-results/accounts-Accounts---Create-0b4fc-ecking-account-successfully-webkit/error-context.md

  65) [webkit] › tests/e2e/accounts.spec.ts:77:7 › Accounts - Create › should handle negative balance 

    TimeoutError: page.waitForURL: Timeout 10000ms exceeded.
    =========================== logs ===========================
    waiting for navigation to "/dashboard" until "load"
    ============================================================

       at ../utils/test-helpers.ts:29

      27 |   
      28 |   // Wait for redirect to dashboard
    > 29 |   await page.waitForURL('/dashboard', { timeout: 10000 });
         |              ^
      30 | }
      31 |
      32 | /**
        at login (/Users/surajsatyarthi/Projects/active/Fin/finance-tracker/tests/utils/test-helpers.ts:29:14)
        at /Users/surajsatyarthi/Projects/active/Fin/finance-tracker/tests/e2e/accounts.spec.ts:37:5

    attachment #1: screenshot (image/png) ──────────────────────────────────────────────────────────
    test-results/accounts-Accounts---Create-should-handle-negative-balance-webkit/test-failed-1.png
    ────────────────────────────────────────────────────────────────────────────────────────────────

    attachment #2: video (video/webm) ──────────────────────────────────────────────────────────────
    test-results/accounts-Accounts---Create-should-handle-negative-balance-webkit/video.webm
    ────────────────────────────────────────────────────────────────────────────────────────────────

    Error Context: test-results/accounts-Accounts---Create-should-handle-negative-balance-webkit/error-context.md

  66) [webkit] › tests/e2e/accounts.spec.ts:92:7 › Accounts - Create › should handle zero balance ──

    TimeoutError: page.waitForURL: Timeout 10000ms exceeded.
    =========================== logs ===========================
    waiting for navigation to "/dashboard" until "load"
    ============================================================

       at ../utils/test-helpers.ts:29

      27 |   
      28 |   // Wait for redirect to dashboard
    > 29 |   await page.waitForURL('/dashboard', { timeout: 10000 });
         |              ^
      30 | }
      31 |
      32 | /**
        at login (/Users/surajsatyarthi/Projects/active/Fin/finance-tracker/tests/utils/test-helpers.ts:29:14)
        at /Users/surajsatyarthi/Projects/active/Fin/finance-tracker/tests/e2e/accounts.spec.ts:37:5

    attachment #1: screenshot (image/png) ──────────────────────────────────────────────────────────
    test-results/accounts-Accounts---Create-should-handle-zero-balance-webkit/test-failed-1.png
    ────────────────────────────────────────────────────────────────────────────────────────────────

    attachment #2: video (video/webm) ──────────────────────────────────────────────────────────────
    test-results/accounts-Accounts---Create-should-handle-zero-balance-webkit/video.webm
    ────────────────────────────────────────────────────────────────────────────────────────────────

    Error Context: test-results/accounts-Accounts---Create-should-handle-zero-balance-webkit/error-context.md

  67) [webkit] › tests/e2e/accounts.spec.ts:105:7 › Accounts - Create › should handle large balance amounts 

    TimeoutError: page.waitForURL: Timeout 10000ms exceeded.
    =========================== logs ===========================
    waiting for navigation to "/dashboard" until "load"
    ============================================================

       at ../utils/test-helpers.ts:29

      27 |   
      28 |   // Wait for redirect to dashboard
    > 29 |   await page.waitForURL('/dashboard', { timeout: 10000 });
         |              ^
      30 | }
      31 |
      32 | /**
        at login (/Users/surajsatyarthi/Projects/active/Fin/finance-tracker/tests/utils/test-helpers.ts:29:14)
        at /Users/surajsatyarthi/Projects/active/Fin/finance-tracker/tests/e2e/accounts.spec.ts:37:5

    attachment #1: screenshot (image/png) ──────────────────────────────────────────────────────────
    test-results/accounts-Accounts---Create-d5ee4-andle-large-balance-amounts-webkit/test-failed-1.png
    ────────────────────────────────────────────────────────────────────────────────────────────────

    attachment #2: video (video/webm) ──────────────────────────────────────────────────────────────
    test-results/accounts-Accounts---Create-d5ee4-andle-large-balance-amounts-webkit/video.webm
    ────────────────────────────────────────────────────────────────────────────────────────────────

    Error Context: test-results/accounts-Accounts---Create-d5ee4-andle-large-balance-amounts-webkit/error-context.md

  68) [webkit] › tests/e2e/accounts.spec.ts:118:7 › Accounts - Create › should validate required fields 

    Error: [2mexpect([22m[31mreceived[39m[2m).[22mtoContain[2m([22m[32mexpected[39m[2m) // indexOf[22m

    Expected substring: [32m"/new"[39m
    Received string:    [31m"https://zzwouesueadoqrlmteyh.supabase.co/login"[39m

      127 |     // Form should not submit (still on new page)
      128 |     const currentUrl = page.url();
    > 129 |     expect(currentUrl).toContain('/new');
          |                        ^
      130 |   });
      131 |
      132 |   test('should sanitize special characters in name', async ({ page }) => {
        at /Users/surajsatyarthi/Projects/active/Fin/finance-tracker/tests/e2e/accounts.spec.ts:129:24

    attachment #1: screenshot (image/png) ──────────────────────────────────────────────────────────
    test-results/accounts-Accounts---Create-should-validate-required-fields-webkit/test-failed-1.png
    ────────────────────────────────────────────────────────────────────────────────────────────────

    attachment #2: video (video/webm) ──────────────────────────────────────────────────────────────
    test-results/accounts-Accounts---Create-should-validate-required-fields-webkit/video.webm
    ────────────────────────────────────────────────────────────────────────────────────────────────

    Error Context: test-results/accounts-Accounts---Create-should-validate-required-fields-webkit/error-context.md

  69) [webkit] › tests/e2e/accounts.spec.ts:132:7 › Accounts - Create › should sanitize special characters in name 

    Error: page.fill: Error: Element is not an <input>, <textarea> or [contenteditable] element
    Call log:
    [2m  - waiting for locator('input[name="type"], #type')[22m
    [2m    - locator resolved to <select id="type" required="" class="mt-1 block w-full px-3 py-2 border border-gray-300 rounded-md shadow-sm focus:outline-none focus:ring-blue-500 focus:border-blue-500 text-gray-500">…</select>[22m
    [2m    - fill("Savings")[22m
    [2m  - attempting fill action[22m
    [2m    - waiting for element to be visible, enabled and editable[22m


      137 |     
      138 |     await page.fill('input[name="name"], #name', testName);
    > 139 |     await page.fill('input[name="type"], #type', 'Savings');
          |                ^
      140 |     await page.fill('input[name="balance"], #balance', '10000');
      141 |     
      142 |     await page.click('button[type="submit"]');
        at /Users/surajsatyarthi/Projects/active/Fin/finance-tracker/tests/e2e/accounts.spec.ts:139:16

    attachment #1: screenshot (image/png) ──────────────────────────────────────────────────────────
    test-results/accounts-Accounts---Create-151e9--special-characters-in-name-webkit/test-failed-1.png
    ────────────────────────────────────────────────────────────────────────────────────────────────

    attachment #2: video (video/webm) ──────────────────────────────────────────────────────────────
    test-results/accounts-Accounts---Create-151e9--special-characters-in-name-webkit/video.webm
    ────────────────────────────────────────────────────────────────────────────────────────────────

    Error Context: test-results/accounts-Accounts---Create-151e9--special-characters-in-name-webkit/error-context.md

  70) [webkit] › tests/e2e/accounts.spec.ts:153:7 › Accounts - Edit › should edit account successfully 

    Error: page.fill: Error: Element is not an <input>, <textarea> or [contenteditable] element
    Call log:
    [2m  - waiting for locator('input[name="type"], #type')[22m
    [2m    - locator resolved to <select id="type" required="" class="mt-1 block w-full px-3 py-2 border border-gray-300 rounded-md shadow-sm focus:outline-none focus:ring-blue-500 focus:border-blue-500 text-gray-500">…</select>[22m
    [2m    - fill("Savings")[22m
    [2m  - attempting fill action[22m
    [2m    - waiting for element to be visible, enabled and editable[22m


      157 |     
      158 |     await page.fill('input[name="name"], #name', originalName);
    > 159 |     await page.fill('input[name="type"], #type', 'Savings');
          |                ^
      160 |     await page.fill('input[name="balance"], #balance', '50000');
      161 |     await page.click('button[type="submit"]');
      162 |     
        at /Users/surajsatyarthi/Projects/active/Fin/finance-tracker/tests/e2e/accounts.spec.ts:159:16

    attachment #1: screenshot (image/png) ──────────────────────────────────────────────────────────
    test-results/accounts-Accounts---Edit-should-edit-account-successfully-webkit/test-failed-1.png
    ────────────────────────────────────────────────────────────────────────────────────────────────

    attachment #2: video (video/webm) ──────────────────────────────────────────────────────────────
    test-results/accounts-Accounts---Edit-should-edit-account-successfully-webkit/video.webm
    ────────────────────────────────────────────────────────────────────────────────────────────────

    Error Context: test-results/accounts-Accounts---Edit-should-edit-account-successfully-webkit/error-context.md

  71) [webkit] › tests/e2e/accounts.spec.ts:225:7 › Accounts - Delete › should delete account successfully 

    Error: page.fill: Error: Element is not an <input>, <textarea> or [contenteditable] element
    Call log:
    [2m  - waiting for locator('input[name="type"], #type')[22m
    [2m    - locator resolved to <select id="type" required="" class="mt-1 block w-full px-3 py-2 border border-gray-300 rounded-md shadow-sm focus:outline-none focus:ring-blue-500 focus:border-blue-500 text-gray-500">…</select>[22m
    [2m    - fill("Savings")[22m
    [2m  - attempting fill action[22m
    [2m    - waiting for element to be visible, enabled and editable[22m


      229 |     
      230 |     await page.fill('input[name="name"], #name', testName);
    > 231 |     await page.fill('input[name="type"], #type', 'Savings');
          |                ^
      232 |     await page.fill('input[name="balance"], #balance', '1000');
      233 |     await page.click('button[type="submit"]');
      234 |     
        at /Users/surajsatyarthi/Projects/active/Fin/finance-tracker/tests/e2e/accounts.spec.ts:231:16

    attachment #1: screenshot (image/png) ──────────────────────────────────────────────────────────
    test-results/accounts-Accounts---Delete-538d0-delete-account-successfully-webkit/test-failed-1.png
    ────────────────────────────────────────────────────────────────────────────────────────────────

    attachment #2: video (video/webm) ──────────────────────────────────────────────────────────────
    test-results/accounts-Accounts---Delete-538d0-delete-account-successfully-webkit/video.webm
    ────────────────────────────────────────────────────────────────────────────────────────────────

    Error Context: test-results/accounts-Accounts---Delete-538d0-delete-account-successfully-webkit/error-context.md

  72) [webkit] › tests/e2e/accounts.spec.ts:267:7 › Accounts - Data Integrity › should reflect account changes in dashboard 

    Error: page.fill: Error: Element is not an <input>, <textarea> or [contenteditable] element
    Call log:
    [2m  - waiting for locator('input[name="type"], #type')[22m
    [2m    - locator resolved to <select id="type" required="" class="mt-1 block w-full px-3 py-2 border border-gray-300 rounded-md shadow-sm focus:outline-none focus:ring-blue-500 focus:border-blue-500 text-gray-500">…</select>[22m
    [2m    - fill("Savings")[22m
    [2m  - attempting fill action[22m
    [2m    - waiting for element to be visible, enabled and editable[22m


      274 |     
      275 |     await page.fill('input[name="name"], #name', testName);
    > 276 |     await page.fill('input[name="type"], #type', 'Savings');
          |                ^
      277 |     await page.fill('input[name="balance"], #balance', '100000');
      278 |     await page.click('button[type="submit"]');
      279 |     
        at /Users/surajsatyarthi/Projects/active/Fin/finance-tracker/tests/e2e/accounts.spec.ts:276:16

    attachment #1: screenshot (image/png) ──────────────────────────────────────────────────────────
    test-results/accounts-Accounts---Data-I-c9953-ccount-changes-in-dashboard-webkit/test-failed-1.png
    ────────────────────────────────────────────────────────────────────────────────────────────────

    attachment #2: video (video/webm) ──────────────────────────────────────────────────────────────
    test-results/accounts-Accounts---Data-I-c9953-ccount-changes-in-dashboard-webkit/video.webm
    ────────────────────────────────────────────────────────────────────────────────────────────────

    Error Context: test-results/accounts-Accounts---Data-I-c9953-ccount-changes-in-dashboard-webkit/error-context.md

  73) [webkit] › tests/e2e/auth.spec.ts:26:7 › Authentication Flow › should login with valid credentials 

    TimeoutError: page.waitForURL: Timeout 10000ms exceeded.
    =========================== logs ===========================
    waiting for navigation to "/dashboard" until "load"
    ============================================================

       at ../utils/test-helpers.ts:29

      27 |   
      28 |   // Wait for redirect to dashboard
    > 29 |   await page.waitForURL('/dashboard', { timeout: 10000 });
         |              ^
      30 | }
      31 |
      32 | /**
        at login (/Users/surajsatyarthi/Projects/active/Fin/finance-tracker/tests/utils/test-helpers.ts:29:14)
        at /Users/surajsatyarthi/Projects/active/Fin/finance-tracker/tests/e2e/auth.spec.ts:30:5

    attachment #1: screenshot (image/png) ──────────────────────────────────────────────────────────
    test-results/auth-Authentication-Flow-should-login-with-valid-credentials-webkit/test-failed-1.png
    ────────────────────────────────────────────────────────────────────────────────────────────────

    attachment #2: video (video/webm) ──────────────────────────────────────────────────────────────
    test-results/auth-Authentication-Flow-should-login-with-valid-credentials-webkit/video.webm
    ────────────────────────────────────────────────────────────────────────────────────────────────

    Error Context: test-results/auth-Authentication-Flow-should-login-with-valid-credentials-webkit/error-context.md

  74) [webkit] › tests/e2e/auth.spec.ts:93:7 › Session Management › should handle browser refresh ──

    TimeoutError: page.waitForURL: Timeout 10000ms exceeded.
    =========================== logs ===========================
    waiting for navigation to "/dashboard" until "load"
    ============================================================

       at ../utils/test-helpers.ts:29

      27 |   
      28 |   // Wait for redirect to dashboard
    > 29 |   await page.waitForURL('/dashboard', { timeout: 10000 });
         |              ^
      30 | }
      31 |
      32 | /**
        at login (/Users/surajsatyarthi/Projects/active/Fin/finance-tracker/tests/utils/test-helpers.ts:29:14)
        at /Users/surajsatyarthi/Projects/active/Fin/finance-tracker/tests/e2e/auth.spec.ts:94:5

    attachment #1: screenshot (image/png) ──────────────────────────────────────────────────────────
    test-results/auth-Session-Management-should-handle-browser-refresh-webkit/test-failed-1.png
    ────────────────────────────────────────────────────────────────────────────────────────────────

    attachment #2: video (video/webm) ──────────────────────────────────────────────────────────────
    test-results/auth-Session-Management-should-handle-browser-refresh-webkit/video.webm
    ────────────────────────────────────────────────────────────────────────────────────────────────

    Error Context: test-results/auth-Session-Management-should-handle-browser-refresh-webkit/error-context.md

  75) [webkit] › tests/e2e/auth.spec.ts:145:7 › Protected Routes › should redirect authenticated user from login to dashboard 

    Error: [2mexpect([22m[31mpage[39m[2m).[22mtoHaveURL[2m([22m[32mexpected[39m[2m)[22m failed

    Expected: [32m"http://localhost:3001/[7mdashboard[27m"[39m
    Received: [31m"http://localhost:3001/[7mlogin[27m"[39m
    Timeout:  5000ms

    Call log:
    [2m  - Expect "toHaveURL" with timeout 5000ms[22m
    [2m    9 × unexpected value "http://localhost:3001/login"[22m


      151 |     
      152 |     // Should be redirected to dashboard
    > 153 |     await expect(page).toHaveURL('/dashboard');
          |                        ^
      154 |   });
      155 | });
      156 |
        at /Users/surajsatyarthi/Projects/active/Fin/finance-tracker/tests/e2e/auth.spec.ts:153:24

    attachment #1: screenshot (image/png) ──────────────────────────────────────────────────────────
    test-results/auth-Protected-Routes-shou-95c39-ser-from-login-to-dashboard-webkit/test-failed-1.png
    ────────────────────────────────────────────────────────────────────────────────────────────────

    attachment #2: video (video/webm) ──────────────────────────────────────────────────────────────
    test-results/auth-Protected-Routes-shou-95c39-ser-from-login-to-dashboard-webkit/video.webm
    ────────────────────────────────────────────────────────────────────────────────────────────────

    Error Context: test-results/auth-Protected-Routes-shou-95c39-ser-from-login-to-dashboard-webkit/error-context.md

  76) [webkit] › tests/e2e/credit-cards.spec.ts:90:7 › Credit Cards - Create › should validate credit limit is positive 

    TimeoutError: page.waitForURL: Timeout 10000ms exceeded.
    =========================== logs ===========================
    waiting for navigation to "/dashboard" until "load"
    ============================================================

       at ../utils/test-helpers.ts:29

      27 |   
      28 |   // Wait for redirect to dashboard
    > 29 |   await page.waitForURL('/dashboard', { timeout: 10000 });
         |              ^
      30 | }
      31 |
      32 | /**
        at login (/Users/surajsatyarthi/Projects/active/Fin/finance-tracker/tests/utils/test-helpers.ts:29:14)
        at /Users/surajsatyarthi/Projects/active/Fin/finance-tracker/tests/e2e/credit-cards.spec.ts:36:5

    attachment #1: screenshot (image/png) ──────────────────────────────────────────────────────────
    test-results/credit-cards-Credit-Cards--3b128-te-credit-limit-is-positive-webkit/test-failed-1.png
    ────────────────────────────────────────────────────────────────────────────────────────────────

    attachment #2: video (video/webm) ──────────────────────────────────────────────────────────────
    test-results/credit-cards-Credit-Cards--3b128-te-credit-limit-is-positive-webkit/video.webm
    ────────────────────────────────────────────────────────────────────────────────────────────────

    Error Context: test-results/credit-cards-Credit-Cards--3b128-te-credit-limit-is-positive-webkit/error-context.md

  77) [webkit] › tests/e2e/credit-cards.spec.ts:121:7 › Credit Cards - Create › should calculate utilization when balance exceeds limit 

    TimeoutError: page.waitForURL: Timeout 10000ms exceeded.
    =========================== logs ===========================
    waiting for navigation to "/dashboard" until "load"
    ============================================================

       at ../utils/test-helpers.ts:29

      27 |   
      28 |   // Wait for redirect to dashboard
    > 29 |   await page.waitForURL('/dashboard', { timeout: 10000 });
         |              ^
      30 | }
      31 |
      32 | /**
        at login (/Users/surajsatyarthi/Projects/active/Fin/finance-tracker/tests/utils/test-helpers.ts:29:14)
        at /Users/surajsatyarthi/Projects/active/Fin/finance-tracker/tests/e2e/credit-cards.spec.ts:36:5

    attachment #1: screenshot (image/png) ──────────────────────────────────────────────────────────
    test-results/credit-cards-Credit-Cards--e4926--when-balance-exceeds-limit-webkit/test-failed-1.png
    ────────────────────────────────────────────────────────────────────────────────────────────────

    attachment #2: video (video/webm) ──────────────────────────────────────────────────────────────
    test-results/credit-cards-Credit-Cards--e4926--when-balance-exceeds-limit-webkit/video.webm
    ────────────────────────────────────────────────────────────────────────────────────────────────

    Error Context: test-results/credit-cards-Credit-Cards--e4926--when-balance-exceeds-limit-webkit/error-context.md

  78) [webkit] › tests/e2e/credit-cards.spec.ts:167:7 › Credit Cards - View & Edit › should edit credit card limit 

    TimeoutError: page.waitForURL: Timeout 10000ms exceeded.
    =========================== logs ===========================
    waiting for navigation to "/dashboard" until "load"
    ============================================================

       at ../utils/test-helpers.ts:29

      27 |   
      28 |   // Wait for redirect to dashboard
    > 29 |   await page.waitForURL('/dashboard', { timeout: 10000 });
         |              ^
      30 | }
      31 |
      32 | /**
        at login (/Users/surajsatyarthi/Projects/active/Fin/finance-tracker/tests/utils/test-helpers.ts:29:14)
        at /Users/surajsatyarthi/Projects/active/Fin/finance-tracker/tests/e2e/credit-cards.spec.ts:140:5

    attachment #1: screenshot (image/png) ──────────────────────────────────────────────────────────
    test-results/credit-cards-Credit-Cards--76ac8-ould-edit-credit-card-limit-webkit/test-failed-1.png
    ────────────────────────────────────────────────────────────────────────────────────────────────

    attachment #2: video (video/webm) ──────────────────────────────────────────────────────────────
    test-results/credit-cards-Credit-Cards--76ac8-ould-edit-credit-card-limit-webkit/video.webm
    ────────────────────────────────────────────────────────────────────────────────────────────────

    Error Context: test-results/credit-cards-Credit-Cards--76ac8-ould-edit-credit-card-limit-webkit/error-context.md

  79) [webkit] › tests/e2e/dashboard.spec.ts:20:7 › Dashboard - Core Functionality › should display all key metric cards 

    Error: [2mexpect([22m[31mlocator[39m[2m).[22mtoBeVisible[2m([22m[2m)[22m failed

    Locator: locator('text=Net Worth')
    Expected: visible
    Error: strict mode violation: locator('text=Net Worth') resolved to 2 elements:
        1) <p class="text-sm text-gray-500">Net Worth</p> aka getByRole('paragraph').filter({ hasText: 'Net Worth' })
        2) <td class="py-3 text-sm font-medium text-gray-900">Net Worth</td> aka getByRole('cell', { name: 'Net Worth' })

    Call log:
    [2m  - Expect "toBeVisible" with timeout 5000ms[22m
    [2m  - waiting for locator('text=Net Worth')[22m


      26 |     
      27 |     for (const metric of metrics) {
    > 28 |       await expect(page.locator(`text=${metric}`)).toBeVisible();
         |                                                    ^
      29 |     }
      30 |   });
      31 |
        at /Users/surajsatyarthi/Projects/active/Fin/finance-tracker/tests/e2e/dashboard.spec.ts:28:52

    attachment #1: screenshot (image/png) ──────────────────────────────────────────────────────────
    test-results/dashboard-Dashboard---Core-64813-isplay-all-key-metric-cards-webkit/test-failed-1.png
    ────────────────────────────────────────────────────────────────────────────────────────────────

    attachment #2: video (video/webm) ──────────────────────────────────────────────────────────────
    test-results/dashboard-Dashboard---Core-64813-isplay-all-key-metric-cards-webkit/video.webm
    ────────────────────────────────────────────────────────────────────────────────────────────────

    Error Context: test-results/dashboard-Dashboard---Core-64813-isplay-all-key-metric-cards-webkit/error-context.md

  80) [webkit] › tests/e2e/dashboard.spec.ts:32:7 › Dashboard - Core Functionality › should display net worth with correct color coding 

    Error: [2mexpect([22m[31mreceived[39m[2m).[22mtoBeTruthy[2m()[22m

    Received: [31mfalse[39m

      44 |     // Should have either text-green-600 or text-red-600
      45 |     const hasColorClass = className?.includes('text-green-600') || className?.includes('text-red-600');
    > 46 |     expect(hasColorClass).toBeTruthy();
         |                           ^
      47 |   });
      48 |
      49 |   test('should display savings rate with color coding', async ({ page }) => {
        at /Users/surajsatyarthi/Projects/active/Fin/finance-tracker/tests/e2e/dashboard.spec.ts:46:27

    attachment #1: screenshot (image/png) ──────────────────────────────────────────────────────────
    test-results/dashboard-Dashboard---Core-6c4fd-h-with-correct-color-coding-webkit/test-failed-1.png
    ────────────────────────────────────────────────────────────────────────────────────────────────

    attachment #2: video (video/webm) ──────────────────────────────────────────────────────────────
    test-results/dashboard-Dashboard---Core-6c4fd-h-with-correct-color-coding-webkit/video.webm
    ────────────────────────────────────────────────────────────────────────────────────────────────

    Error Context: test-results/dashboard-Dashboard---Core-6c4fd-h-with-correct-color-coding-webkit/error-context.md

  81) [webkit] › tests/e2e/dashboard.spec.ts:104:7 › Dashboard - Assets & Liabilities › should display total assets in green 

    TimeoutError: page.waitForURL: Timeout 10000ms exceeded.
    =========================== logs ===========================
    waiting for navigation to "/dashboard" until "load"
    ============================================================

       at ../utils/test-helpers.ts:29

      27 |   
      28 |   // Wait for redirect to dashboard
    > 29 |   await page.waitForURL('/dashboard', { timeout: 10000 });
         |              ^
      30 | }
      31 |
      32 | /**
        at login (/Users/surajsatyarthi/Projects/active/Fin/finance-tracker/tests/utils/test-helpers.ts:29:14)
        at /Users/surajsatyarthi/Projects/active/Fin/finance-tracker/tests/e2e/dashboard.spec.ts:90:5

    attachment #1: screenshot (image/png) ──────────────────────────────────────────────────────────
    test-results/dashboard-Dashboard---Asse-be055-splay-total-assets-in-green-webkit/test-failed-1.png
    ────────────────────────────────────────────────────────────────────────────────────────────────

    attachment #2: video (video/webm) ──────────────────────────────────────────────────────────────
    test-results/dashboard-Dashboard---Asse-be055-splay-total-assets-in-green-webkit/video.webm
    ────────────────────────────────────────────────────────────────────────────────────────────────

    Error Context: test-results/dashboard-Dashboard---Asse-be055-splay-total-assets-in-green-webkit/error-context.md

  82) [webkit] › tests/e2e/dashboard.spec.ts:124:7 › Dashboard - Assets & Liabilities › should calculate net worth correctly 

    TimeoutError: page.waitForURL: Timeout 10000ms exceeded.
    =========================== logs ===========================
    waiting for navigation to "/dashboard" until "load"
    ============================================================

       at ../utils/test-helpers.ts:29

      27 |   
      28 |   // Wait for redirect to dashboard
    > 29 |   await page.waitForURL('/dashboard', { timeout: 10000 });
         |              ^
      30 | }
      31 |
      32 | /**
        at login (/Users/surajsatyarthi/Projects/active/Fin/finance-tracker/tests/utils/test-helpers.ts:29:14)
        at /Users/surajsatyarthi/Projects/active/Fin/finance-tracker/tests/e2e/dashboard.spec.ts:90:5

    attachment #1: screenshot (image/png) ──────────────────────────────────────────────────────────
    test-results/dashboard-Dashboard---Asse-a206c-lculate-net-worth-correctly-webkit/test-failed-1.png
    ────────────────────────────────────────────────────────────────────────────────────────────────

    attachment #2: video (video/webm) ──────────────────────────────────────────────────────────────
    test-results/dashboard-Dashboard---Asse-a206c-lculate-net-worth-correctly-webkit/video.webm
    ────────────────────────────────────────────────────────────────────────────────────────────────

    Error Context: test-results/dashboard-Dashboard---Asse-a206c-lculate-net-worth-correctly-webkit/error-context.md

  83) [webkit] › tests/e2e/dashboard.spec.ts:153:7 › Dashboard - Portfolio Summary › should show account count 

    TimeoutError: page.waitForURL: Timeout 10000ms exceeded.
    =========================== logs ===========================
    waiting for navigation to "/dashboard" until "load"
    ============================================================

       at ../utils/test-helpers.ts:29

      27 |   
      28 |   // Wait for redirect to dashboard
    > 29 |   await page.waitForURL('/dashboard', { timeout: 10000 });
         |              ^
      30 | }
      31 |
      32 | /**
        at login (/Users/surajsatyarthi/Projects/active/Fin/finance-tracker/tests/utils/test-helpers.ts:29:14)
        at /Users/surajsatyarthi/Projects/active/Fin/finance-tracker/tests/e2e/dashboard.spec.ts:144:5

    attachment #1: screenshot (image/png) ──────────────────────────────────────────────────────────
    test-results/dashboard-Dashboard---Port-5253e-y-should-show-account-count-webkit/test-failed-1.png
    ────────────────────────────────────────────────────────────────────────────────────────────────

    attachment #2: video (video/webm) ──────────────────────────────────────────────────────────────
    test-results/dashboard-Dashboard---Port-5253e-y-should-show-account-count-webkit/video.webm
    ────────────────────────────────────────────────────────────────────────────────────────────────

    Error Context: test-results/dashboard-Dashboard---Port-5253e-y-should-show-account-count-webkit/error-context.md

  84) [webkit] › tests/e2e/dashboard.spec.ts:166:7 › Dashboard - Portfolio Summary › should show credit card count 

    TimeoutError: page.waitForURL: Timeout 10000ms exceeded.
    =========================== logs ===========================
    waiting for navigation to "/dashboard" until "load"
    ============================================================

       at ../utils/test-helpers.ts:29

      27 |   
      28 |   // Wait for redirect to dashboard
    > 29 |   await page.waitForURL('/dashboard', { timeout: 10000 });
         |              ^
      30 | }
      31 |
      32 | /**
        at login (/Users/surajsatyarthi/Projects/active/Fin/finance-tracker/tests/utils/test-helpers.ts:29:14)
        at /Users/surajsatyarthi/Projects/active/Fin/finance-tracker/tests/e2e/dashboard.spec.ts:144:5

    attachment #1: screenshot (image/png) ──────────────────────────────────────────────────────────
    test-results/dashboard-Dashboard---Port-e6671-ould-show-credit-card-count-webkit/test-failed-1.png
    ────────────────────────────────────────────────────────────────────────────────────────────────

    attachment #2: video (video/webm) ──────────────────────────────────────────────────────────────
    test-results/dashboard-Dashboard---Port-e6671-ould-show-credit-card-count-webkit/video.webm
    ────────────────────────────────────────────────────────────────────────────────────────────────

    Error Context: test-results/dashboard-Dashboard---Port-e6671-ould-show-credit-card-count-webkit/error-context.md

  85) [webkit] › tests/e2e/dashboard.spec.ts:184:7 › Dashboard - Portfolio Summary › should show investment count 

    TimeoutError: page.waitForURL: Timeout 10000ms exceeded.
    =========================== logs ===========================
    waiting for navigation to "/dashboard" until "load"
    ============================================================

       at ../utils/test-helpers.ts:29

      27 |   
      28 |   // Wait for redirect to dashboard
    > 29 |   await page.waitForURL('/dashboard', { timeout: 10000 });
         |              ^
      30 | }
      31 |
      32 | /**
        at login (/Users/surajsatyarthi/Projects/active/Fin/finance-tracker/tests/utils/test-helpers.ts:29:14)
        at /Users/surajsatyarthi/Projects/active/Fin/finance-tracker/tests/e2e/dashboard.spec.ts:144:5

    attachment #1: screenshot (image/png) ──────────────────────────────────────────────────────────
    test-results/dashboard-Dashboard---Port-d3285-hould-show-investment-count-webkit/test-failed-1.png
    ────────────────────────────────────────────────────────────────────────────────────────────────

    attachment #2: video (video/webm) ──────────────────────────────────────────────────────────────
    test-results/dashboard-Dashboard---Port-d3285-hould-show-investment-count-webkit/video.webm
    ────────────────────────────────────────────────────────────────────────────────────────────────

    Error Context: test-results/dashboard-Dashboard---Port-d3285-hould-show-investment-count-webkit/error-context.md

  86) [webkit] › tests/e2e/dashboard.spec.ts:282:7 › Dashboard - Navigation › should navigate to transactions page 

    TimeoutError: page.waitForURL: Timeout 10000ms exceeded.
    =========================== logs ===========================
    waiting for navigation to "/dashboard" until "load"
    ============================================================

       at ../utils/test-helpers.ts:29

      27 |   
      28 |   // Wait for redirect to dashboard
    > 29 |   await page.waitForURL('/dashboard', { timeout: 10000 });
         |              ^
      30 | }
      31 |
      32 | /**
        at login (/Users/surajsatyarthi/Projects/active/Fin/finance-tracker/tests/utils/test-helpers.ts:29:14)
        at /Users/surajsatyarthi/Projects/active/Fin/finance-tracker/tests/e2e/dashboard.spec.ts:263:5

    attachment #1: screenshot (image/png) ──────────────────────────────────────────────────────────
    test-results/dashboard-Dashboard---Navi-da240-vigate-to-transactions-page-webkit/test-failed-1.png
    ────────────────────────────────────────────────────────────────────────────────────────────────

    attachment #2: video (video/webm) ──────────────────────────────────────────────────────────────
    test-results/dashboard-Dashboard---Navi-da240-vigate-to-transactions-page-webkit/video.webm
    ────────────────────────────────────────────────────────────────────────────────────────────────

    Error Context: test-results/dashboard-Dashboard---Navi-da240-vigate-to-transactions-page-webkit/error-context.md

  87) [webkit] › tests/e2e/data-integrity.spec.ts:43:7 › Data Integrity - Concurrent Operations › should handle browser refresh on form page 

    TimeoutError: page.waitForURL: Timeout 10000ms exceeded.
    =========================== logs ===========================
    waiting for navigation to "/dashboard" until "load"
    ============================================================

       at ../utils/test-helpers.ts:29

      27 |   
      28 |   // Wait for redirect to dashboard
    > 29 |   await page.waitForURL('/dashboard', { timeout: 10000 });
         |              ^
      30 | }
      31 |
      32 | /**
        at login (/Users/surajsatyarthi/Projects/active/Fin/finance-tracker/tests/utils/test-helpers.ts:29:14)
        at /Users/surajsatyarthi/Projects/active/Fin/finance-tracker/tests/e2e/data-integrity.spec.ts:45:5

    attachment #1: screenshot (image/png) ──────────────────────────────────────────────────────────
    test-results/data-integrity-Data-Integr-f0852-rowser-refresh-on-form-page-webkit/test-failed-1.png
    ────────────────────────────────────────────────────────────────────────────────────────────────

    attachment #2: video (video/webm) ──────────────────────────────────────────────────────────────
    test-results/data-integrity-Data-Integr-f0852-rowser-refresh-on-form-page-webkit/video.webm
    ────────────────────────────────────────────────────────────────────────────────────────────────

    Error Context: test-results/data-integrity-Data-Integr-f0852-rowser-refresh-on-form-page-webkit/error-context.md

  88) [webkit] › tests/e2e/data-integrity.spec.ts:61:7 › Data Integrity - Form Validation › should prevent duplicate submissions 

    TimeoutError: page.waitForURL: Timeout 10000ms exceeded.
    =========================== logs ===========================
    waiting for navigation to "/dashboard" until "load"
    ============================================================

       at ../utils/test-helpers.ts:29

      27 |   
      28 |   // Wait for redirect to dashboard
    > 29 |   await page.waitForURL('/dashboard', { timeout: 10000 });
         |              ^
      30 | }
      31 |
      32 | /**
        at login (/Users/surajsatyarthi/Projects/active/Fin/finance-tracker/tests/utils/test-helpers.ts:29:14)
        at /Users/surajsatyarthi/Projects/active/Fin/finance-tracker/tests/e2e/data-integrity.spec.ts:63:5

    attachment #1: screenshot (image/png) ──────────────────────────────────────────────────────────
    test-results/data-integrity-Data-Integr-2b828-event-duplicate-submissions-webkit/test-failed-1.png
    ────────────────────────────────────────────────────────────────────────────────────────────────

    attachment #2: video (video/webm) ──────────────────────────────────────────────────────────────
    test-results/data-integrity-Data-Integr-2b828-event-duplicate-submissions-webkit/video.webm
    ────────────────────────────────────────────────────────────────────────────────────────────────

    Error Context: test-results/data-integrity-Data-Integr-2b828-event-duplicate-submissions-webkit/error-context.md

  89) [webkit] › tests/e2e/data-integrity.spec.ts:88:7 › Data Integrity - Form Validation › should sanitize HTML in input fields 

    Error: page.fill: Error: Element is not an <input>, <textarea> or [contenteditable] element
    Call log:
    [2m  - waiting for locator('input[name="type"], #type')[22m
    [2m    - locator resolved to <select id="type" required="" class="mt-1 block w-full px-3 py-2 border border-gray-300 rounded-md shadow-sm focus:outline-none focus:ring-blue-500 focus:border-blue-500 text-gray-500">…</select>[22m
    [2m    - fill("Savings")[22m
    [2m  - attempting fill action[22m
    [2m    - waiting for element to be visible, enabled and editable[22m


      94 |     const htmlPayload = '<img src=x onerror=alert("xss")>';
      95 |     await page.fill('input[name="name"], #name', htmlPayload);
    > 96 |     await page.fill('input[name="type"], #type', 'Savings');
         |                ^
      97 |     await page.fill('input[name="balance"], #balance', '10000');
      98 |     
      99 |     let alertTriggered = false;
        at /Users/surajsatyarthi/Projects/active/Fin/finance-tracker/tests/e2e/data-integrity.spec.ts:96:16

    attachment #1: screenshot (image/png) ──────────────────────────────────────────────────────────
    test-results/data-integrity-Data-Integr-f9511-nitize-HTML-in-input-fields-webkit/test-failed-1.png
    ────────────────────────────────────────────────────────────────────────────────────────────────

    attachment #2: video (video/webm) ──────────────────────────────────────────────────────────────
    test-results/data-integrity-Data-Integr-f9511-nitize-HTML-in-input-fields-webkit/video.webm
    ────────────────────────────────────────────────────────────────────────────────────────────────

    Error Context: test-results/data-integrity-Data-Integr-f9511-nitize-HTML-in-input-fields-webkit/error-context.md

  90) [webkit] › tests/e2e/data-integrity.spec.ts:189:7 › Data Integrity - Network Resilience › should handle slow network 

    Error: [2mexpect([22m[31mlocator[39m[2m).[22mtoBeVisible[2m([22m[2m)[22m failed

    Locator: locator('text=Dashboard')
    Expected: visible
    Error: strict mode violation: locator('text=Dashboard') resolved to 2 elements:
        1) <span class="ml-3">Dashboard</span> aka getByRole('link', { name: 'Dashboard' })
        2) <h2 class="text-2xl font-semibold text-gray-900 mb-6">Dashboard</h2> aka getByRole('heading', { name: 'Dashboard' })

    Call log:
    [2m  - Expect "toBeVisible" with timeout 5000ms[22m
    [2m  - waiting for locator('text=Dashboard')[22m


      200 |     
      201 |     // Should still load successfully
    > 202 |     await expect(page.locator('text=Dashboard')).toBeVisible();
          |                                                  ^
      203 |   });
      204 | });
      205 |
        at /Users/surajsatyarthi/Projects/active/Fin/finance-tracker/tests/e2e/data-integrity.spec.ts:202:50

    attachment #1: screenshot (image/png) ──────────────────────────────────────────────────────────
    test-results/data-integrity-Data-Integr-94d3b--should-handle-slow-network-webkit/test-failed-1.png
    ────────────────────────────────────────────────────────────────────────────────────────────────

    attachment #2: video (video/webm) ──────────────────────────────────────────────────────────────
    test-results/data-integrity-Data-Integr-94d3b--should-handle-slow-network-webkit/video.webm
    ────────────────────────────────────────────────────────────────────────────────────────────────

    Error Context: test-results/data-integrity-Data-Integr-94d3b--should-handle-slow-network-webkit/error-context.md

  91) [webkit] › tests/e2e/data-integrity.spec.ts:227:7 › Data Integrity - Cross-Module Consistency › should update dashboard metrics when creating account 

    Error: page.fill: Error: Element is not an <input>, <textarea> or [contenteditable] element
    Call log:
    [2m  - waiting for locator('input[name="type"], #type')[22m
    [2m    - locator resolved to <select id="type" required="" class="mt-1 block w-full px-3 py-2 border border-gray-300 rounded-md shadow-sm focus:outline-none focus:ring-blue-500 focus:border-blue-500 text-gray-500">…</select>[22m
    [2m    - fill("Savings")[22m
    [2m  - attempting fill action[22m
    [2m    - waiting for element to be visible, enabled and editable[22m


      239 |     const testName = `Metric Test ${generateTestId()}`;
      240 |     await page.fill('input[name="name"], #name', testName);
    > 241 |     await page.fill('input[name="type"], #type', 'Savings');
          |                ^
      242 |     await page.fill('input[name="balance"], #balance', '50000');
      243 |     await page.click('button[type="submit"]');
      244 |     
        at /Users/surajsatyarthi/Projects/active/Fin/finance-tracker/tests/e2e/data-integrity.spec.ts:241:16

    attachment #1: screenshot (image/png) ──────────────────────────────────────────────────────────
    test-results/data-integrity-Data-Integr-884fd-trics-when-creating-account-webkit/test-failed-1.png
    ────────────────────────────────────────────────────────────────────────────────────────────────

    attachment #2: video (video/webm) ──────────────────────────────────────────────────────────────
    test-results/data-integrity-Data-Integr-884fd-trics-when-creating-account-webkit/video.webm
    ────────────────────────────────────────────────────────────────────────────────────────────────

    Error Context: test-results/data-integrity-Data-Integr-884fd-trics-when-creating-account-webkit/error-context.md

  92) [webkit] › tests/e2e/data-integrity.spec.ts:257:7 › Edge Cases - Boundary Values › should handle maximum integer values 

    Error: page.fill: Error: Element is not an <input>, <textarea> or [contenteditable] element
    Call log:
    [2m  - waiting for locator('input[name="type"], #type')[22m
    [2m    - locator resolved to <select id="type" required="" class="mt-1 block w-full px-3 py-2 border border-gray-300 rounded-md shadow-sm focus:outline-none focus:ring-blue-500 focus:border-blue-500 text-gray-500">…</select>[22m
    [2m    - fill("Investment")[22m
    [2m  - attempting fill action[22m
    [2m    - waiting for element to be visible, enabled and editable[22m


      262 |     
      263 |     await page.fill('input[name="name"], #name', `Max Value Test ${generateTestId()}`);
    > 264 |     await page.fill('input[name="type"], #type', 'Investment');
          |                ^
      265 |     await page.fill('input[name="balance"], #balance', '999999999999');
      266 |     
      267 |     await page.click('button[type="submit"]');
        at /Users/surajsatyarthi/Projects/active/Fin/finance-tracker/tests/e2e/data-integrity.spec.ts:264:16

    attachment #1: screenshot (image/png) ──────────────────────────────────────────────────────────
    test-results/data-integrity-Edge-Cases--5ead8-ndle-maximum-integer-values-webkit/test-failed-1.png
    ────────────────────────────────────────────────────────────────────────────────────────────────

    attachment #2: video (video/webm) ──────────────────────────────────────────────────────────────
    test-results/data-integrity-Edge-Cases--5ead8-ndle-maximum-integer-values-webkit/video.webm
    ────────────────────────────────────────────────────────────────────────────────────────────────

    Error Context: test-results/data-integrity-Edge-Cases--5ead8-ndle-maximum-integer-values-webkit/error-context.md

  93) [webkit] › tests/e2e/data-integrity.spec.ts:273:7 › Edge Cases - Boundary Values › should handle decimal precision 

    TimeoutError: page.waitForURL: Timeout 10000ms exceeded.
    =========================== logs ===========================
    waiting for navigation to "/dashboard" until "load"
    ============================================================

       at ../utils/test-helpers.ts:29

      27 |   
      28 |   // Wait for redirect to dashboard
    > 29 |   await page.waitForURL('/dashboard', { timeout: 10000 });
         |              ^
      30 | }
      31 |
      32 | /**
        at login (/Users/surajsatyarthi/Projects/active/Fin/finance-tracker/tests/utils/test-helpers.ts:29:14)
        at /Users/surajsatyarthi/Projects/active/Fin/finance-tracker/tests/e2e/data-integrity.spec.ts:275:5

    attachment #1: screenshot (image/png) ──────────────────────────────────────────────────────────
    test-results/data-integrity-Edge-Cases--01eb0-ld-handle-decimal-precision-webkit/test-failed-1.png
    ────────────────────────────────────────────────────────────────────────────────────────────────

    attachment #2: video (video/webm) ──────────────────────────────────────────────────────────────
    test-results/data-integrity-Edge-Cases--01eb0-ld-handle-decimal-precision-webkit/video.webm
    ────────────────────────────────────────────────────────────────────────────────────────────────

    Error Context: test-results/data-integrity-Edge-Cases--01eb0-ld-handle-decimal-precision-webkit/error-context.md

  94) [webkit] › tests/e2e/data-integrity.spec.ts:312:7 › Performance Benchmarks › form submission should be responsive 

    Error: page.fill: Error: Element is not an <input>, <textarea> or [contenteditable] element
    Call log:
    [2m  - waiting for locator('input[name="type"], #type')[22m
    [2m    - locator resolved to <select id="type" required="" class="mt-1 block w-full px-3 py-2 border border-gray-300 rounded-md shadow-sm focus:outline-none focus:ring-blue-500 focus:border-blue-500 text-gray-500">…</select>[22m
    [2m    - fill("Savings")[22m
    [2m  - attempting fill action[22m
    [2m    - waiting for element to be visible, enabled and editable[22m


      318 |     const testName = `Performance Test ${generateTestId()}`;
      319 |     await page.fill('input[name="name"], #name', testName);
    > 320 |     await page.fill('input[name="type"], #type', 'Savings');
          |                ^
      321 |     await page.fill('input[name="balance"], #balance', '10000');
      322 |     
      323 |     const startTime = Date.now();
        at /Users/surajsatyarthi/Projects/active/Fin/finance-tracker/tests/e2e/data-integrity.spec.ts:320:16

    attachment #1: screenshot (image/png) ──────────────────────────────────────────────────────────
    test-results/data-integrity-Performance-4250b-ission-should-be-responsive-webkit/test-failed-1.png
    ────────────────────────────────────────────────────────────────────────────────────────────────

    attachment #2: video (video/webm) ──────────────────────────────────────────────────────────────
    test-results/data-integrity-Performance-4250b-ission-should-be-responsive-webkit/video.webm
    ────────────────────────────────────────────────────────────────────────────────────────────────

    Error Context: test-results/data-integrity-Performance-4250b-ission-should-be-responsive-webkit/error-context.md

  95) [webkit] › tests/e2e/profile-test.spec.ts:8:7 › Profile Test - Supabase Session › should access Finance Tracker with existing Supabase session 

    Error: browserType.launchPersistentContext: Failed to create a ProcessSingleton for your profile directory. This usually means that the profile is already in use by another instance of Chromium.
    Call log:
    [2m  - <launching> /Users/surajsatyarthi/Library/Caches/ms-playwright/chromium-1208/chrome-mac-arm64/Google Chrome for Testing.app/Contents/MacOS/Google Chrome for Testing --disable-field-trial-config --disable-background-networking --disable-background-timer-throttling --disable-backgrounding-occluded-windows --disable-back-forward-cache --disable-breakpad --disable-client-side-phishing-detection --disable-component-extensions-with-background-pages --disable-component-update --no-default-browser-check --disable-default-apps --disable-dev-shm-usage --disable-extensions --disable-features=AvoidUnnecessaryBeforeUnloadCheckSync,BoundaryEventDispatchTracksNodeRemoval,DestroyProfileOnBrowserClose,DialMediaRouteProvider,GlobalMediaControls,HttpsUpgrades,LensOverlay,MediaRouter,PaintHolding,ThirdPartyStoragePartitioning,Translate,AutoDeElevate,RenderDocument,OptimizationHints --enable-features=CDPScreenshotNewSurface --allow-pre-commit-input --disable-hang-monitor --disable-ipc-flooding-protection --disable-popup-blocking --disable-prompt-on-repost --disable-renderer-backgrounding --force-color-profile=srgb --metrics-recording-only --no-first-run --password-store=basic --use-mock-keychain --no-service-autorun --export-tagged-pdf --disable-search-engine-choice-screen --unsafely-disable-devtools-self-xss-warnings --edge-skip-compat-layer-relaunch --enable-automation --disable-infobars --disable-search-engine-choice-screen --disable-sync --no-sandbox --disable-blink-features=AutomationControlled --user-data-dir=/Users/surajsatyarthi/Library/Application Support/Google/Chrome/Profile 6 --remote-debugging-pipe about:blank[22m
    [2m  - <launched> pid=35708[22m
    [2m  - [pid=35708][err] [35708:397568:0209/203411.339737:ERROR:chrome/browser/process_singleton_posix.cc:345] Failed to create /Users/surajsatyarthi/Library/Application Support/Google/Chrome/Profile 6/SingletonLock: File exists (17)[22m
    [2m  - [pid=35708][err] [35708:397568:0209/203411.341171:ERROR:chrome/app/chrome_main_delegate.cc:513] Failed to create a ProcessSingleton for your profile directory. This means that running multiple instances would start multiple browser processes rather than opening a new window in the existing process. Aborting now to avoid profile corruption.[22m
    [2m  - [pid=35708] <gracefully close start>[22m
    [2m  - [pid=35708] <kill>[22m
    [2m  - [pid=35708] <will force kill>[22m
    [2m  - [pid=35708] exception while trying to kill process: Error: kill EPERM[22m
    [2m  - [pid=35708] <process did exit: exitCode=21, signal=null>[22m
    [2m  - [pid=35708] starting temporary directories cleanup[22m
    [2m  - [pid=35708] finished temporary directories cleanup[22m
    [2m  - [pid=35708] <gracefully close end>[22m


       at ../fixtures/chrome-profile.fixture.ts:17

      15 |     const profileDir = 'Profile 6';
      16 |     
    > 17 |     const context = await chromium.launchPersistentContext(`${userDataDir}/${profileDir}`, {
         |                     ^
      18 |       headless: false,
      19 |       args: ['--disable-blink-features=AutomationControlled'],
      20 |       viewport: { width: 1280, height: 720 },
        at Object.context (/Users/surajsatyarthi/Projects/active/Fin/finance-tracker/tests/fixtures/chrome-profile.fixture.ts:17:21)

  96) [Mobile Chrome] › tests/e2e/accounts.spec.ts:22:7 › Accounts - List View › should display page title and new account button 

    TimeoutError: page.waitForURL: Timeout 10000ms exceeded.
    =========================== logs ===========================
    waiting for navigation to "/dashboard" until "load"
    ============================================================

       at ../utils/test-helpers.ts:29

      27 |   
      28 |   // Wait for redirect to dashboard
    > 29 |   await page.waitForURL('/dashboard', { timeout: 10000 });
         |              ^
      30 | }
      31 |
      32 | /**
        at login (/Users/surajsatyarthi/Projects/active/Fin/finance-tracker/tests/utils/test-helpers.ts:29:14)
        at /Users/surajsatyarthi/Projects/active/Fin/finance-tracker/tests/e2e/accounts.spec.ts:13:5

    attachment #1: screenshot (image/png) ──────────────────────────────────────────────────────────
    test-results/accounts-Accounts---List-V-9985b-itle-and-new-account-button-Mobile-Chrome/test-failed-1.png
    ────────────────────────────────────────────────────────────────────────────────────────────────

    attachment #2: video (video/webm) ──────────────────────────────────────────────────────────────
    test-results/accounts-Accounts---List-V-9985b-itle-and-new-account-button-Mobile-Chrome/video.webm
    ────────────────────────────────────────────────────────────────────────────────────────────────

    Error Context: test-results/accounts-Accounts---List-V-9985b-itle-and-new-account-button-Mobile-Chrome/error-context.md

  97) [Mobile Chrome] › tests/e2e/accounts.spec.ts:40:7 › Accounts - Create › should create savings account successfully 

    TimeoutError: page.waitForURL: Timeout 10000ms exceeded.
    =========================== logs ===========================
    waiting for navigation to "/dashboard" until "load"
    ============================================================

       at ../utils/test-helpers.ts:29

      27 |   
      28 |   // Wait for redirect to dashboard
    > 29 |   await page.waitForURL('/dashboard', { timeout: 10000 });
         |              ^
      30 | }
      31 |
      32 | /**
        at login (/Users/surajsatyarthi/Projects/active/Fin/finance-tracker/tests/utils/test-helpers.ts:29:14)
        at /Users/surajsatyarthi/Projects/active/Fin/finance-tracker/tests/e2e/accounts.spec.ts:37:5

    attachment #1: screenshot (image/png) ──────────────────────────────────────────────────────────
    test-results/accounts-Accounts---Create-79852-avings-account-successfully-Mobile-Chrome/test-failed-1.png
    ────────────────────────────────────────────────────────────────────────────────────────────────

    attachment #2: video (video/webm) ──────────────────────────────────────────────────────────────
    test-results/accounts-Accounts---Create-79852-avings-account-successfully-Mobile-Chrome/video.webm
    ────────────────────────────────────────────────────────────────────────────────────────────────

    Error Context: test-results/accounts-Accounts---Create-79852-avings-account-successfully-Mobile-Chrome/error-context.md

  98) [Mobile Chrome] › tests/e2e/accounts.spec.ts:61:7 › Accounts - Create › should create checking account successfully 

    Error: page.fill: Error: Element is not an <input>, <textarea> or [contenteditable] element
    Call log:
    [2m  - waiting for locator('input[name="type"], #type')[22m
    [2m    - locator resolved to <select id="type" required="" class="mt-1 block w-full px-3 py-2 border border-gray-300 rounded-md shadow-sm focus:outline-none focus:ring-blue-500 focus:border-blue-500 text-gray-500">…</select>[22m
    [2m    - fill("Current")[22m
    [2m  - attempting fill action[22m
    [2m    - waiting for element to be visible, enabled and editable[22m


      65 |     
      66 |     await page.fill('input[name="name"], #name', testName);
    > 67 |     await page.fill('input[name="type"], #type', TEST_ACCOUNTS.checking.type);
         |                ^
      68 |     await page.fill('input[name="balance"], #balance', TEST_ACCOUNTS.checking.balance.toString());
      69 |     
      70 |     await page.click('button[type="submit"]');
        at /Users/surajsatyarthi/Projects/active/Fin/finance-tracker/tests/e2e/accounts.spec.ts:67:16

    attachment #1: screenshot (image/png) ──────────────────────────────────────────────────────────
    test-results/accounts-Accounts---Create-0b4fc-ecking-account-successfully-Mobile-Chrome/test-failed-1.png
    ────────────────────────────────────────────────────────────────────────────────────────────────

    attachment #2: video (video/webm) ──────────────────────────────────────────────────────────────
    test-results/accounts-Accounts---Create-0b4fc-ecking-account-successfully-Mobile-Chrome/video.webm
    ────────────────────────────────────────────────────────────────────────────────────────────────

    Error Context: test-results/accounts-Accounts---Create-0b4fc-ecking-account-successfully-Mobile-Chrome/error-context.md

  99) [Mobile Chrome] › tests/e2e/accounts.spec.ts:77:7 › Accounts - Create › should handle negative balance 

    TimeoutError: page.waitForURL: Timeout 10000ms exceeded.
    =========================== logs ===========================
    waiting for navigation to "/dashboard" until "load"
    ============================================================

       at ../utils/test-helpers.ts:29

      27 |   
      28 |   // Wait for redirect to dashboard
    > 29 |   await page.waitForURL('/dashboard', { timeout: 10000 });
         |              ^
      30 | }
      31 |
      32 | /**
        at login (/Users/surajsatyarthi/Projects/active/Fin/finance-tracker/tests/utils/test-helpers.ts:29:14)
        at /Users/surajsatyarthi/Projects/active/Fin/finance-tracker/tests/e2e/accounts.spec.ts:37:5

    attachment #1: screenshot (image/png) ──────────────────────────────────────────────────────────
    test-results/accounts-Accounts---Create-should-handle-negative-balance-Mobile-Chrome/test-failed-1.png
    ────────────────────────────────────────────────────────────────────────────────────────────────

    attachment #2: video (video/webm) ──────────────────────────────────────────────────────────────
    test-results/accounts-Accounts---Create-should-handle-negative-balance-Mobile-Chrome/video.webm
    ────────────────────────────────────────────────────────────────────────────────────────────────

    Error Context: test-results/accounts-Accounts---Create-should-handle-negative-balance-Mobile-Chrome/error-context.md

  100) [Mobile Chrome] › tests/e2e/accounts.spec.ts:92:7 › Accounts - Create › should handle zero balance 

    Error: page.fill: Error: Element is not an <input>, <textarea> or [contenteditable] element
    Call log:
    [2m  - waiting for locator('input[name="type"], #type')[22m
    [2m    - locator resolved to <select id="type" required="" class="mt-1 block w-full px-3 py-2 border border-gray-300 rounded-md shadow-sm focus:outline-none focus:ring-blue-500 focus:border-blue-500 text-gray-500">…</select>[22m
    [2m    - fill("Savings")[22m
    [2m  - attempting fill action[22m
    [2m    - waiting for element to be visible, enabled and editable[22m


       96 |     
       97 |     await page.fill('input[name="name"], #name', testName);
    >  98 |     await page.fill('input[name="type"], #type', EDGE_CASES.zeroBalance.type);
          |                ^
       99 |     await page.fill('input[name="balance"], #balance', '0');
      100 |     
      101 |     await page.click('button[type="submit"]');
        at /Users/surajsatyarthi/Projects/active/Fin/finance-tracker/tests/e2e/accounts.spec.ts:98:16

    attachment #1: screenshot (image/png) ──────────────────────────────────────────────────────────
    test-results/accounts-Accounts---Create-should-handle-zero-balance-Mobile-Chrome/test-failed-1.png
    ────────────────────────────────────────────────────────────────────────────────────────────────

    attachment #2: video (video/webm) ──────────────────────────────────────────────────────────────
    test-results/accounts-Accounts---Create-should-handle-zero-balance-Mobile-Chrome/video.webm
    ────────────────────────────────────────────────────────────────────────────────────────────────

    Error Context: test-results/accounts-Accounts---Create-should-handle-zero-balance-Mobile-Chrome/error-context.md

  101) [Mobile Chrome] › tests/e2e/accounts.spec.ts:105:7 › Accounts - Create › should handle large balance amounts 

    Error: page.fill: Error: Element is not an <input>, <textarea> or [contenteditable] element
    Call log:
    [2m  - waiting for locator('input[name="type"], #type')[22m
    [2m    - locator resolved to <select id="type" required="" class="mt-1 block w-full px-3 py-2 border border-gray-300 rounded-md shadow-sm focus:outline-none focus:ring-blue-500 focus:border-blue-500 text-gray-500">…</select>[22m
    [2m    - fill("Investment")[22m
    [2m  - attempting fill action[22m
    [2m    - waiting for element to be visible, enabled and editable[22m


      109 |     
      110 |     await page.fill('input[name="name"], #name', testName);
    > 111 |     await page.fill('input[name="type"], #type', EDGE_CASES.largeBalance.type);
          |                ^
      112 |     await page.fill('input[name="balance"], #balance', EDGE_CASES.largeBalance.balance.toString());
      113 |     
      114 |     await page.click('button[type="submit"]');
        at /Users/surajsatyarthi/Projects/active/Fin/finance-tracker/tests/e2e/accounts.spec.ts:111:16

    attachment #1: screenshot (image/png) ──────────────────────────────────────────────────────────
    test-results/accounts-Accounts---Create-d5ee4-andle-large-balance-amounts-Mobile-Chrome/test-failed-1.png
    ────────────────────────────────────────────────────────────────────────────────────────────────

    attachment #2: video (video/webm) ──────────────────────────────────────────────────────────────
    test-results/accounts-Accounts---Create-d5ee4-andle-large-balance-amounts-Mobile-Chrome/video.webm
    ────────────────────────────────────────────────────────────────────────────────────────────────

    Error Context: test-results/accounts-Accounts---Create-d5ee4-andle-large-balance-amounts-Mobile-Chrome/error-context.md

  102) [Mobile Chrome] › tests/e2e/accounts.spec.ts:118:7 › Accounts - Create › should validate required fields 

    Error: [2mexpect([22m[31mreceived[39m[2m).[22mtoContain[2m([22m[32mexpected[39m[2m) // indexOf[22m

    Expected substring: [32m"/new"[39m
    Received string:    [31m"https://zzwouesueadoqrlmteyh.supabase.co/login"[39m

      127 |     // Form should not submit (still on new page)
      128 |     const currentUrl = page.url();
    > 129 |     expect(currentUrl).toContain('/new');
          |                        ^
      130 |   });
      131 |
      132 |   test('should sanitize special characters in name', async ({ page }) => {
        at /Users/surajsatyarthi/Projects/active/Fin/finance-tracker/tests/e2e/accounts.spec.ts:129:24

    attachment #1: screenshot (image/png) ──────────────────────────────────────────────────────────
    test-results/accounts-Accounts---Create-should-validate-required-fields-Mobile-Chrome/test-failed-1.png
    ────────────────────────────────────────────────────────────────────────────────────────────────

    attachment #2: video (video/webm) ──────────────────────────────────────────────────────────────
    test-results/accounts-Accounts---Create-should-validate-required-fields-Mobile-Chrome/video.webm
    ────────────────────────────────────────────────────────────────────────────────────────────────

    Error Context: test-results/accounts-Accounts---Create-should-validate-required-fields-Mobile-Chrome/error-context.md

  103) [Mobile Chrome] › tests/e2e/accounts.spec.ts:132:7 › Accounts - Create › should sanitize special characters in name 

    Error: page.fill: Error: Element is not an <input>, <textarea> or [contenteditable] element
    Call log:
    [2m  - waiting for locator('input[name="type"], #type')[22m
    [2m    - locator resolved to <select id="type" required="" class="mt-1 block w-full px-3 py-2 border border-gray-300 rounded-md shadow-sm focus:outline-none focus:ring-blue-500 focus:border-blue-500 text-gray-500">…</select>[22m
    [2m    - fill("Savings")[22m
    [2m  - attempting fill action[22m
    [2m    - waiting for element to be visible, enabled and editable[22m


      137 |     
      138 |     await page.fill('input[name="name"], #name', testName);
    > 139 |     await page.fill('input[name="type"], #type', 'Savings');
          |                ^
      140 |     await page.fill('input[name="balance"], #balance', '10000');
      141 |     
      142 |     await page.click('button[type="submit"]');
        at /Users/surajsatyarthi/Projects/active/Fin/finance-tracker/tests/e2e/accounts.spec.ts:139:16

    attachment #1: screenshot (image/png) ──────────────────────────────────────────────────────────
    test-results/accounts-Accounts---Create-151e9--special-characters-in-name-Mobile-Chrome/test-failed-1.png
    ────────────────────────────────────────────────────────────────────────────────────────────────

    attachment #2: video (video/webm) ──────────────────────────────────────────────────────────────
    test-results/accounts-Accounts---Create-151e9--special-characters-in-name-Mobile-Chrome/video.webm
    ────────────────────────────────────────────────────────────────────────────────────────────────

    Error Context: test-results/accounts-Accounts---Create-151e9--special-characters-in-name-Mobile-Chrome/error-context.md

  104) [Mobile Chrome] › tests/e2e/accounts.spec.ts:153:7 › Accounts - Edit › should edit account successfully 

    TimeoutError: page.waitForURL: Timeout 10000ms exceeded.
    =========================== logs ===========================
    waiting for navigation to "/dashboard" until "load"
      navigated to "http://localhost:3001/login"
    ============================================================

       at ../utils/test-helpers.ts:29

      27 |   
      28 |   // Wait for redirect to dashboard
    > 29 |   await page.waitForURL('/dashboard', { timeout: 10000 });
         |              ^
      30 | }
      31 |
      32 | /**
        at login (/Users/surajsatyarthi/Projects/active/Fin/finance-tracker/tests/utils/test-helpers.ts:29:14)
        at /Users/surajsatyarthi/Projects/active/Fin/finance-tracker/tests/e2e/accounts.spec.ts:150:5

    attachment #1: screenshot (image/png) ──────────────────────────────────────────────────────────
    test-results/accounts-Accounts---Edit-should-edit-account-successfully-Mobile-Chrome/test-failed-1.png
    ────────────────────────────────────────────────────────────────────────────────────────────────

    attachment #2: video (video/webm) ──────────────────────────────────────────────────────────────
    test-results/accounts-Accounts---Edit-should-edit-account-successfully-Mobile-Chrome/video.webm
    ────────────────────────────────────────────────────────────────────────────────────────────────

    Error Context: test-results/accounts-Accounts---Edit-should-edit-account-successfully-Mobile-Chrome/error-context.md

  105) [Mobile Chrome] › tests/e2e/accounts.spec.ts:225:7 › Accounts - Delete › should delete account successfully 

    Error: page.fill: Error: Element is not an <input>, <textarea> or [contenteditable] element
    Call log:
    [2m  - waiting for locator('input[name="type"], #type')[22m
    [2m    - locator resolved to <select id="type" required="" class="mt-1 block w-full px-3 py-2 border border-gray-300 rounded-md shadow-sm focus:outline-none focus:ring-blue-500 focus:border-blue-500 text-gray-500">…</select>[22m
    [2m    - fill("Savings")[22m
    [2m  - attempting fill action[22m
    [2m    - waiting for element to be visible, enabled and editable[22m


      229 |     
      230 |     await page.fill('input[name="name"], #name', testName);
    > 231 |     await page.fill('input[name="type"], #type', 'Savings');
          |                ^
      232 |     await page.fill('input[name="balance"], #balance', '1000');
      233 |     await page.click('button[type="submit"]');
      234 |     
        at /Users/surajsatyarthi/Projects/active/Fin/finance-tracker/tests/e2e/accounts.spec.ts:231:16

    attachment #1: screenshot (image/png) ──────────────────────────────────────────────────────────
    test-results/accounts-Accounts---Delete-538d0-delete-account-successfully-Mobile-Chrome/test-failed-1.png
    ────────────────────────────────────────────────────────────────────────────────────────────────

    attachment #2: video (video/webm) ──────────────────────────────────────────────────────────────
    test-results/accounts-Accounts---Delete-538d0-delete-account-successfully-Mobile-Chrome/video.webm
    ────────────────────────────────────────────────────────────────────────────────────────────────

    Error Context: test-results/accounts-Accounts---Delete-538d0-delete-account-successfully-Mobile-Chrome/error-context.md

  106) [Mobile Chrome] › tests/e2e/accounts.spec.ts:267:7 › Accounts - Data Integrity › should reflect account changes in dashboard 

    TimeoutError: page.waitForURL: Timeout 10000ms exceeded.
    =========================== logs ===========================
    waiting for navigation to "/dashboard" until "load"
    ============================================================

       at ../utils/test-helpers.ts:29

      27 |   
      28 |   // Wait for redirect to dashboard
    > 29 |   await page.waitForURL('/dashboard', { timeout: 10000 });
         |              ^
      30 | }
      31 |
      32 | /**
        at login (/Users/surajsatyarthi/Projects/active/Fin/finance-tracker/tests/utils/test-helpers.ts:29:14)
        at /Users/surajsatyarthi/Projects/active/Fin/finance-tracker/tests/e2e/accounts.spec.ts:269:5

    attachment #1: screenshot (image/png) ──────────────────────────────────────────────────────────
    test-results/accounts-Accounts---Data-I-c9953-ccount-changes-in-dashboard-Mobile-Chrome/test-failed-1.png
    ────────────────────────────────────────────────────────────────────────────────────────────────

    attachment #2: video (video/webm) ──────────────────────────────────────────────────────────────
    test-results/accounts-Accounts---Data-I-c9953-ccount-changes-in-dashboard-Mobile-Chrome/video.webm
    ────────────────────────────────────────────────────────────────────────────────────────────────

    Error Context: test-results/accounts-Accounts---Data-I-c9953-ccount-changes-in-dashboard-Mobile-Chrome/error-context.md

  107) [Mobile Chrome] › tests/e2e/auth.spec.ts:78:7 › Session Management › should maintain session across page navigation 

    TimeoutError: page.waitForURL: Timeout 10000ms exceeded.
    =========================== logs ===========================
    waiting for navigation to "/dashboard" until "load"
    ============================================================

       at ../utils/test-helpers.ts:29

      27 |   
      28 |   // Wait for redirect to dashboard
    > 29 |   await page.waitForURL('/dashboard', { timeout: 10000 });
         |              ^
      30 | }
      31 |
      32 | /**
        at login (/Users/surajsatyarthi/Projects/active/Fin/finance-tracker/tests/utils/test-helpers.ts:29:14)
        at /Users/surajsatyarthi/Projects/active/Fin/finance-tracker/tests/e2e/auth.spec.ts:80:5

    attachment #1: screenshot (image/png) ──────────────────────────────────────────────────────────
    test-results/auth-Session-Management-sh-068b9-sion-across-page-navigation-Mobile-Chrome/test-failed-1.png
    ────────────────────────────────────────────────────────────────────────────────────────────────

    attachment #2: video (video/webm) ──────────────────────────────────────────────────────────────
    test-results/auth-Session-Management-sh-068b9-sion-across-page-navigation-Mobile-Chrome/video.webm
    ────────────────────────────────────────────────────────────────────────────────────────────────

    Error Context: test-results/auth-Session-Management-sh-068b9-sion-across-page-navigation-Mobile-Chrome/error-context.md

  108) [Mobile Chrome] › tests/e2e/auth.spec.ts:93:7 › Session Management › should handle browser refresh 

    TimeoutError: page.waitForURL: Timeout 10000ms exceeded.
    =========================== logs ===========================
    waiting for navigation to "/dashboard" until "load"
    ============================================================

       at ../utils/test-helpers.ts:29

      27 |   
      28 |   // Wait for redirect to dashboard
    > 29 |   await page.waitForURL('/dashboard', { timeout: 10000 });
         |              ^
      30 | }
      31 |
      32 | /**
        at login (/Users/surajsatyarthi/Projects/active/Fin/finance-tracker/tests/utils/test-helpers.ts:29:14)
        at /Users/surajsatyarthi/Projects/active/Fin/finance-tracker/tests/e2e/auth.spec.ts:94:5

    attachment #1: screenshot (image/png) ──────────────────────────────────────────────────────────
    test-results/auth-Session-Management-should-handle-browser-refresh-Mobile-Chrome/test-failed-1.png
    ────────────────────────────────────────────────────────────────────────────────────────────────

    attachment #2: video (video/webm) ──────────────────────────────────────────────────────────────
    test-results/auth-Session-Management-should-handle-browser-refresh-Mobile-Chrome/video.webm
    ────────────────────────────────────────────────────────────────────────────────────────────────

    Error Context: test-results/auth-Session-Management-should-handle-browser-refresh-Mobile-Chrome/error-context.md

  109) [Mobile Chrome] › tests/e2e/credit-cards.spec.ts:90:7 › Credit Cards - Create › should validate credit limit is positive 

    TimeoutError: page.waitForURL: Timeout 10000ms exceeded.
    =========================== logs ===========================
    waiting for navigation to "/dashboard" until "load"
    ============================================================

       at ../utils/test-helpers.ts:29

      27 |   
      28 |   // Wait for redirect to dashboard
    > 29 |   await page.waitForURL('/dashboard', { timeout: 10000 });
         |              ^
      30 | }
      31 |
      32 | /**
        at login (/Users/surajsatyarthi/Projects/active/Fin/finance-tracker/tests/utils/test-helpers.ts:29:14)
        at /Users/surajsatyarthi/Projects/active/Fin/finance-tracker/tests/e2e/credit-cards.spec.ts:36:5

    attachment #1: screenshot (image/png) ──────────────────────────────────────────────────────────
    test-results/credit-cards-Credit-Cards--3b128-te-credit-limit-is-positive-Mobile-Chrome/test-failed-1.png
    ────────────────────────────────────────────────────────────────────────────────────────────────

    attachment #2: video (video/webm) ──────────────────────────────────────────────────────────────
    test-results/credit-cards-Credit-Cards--3b128-te-credit-limit-is-positive-Mobile-Chrome/video.webm
    ────────────────────────────────────────────────────────────────────────────────────────────────

    Error Context: test-results/credit-cards-Credit-Cards--3b128-te-credit-limit-is-positive-Mobile-Chrome/error-context.md

  110) [Mobile Chrome] › tests/e2e/credit-cards.spec.ts:143:7 › Credit Cards - View & Edit › should view credit card details 

    TimeoutError: page.waitForURL: Timeout 10000ms exceeded.
    =========================== logs ===========================
    waiting for navigation to "/dashboard" until "load"
    ============================================================

       at ../utils/test-helpers.ts:29

      27 |   
      28 |   // Wait for redirect to dashboard
    > 29 |   await page.waitForURL('/dashboard', { timeout: 10000 });
         |              ^
      30 | }
      31 |
      32 | /**
        at login (/Users/surajsatyarthi/Projects/active/Fin/finance-tracker/tests/utils/test-helpers.ts:29:14)
        at /Users/surajsatyarthi/Projects/active/Fin/finance-tracker/tests/e2e/credit-cards.spec.ts:140:5

    attachment #1: screenshot (image/png) ──────────────────────────────────────────────────────────
    test-results/credit-cards-Credit-Cards--deb13-ld-view-credit-card-details-Mobile-Chrome/test-failed-1.png
    ────────────────────────────────────────────────────────────────────────────────────────────────

    attachment #2: video (video/webm) ──────────────────────────────────────────────────────────────
    test-results/credit-cards-Credit-Cards--deb13-ld-view-credit-card-details-Mobile-Chrome/video.webm
    ────────────────────────────────────────────────────────────────────────────────────────────────

    Error Context: test-results/credit-cards-Credit-Cards--deb13-ld-view-credit-card-details-Mobile-Chrome/error-context.md

  111) [Mobile Chrome] › tests/e2e/credit-cards.spec.ts:167:7 › Credit Cards - View & Edit › should edit credit card limit 

    TimeoutError: page.waitForURL: Timeout 10000ms exceeded.
    =========================== logs ===========================
    waiting for navigation to "/dashboard" until "load"
    ============================================================

       at ../utils/test-helpers.ts:29

      27 |   
      28 |   // Wait for redirect to dashboard
    > 29 |   await page.waitForURL('/dashboard', { timeout: 10000 });
         |              ^
      30 | }
      31 |
      32 | /**
        at login (/Users/surajsatyarthi/Projects/active/Fin/finance-tracker/tests/utils/test-helpers.ts:29:14)
        at /Users/surajsatyarthi/Projects/active/Fin/finance-tracker/tests/e2e/credit-cards.spec.ts:140:5

    attachment #1: screenshot (image/png) ──────────────────────────────────────────────────────────
    test-results/credit-cards-Credit-Cards--76ac8-ould-edit-credit-card-limit-Mobile-Chrome/test-failed-1.png
    ────────────────────────────────────────────────────────────────────────────────────────────────

    attachment #2: video (video/webm) ──────────────────────────────────────────────────────────────
    test-results/credit-cards-Credit-Cards--76ac8-ould-edit-credit-card-limit-Mobile-Chrome/video.webm
    ────────────────────────────────────────────────────────────────────────────────────────────────

    Error Context: test-results/credit-cards-Credit-Cards--76ac8-ould-edit-credit-card-limit-Mobile-Chrome/error-context.md

  112) [Mobile Chrome] › tests/e2e/credit-cards.spec.ts:250:7 › Credit Cards - Dashboard Integration › should update credit utilization in dashboard 

    TimeoutError: page.waitForURL: Timeout 10000ms exceeded.
    =========================== logs ===========================
    waiting for navigation to "/dashboard" until "load"
    ============================================================

       at ../utils/test-helpers.ts:29

      27 |   
      28 |   // Wait for redirect to dashboard
    > 29 |   await page.waitForURL('/dashboard', { timeout: 10000 });
         |              ^
      30 | }
      31 |
      32 | /**
        at login (/Users/surajsatyarthi/Projects/active/Fin/finance-tracker/tests/utils/test-helpers.ts:29:14)
        at /Users/surajsatyarthi/Projects/active/Fin/finance-tracker/tests/e2e/credit-cards.spec.ts:252:5

    attachment #1: screenshot (image/png) ──────────────────────────────────────────────────────────
    test-results/credit-cards-Credit-Cards--24f3b-it-utilization-in-dashboard-Mobile-Chrome/test-failed-1.png
    ────────────────────────────────────────────────────────────────────────────────────────────────

    attachment #2: video (video/webm) ──────────────────────────────────────────────────────────────
    test-results/credit-cards-Credit-Cards--24f3b-it-utilization-in-dashboard-Mobile-Chrome/video.webm
    ────────────────────────────────────────────────────────────────────────────────────────────────

    Error Context: test-results/credit-cards-Credit-Cards--24f3b-it-utilization-in-dashboard-Mobile-Chrome/error-context.md

  113) [Mobile Chrome] › tests/e2e/dashboard.spec.ts:15:7 › Dashboard - Core Functionality › should load dashboard successfully 

    TimeoutError: page.waitForURL: Timeout 10000ms exceeded.
    =========================== logs ===========================
    waiting for navigation to "/dashboard" until "load"
    ============================================================

       at ../utils/test-helpers.ts:29

      27 |   
      28 |   // Wait for redirect to dashboard
    > 29 |   await page.waitForURL('/dashboard', { timeout: 10000 });
         |              ^
      30 | }
      31 |
      32 | /**
        at login (/Users/surajsatyarthi/Projects/active/Fin/finance-tracker/tests/utils/test-helpers.ts:29:14)
        at /Users/surajsatyarthi/Projects/active/Fin/finance-tracker/tests/e2e/dashboard.spec.ts:12:5

    attachment #1: screenshot (image/png) ──────────────────────────────────────────────────────────
    test-results/dashboard-Dashboard---Core-eceab-load-dashboard-successfully-Mobile-Chrome/test-failed-1.png
    ────────────────────────────────────────────────────────────────────────────────────────────────

    attachment #2: video (video/webm) ──────────────────────────────────────────────────────────────
    test-results/dashboard-Dashboard---Core-eceab-load-dashboard-successfully-Mobile-Chrome/video.webm
    ────────────────────────────────────────────────────────────────────────────────────────────────

    Error Context: test-results/dashboard-Dashboard---Core-eceab-load-dashboard-successfully-Mobile-Chrome/error-context.md

  114) [Mobile Chrome] › tests/e2e/dashboard.spec.ts:20:7 › Dashboard - Core Functionality › should display all key metric cards 

    Error: [2mexpect([22m[31mlocator[39m[2m).[22mtoBeVisible[2m([22m[2m)[22m failed

    Locator: locator('text=Net Worth')
    Expected: visible
    Error: strict mode violation: locator('text=Net Worth') resolved to 2 elements:
        1) <p class="text-sm text-gray-500">Net Worth</p> aka getByRole('paragraph').filter({ hasText: 'Net Worth' })
        2) <td class="py-3 text-sm font-medium text-gray-900">Net Worth</td> aka getByRole('cell', { name: 'Net Worth' })

    Call log:
    [2m  - Expect "toBeVisible" with timeout 5000ms[22m
    [2m  - waiting for locator('text=Net Worth')[22m


      26 |     
      27 |     for (const metric of metrics) {
    > 28 |       await expect(page.locator(`text=${metric}`)).toBeVisible();
         |                                                    ^
      29 |     }
      30 |   });
      31 |
        at /Users/surajsatyarthi/Projects/active/Fin/finance-tracker/tests/e2e/dashboard.spec.ts:28:52

    attachment #1: screenshot (image/png) ──────────────────────────────────────────────────────────
    test-results/dashboard-Dashboard---Core-64813-isplay-all-key-metric-cards-Mobile-Chrome/test-failed-1.png
    ────────────────────────────────────────────────────────────────────────────────────────────────

    attachment #2: video (video/webm) ──────────────────────────────────────────────────────────────
    test-results/dashboard-Dashboard---Core-64813-isplay-all-key-metric-cards-Mobile-Chrome/video.webm
    ────────────────────────────────────────────────────────────────────────────────────────────────

    Error Context: test-results/dashboard-Dashboard---Core-64813-isplay-all-key-metric-cards-Mobile-Chrome/error-context.md

  115) [Mobile Chrome] › tests/e2e/dashboard.spec.ts:32:7 › Dashboard - Core Functionality › should display net worth with correct color coding 

    Error: [2mexpect([22m[31mreceived[39m[2m).[22mtoBeTruthy[2m()[22m

    Received: [31mfalse[39m

      44 |     // Should have either text-green-600 or text-red-600
      45 |     const hasColorClass = className?.includes('text-green-600') || className?.includes('text-red-600');
    > 46 |     expect(hasColorClass).toBeTruthy();
         |                           ^
      47 |   });
      48 |
      49 |   test('should display savings rate with color coding', async ({ page }) => {
        at /Users/surajsatyarthi/Projects/active/Fin/finance-tracker/tests/e2e/dashboard.spec.ts:46:27

    attachment #1: screenshot (image/png) ──────────────────────────────────────────────────────────
    test-results/dashboard-Dashboard---Core-6c4fd-h-with-correct-color-coding-Mobile-Chrome/test-failed-1.png
    ────────────────────────────────────────────────────────────────────────────────────────────────

    attachment #2: video (video/webm) ──────────────────────────────────────────────────────────────
    test-results/dashboard-Dashboard---Core-6c4fd-h-with-correct-color-coding-Mobile-Chrome/video.webm
    ────────────────────────────────────────────────────────────────────────────────────────────────

    Error Context: test-results/dashboard-Dashboard---Core-6c4fd-h-with-correct-color-coding-Mobile-Chrome/error-context.md

  116) [Mobile Chrome] › tests/e2e/dashboard.spec.ts:93:7 › Dashboard - Assets & Liabilities › should display assets and liabilities breakdown 

    TimeoutError: page.waitForURL: Timeout 10000ms exceeded.
    =========================== logs ===========================
    waiting for navigation to "/dashboard" until "load"
    ============================================================

       at ../utils/test-helpers.ts:29

      27 |   
      28 |   // Wait for redirect to dashboard
    > 29 |   await page.waitForURL('/dashboard', { timeout: 10000 });
         |              ^
      30 | }
      31 |
      32 | /**
        at login (/Users/surajsatyarthi/Projects/active/Fin/finance-tracker/tests/utils/test-helpers.ts:29:14)
        at /Users/surajsatyarthi/Projects/active/Fin/finance-tracker/tests/e2e/dashboard.spec.ts:90:5

    attachment #1: screenshot (image/png) ──────────────────────────────────────────────────────────
    test-results/dashboard-Dashboard---Asse-c086c-s-and-liabilities-breakdown-Mobile-Chrome/test-failed-1.png
    ────────────────────────────────────────────────────────────────────────────────────────────────

    attachment #2: video (video/webm) ──────────────────────────────────────────────────────────────
    test-results/dashboard-Dashboard---Asse-c086c-s-and-liabilities-breakdown-Mobile-Chrome/video.webm
    ────────────────────────────────────────────────────────────────────────────────────────────────

    Error Context: test-results/dashboard-Dashboard---Asse-c086c-s-and-liabilities-breakdown-Mobile-Chrome/error-context.md

  117) [Mobile Chrome] › tests/e2e/dashboard.spec.ts:114:7 › Dashboard - Assets & Liabilities › should display total liabilities in red 

    TimeoutError: page.waitForURL: Timeout 10000ms exceeded.
    =========================== logs ===========================
    waiting for navigation to "/dashboard" until "load"
    ============================================================

       at ../utils/test-helpers.ts:29

      27 |   
      28 |   // Wait for redirect to dashboard
    > 29 |   await page.waitForURL('/dashboard', { timeout: 10000 });
         |              ^
      30 | }
      31 |
      32 | /**
        at login (/Users/surajsatyarthi/Projects/active/Fin/finance-tracker/tests/utils/test-helpers.ts:29:14)
        at /Users/surajsatyarthi/Projects/active/Fin/finance-tracker/tests/e2e/dashboard.spec.ts:90:5

    attachment #1: screenshot (image/png) ──────────────────────────────────────────────────────────
    test-results/dashboard-Dashboard---Asse-7fd09-ay-total-liabilities-in-red-Mobile-Chrome/test-failed-1.png
    ────────────────────────────────────────────────────────────────────────────────────────────────

    attachment #2: video (video/webm) ──────────────────────────────────────────────────────────────
    test-results/dashboard-Dashboard---Asse-7fd09-ay-total-liabilities-in-red-Mobile-Chrome/video.webm
    ────────────────────────────────────────────────────────────────────────────────────────────────

    Error Context: test-results/dashboard-Dashboard---Asse-7fd09-ay-total-liabilities-in-red-Mobile-Chrome/error-context.md

  118) [Mobile Chrome] › tests/e2e/dashboard.spec.ts:124:7 › Dashboard - Assets & Liabilities › should calculate net worth correctly 

    TimeoutError: page.waitForURL: Timeout 10000ms exceeded.
    =========================== logs ===========================
    waiting for navigation to "/dashboard" until "load"
    ============================================================

       at ../utils/test-helpers.ts:29

      27 |   
      28 |   // Wait for redirect to dashboard
    > 29 |   await page.waitForURL('/dashboard', { timeout: 10000 });
         |              ^
      30 | }
      31 |
      32 | /**
        at login (/Users/surajsatyarthi/Projects/active/Fin/finance-tracker/tests/utils/test-helpers.ts:29:14)
        at /Users/surajsatyarthi/Projects/active/Fin/finance-tracker/tests/e2e/dashboard.spec.ts:90:5

    attachment #1: screenshot (image/png) ──────────────────────────────────────────────────────────
    test-results/dashboard-Dashboard---Asse-a206c-lculate-net-worth-correctly-Mobile-Chrome/test-failed-1.png
    ────────────────────────────────────────────────────────────────────────────────────────────────

    attachment #2: video (video/webm) ──────────────────────────────────────────────────────────────
    test-results/dashboard-Dashboard---Asse-a206c-lculate-net-worth-correctly-Mobile-Chrome/video.webm
    ────────────────────────────────────────────────────────────────────────────────────────────────

    Error Context: test-results/dashboard-Dashboard---Asse-a206c-lculate-net-worth-correctly-Mobile-Chrome/error-context.md

  119) [Mobile Chrome] › tests/e2e/dashboard.spec.ts:147:7 › Dashboard - Portfolio Summary › should display portfolio summary section 

    TimeoutError: page.waitForURL: Timeout 10000ms exceeded.
    =========================== logs ===========================
    waiting for navigation to "/dashboard" until "load"
    ============================================================

       at ../utils/test-helpers.ts:29

      27 |   
      28 |   // Wait for redirect to dashboard
    > 29 |   await page.waitForURL('/dashboard', { timeout: 10000 });
         |              ^
      30 | }
      31 |
      32 | /**
        at login (/Users/surajsatyarthi/Projects/active/Fin/finance-tracker/tests/utils/test-helpers.ts:29:14)
        at /Users/surajsatyarthi/Projects/active/Fin/finance-tracker/tests/e2e/dashboard.spec.ts:144:5

    attachment #1: screenshot (image/png) ──────────────────────────────────────────────────────────
    test-results/dashboard-Dashboard---Port-10917-y-portfolio-summary-section-Mobile-Chrome/test-failed-1.png
    ────────────────────────────────────────────────────────────────────────────────────────────────

    attachment #2: video (video/webm) ──────────────────────────────────────────────────────────────
    test-results/dashboard-Dashboard---Port-10917-y-portfolio-summary-section-Mobile-Chrome/video.webm
    ────────────────────────────────────────────────────────────────────────────────────────────────

    Error Context: test-results/dashboard-Dashboard---Port-10917-y-portfolio-summary-section-Mobile-Chrome/error-context.md

  120) [Mobile Chrome] › tests/e2e/dashboard.spec.ts:175:7 › Dashboard - Portfolio Summary › should show loan count 

    TimeoutError: page.waitForURL: Timeout 10000ms exceeded.
    =========================== logs ===========================
    waiting for navigation to "/dashboard" until "load"
    ============================================================

       at ../utils/test-helpers.ts:29

      27 |   
      28 |   // Wait for redirect to dashboard
    > 29 |   await page.waitForURL('/dashboard', { timeout: 10000 });
         |              ^
      30 | }
      31 |
      32 | /**
        at login (/Users/surajsatyarthi/Projects/active/Fin/finance-tracker/tests/utils/test-helpers.ts:29:14)
        at /Users/surajsatyarthi/Projects/active/Fin/finance-tracker/tests/e2e/dashboard.spec.ts:144:5

    attachment #1: screenshot (image/png) ──────────────────────────────────────────────────────────
    test-results/dashboard-Dashboard---Port-a18e6-mary-should-show-loan-count-Mobile-Chrome/test-failed-1.png
    ────────────────────────────────────────────────────────────────────────────────────────────────

    attachment #2: video (video/webm) ──────────────────────────────────────────────────────────────
    test-results/dashboard-Dashboard---Port-a18e6-mary-should-show-loan-count-Mobile-Chrome/video.webm
    ────────────────────────────────────────────────────────────────────────────────────────────────

    Error Context: test-results/dashboard-Dashboard---Port-a18e6-mary-should-show-loan-count-Mobile-Chrome/error-context.md

  121) [Mobile Chrome] › tests/e2e/dashboard.spec.ts:272:7 › Dashboard - Navigation › should navigate to accounts page 

    TimeoutError: page.waitForURL: Timeout 10000ms exceeded.
    =========================== logs ===========================
    waiting for navigation to "/dashboard" until "load"
    ============================================================

       at ../utils/test-helpers.ts:29

      27 |   
      28 |   // Wait for redirect to dashboard
    > 29 |   await page.waitForURL('/dashboard', { timeout: 10000 });
         |              ^
      30 | }
      31 |
      32 | /**
        at login (/Users/surajsatyarthi/Projects/active/Fin/finance-tracker/tests/utils/test-helpers.ts:29:14)
        at /Users/surajsatyarthi/Projects/active/Fin/finance-tracker/tests/e2e/dashboard.spec.ts:263:5

    attachment #1: screenshot (image/png) ──────────────────────────────────────────────────────────
    test-results/dashboard-Dashboard---Navi-b3ce9-d-navigate-to-accounts-page-Mobile-Chrome/test-failed-1.png
    ────────────────────────────────────────────────────────────────────────────────────────────────

    attachment #2: video (video/webm) ──────────────────────────────────────────────────────────────
    test-results/dashboard-Dashboard---Navi-b3ce9-d-navigate-to-accounts-page-Mobile-Chrome/video.webm
    ────────────────────────────────────────────────────────────────────────────────────────────────

    Error Context: test-results/dashboard-Dashboard---Navi-b3ce9-d-navigate-to-accounts-page-Mobile-Chrome/error-context.md

  122) [Mobile Chrome] › tests/e2e/data-integrity.spec.ts:10:7 › Data Integrity - Concurrent Operations › should handle rapid navigation without errors 

    TimeoutError: page.waitForURL: Timeout 10000ms exceeded.
    =========================== logs ===========================
    waiting for navigation to "/dashboard" until "load"
    ============================================================

       at ../utils/test-helpers.ts:29

      27 |   
      28 |   // Wait for redirect to dashboard
    > 29 |   await page.waitForURL('/dashboard', { timeout: 10000 });
         |              ^
      30 | }
      31 |
      32 | /**
        at login (/Users/surajsatyarthi/Projects/active/Fin/finance-tracker/tests/utils/test-helpers.ts:29:14)
        at /Users/surajsatyarthi/Projects/active/Fin/finance-tracker/tests/e2e/data-integrity.spec.ts:12:5

    attachment #1: screenshot (image/png) ──────────────────────────────────────────────────────────
    test-results/data-integrity-Data-Integr-16a53-d-navigation-without-errors-Mobile-Chrome/test-failed-1.png
    ────────────────────────────────────────────────────────────────────────────────────────────────

    attachment #2: video (video/webm) ──────────────────────────────────────────────────────────────
    test-results/data-integrity-Data-Integr-16a53-d-navigation-without-errors-Mobile-Chrome/video.webm
    ────────────────────────────────────────────────────────────────────────────────────────────────

    Error Context: test-results/data-integrity-Data-Integr-16a53-d-navigation-without-errors-Mobile-Chrome/error-context.md

  123) [Mobile Chrome] › tests/e2e/data-integrity.spec.ts:26:7 › Data Integrity - Concurrent Operations › should handle browser back button 

    TimeoutError: page.waitForURL: Timeout 10000ms exceeded.
    =========================== logs ===========================
    waiting for navigation to "/dashboard" until "load"
    ============================================================

       at ../utils/test-helpers.ts:29

      27 |   
      28 |   // Wait for redirect to dashboard
    > 29 |   await page.waitForURL('/dashboard', { timeout: 10000 });
         |              ^
      30 | }
      31 |
      32 | /**
        at login (/Users/surajsatyarthi/Projects/active/Fin/finance-tracker/tests/utils/test-helpers.ts:29:14)
        at /Users/surajsatyarthi/Projects/active/Fin/finance-tracker/tests/e2e/data-integrity.spec.ts:28:5

    attachment #1: screenshot (image/png) ──────────────────────────────────────────────────────────
    test-results/data-integrity-Data-Integr-7803d--handle-browser-back-button-Mobile-Chrome/test-failed-1.png
    ────────────────────────────────────────────────────────────────────────────────────────────────

    attachment #2: video (video/webm) ──────────────────────────────────────────────────────────────
    test-results/data-integrity-Data-Integr-7803d--handle-browser-back-button-Mobile-Chrome/video.webm
    ────────────────────────────────────────────────────────────────────────────────────────────────

    Error Context: test-results/data-integrity-Data-Integr-7803d--handle-browser-back-button-Mobile-Chrome/error-context.md

  124) [Mobile Chrome] › tests/e2e/data-integrity.spec.ts:61:7 › Data Integrity - Form Validation › should prevent duplicate submissions 

    Error: page.fill: Error: Element is not an <input>, <textarea> or [contenteditable] element
    Call log:
    [2m  - waiting for locator('input[name="type"], #type')[22m
    [2m    - locator resolved to <select id="type" required="" class="mt-1 block w-full px-3 py-2 border border-gray-300 rounded-md shadow-sm focus:outline-none focus:ring-blue-500 focus:border-blue-500 text-gray-500">…</select>[22m
    [2m    - fill("Savings")[22m
    [2m  - attempting fill action[22m
    [2m    - waiting for element to be visible, enabled and editable[22m


      67 |     const testName = `Duplicate Test ${generateTestId()}`;
      68 |     await page.fill('input[name="name"], #name', testName);
    > 69 |     await page.fill('input[name="type"], #type', 'Savings');
         |                ^
      70 |     await page.fill('input[name="balance"], #balance', '10000');
      71 |     
      72 |     // Click submit multiple times rapidly
        at /Users/surajsatyarthi/Projects/active/Fin/finance-tracker/tests/e2e/data-integrity.spec.ts:69:16

    attachment #1: screenshot (image/png) ──────────────────────────────────────────────────────────
    test-results/data-integrity-Data-Integr-2b828-event-duplicate-submissions-Mobile-Chrome/test-failed-1.png
    ────────────────────────────────────────────────────────────────────────────────────────────────

    attachment #2: video (video/webm) ──────────────────────────────────────────────────────────────
    test-results/data-integrity-Data-Integr-2b828-event-duplicate-submissions-Mobile-Chrome/video.webm
    ────────────────────────────────────────────────────────────────────────────────────────────────

    Error Context: test-results/data-integrity-Data-Integr-2b828-event-duplicate-submissions-Mobile-Chrome/error-context.md

  125) [Mobile Chrome] › tests/e2e/data-integrity.spec.ts:88:7 › Data Integrity - Form Validation › should sanitize HTML in input fields 

    Error: page.fill: Error: Element is not an <input>, <textarea> or [contenteditable] element
    Call log:
    [2m  - waiting for locator('input[name="type"], #type')[22m
    [2m    - locator resolved to <select id="type" required="" class="mt-1 block w-full px-3 py-2 border border-gray-300 rounded-md shadow-sm focus:outline-none focus:ring-blue-500 focus:border-blue-500 text-gray-500">…</select>[22m
    [2m    - fill("Savings")[22m
    [2m  - attempting fill action[22m
    [2m    - waiting for element to be visible, enabled and editable[22m


      94 |     const htmlPayload = '<img src=x onerror=alert("xss")>';
      95 |     await page.fill('input[name="name"], #name', htmlPayload);
    > 96 |     await page.fill('input[name="type"], #type', 'Savings');
         |                ^
      97 |     await page.fill('input[name="balance"], #balance', '10000');
      98 |     
      99 |     let alertTriggered = false;
        at /Users/surajsatyarthi/Projects/active/Fin/finance-tracker/tests/e2e/data-integrity.spec.ts:96:16

    attachment #1: screenshot (image/png) ──────────────────────────────────────────────────────────
    test-results/data-integrity-Data-Integr-f9511-nitize-HTML-in-input-fields-Mobile-Chrome/test-failed-1.png
    ────────────────────────────────────────────────────────────────────────────────────────────────

    attachment #2: video (video/webm) ──────────────────────────────────────────────────────────────
    test-results/data-integrity-Data-Integr-f9511-nitize-HTML-in-input-fields-Mobile-Chrome/video.webm
    ────────────────────────────────────────────────────────────────────────────────────────────────

    Error Context: test-results/data-integrity-Data-Integr-f9511-nitize-HTML-in-input-fields-Mobile-Chrome/error-context.md

  126) [Mobile Chrome] › tests/e2e/data-integrity.spec.ts:152:7 › Data Integrity - Large Datasets › should load transactions page efficiently 

    Error: [2mexpect([22m[31mreceived[39m[2m).[22mtoBeLessThan[2m([22m[32mexpected[39m[2m)[22m

    Expected: < [32m5000[39m
    Received:   [31m12537[39m

      160 |     
      161 |     // Page should load within reasonable time (5 seconds)
    > 162 |     expect(loadTime).toBeLessThan(5000);
          |                      ^
      163 |   });
      164 | });
      165 |
        at /Users/surajsatyarthi/Projects/active/Fin/finance-tracker/tests/e2e/data-integrity.spec.ts:162:22

    attachment #1: screenshot (image/png) ──────────────────────────────────────────────────────────
    test-results/data-integrity-Data-Integr-af4cb-ansactions-page-efficiently-Mobile-Chrome/test-failed-1.png
    ────────────────────────────────────────────────────────────────────────────────────────────────

    attachment #2: video (video/webm) ──────────────────────────────────────────────────────────────
    test-results/data-integrity-Data-Integr-af4cb-ansactions-page-efficiently-Mobile-Chrome/video.webm
    ────────────────────────────────────────────────────────────────────────────────────────────────

    Error Context: test-results/data-integrity-Data-Integr-af4cb-ansactions-page-efficiently-Mobile-Chrome/error-context.md

  127) [Mobile Chrome] › tests/e2e/data-integrity.spec.ts:189:7 › Data Integrity - Network Resilience › should handle slow network 

    TimeoutError: page.waitForURL: Timeout 10000ms exceeded.
    =========================== logs ===========================
    waiting for navigation to "/dashboard" until "load"
    ============================================================

       at ../utils/test-helpers.ts:29

      27 |   
      28 |   // Wait for redirect to dashboard
    > 29 |   await page.waitForURL('/dashboard', { timeout: 10000 });
         |              ^
      30 | }
      31 |
      32 | /**
        at login (/Users/surajsatyarthi/Projects/active/Fin/finance-tracker/tests/utils/test-helpers.ts:29:14)
        at /Users/surajsatyarthi/Projects/active/Fin/finance-tracker/tests/e2e/data-integrity.spec.ts:191:5

    attachment #1: screenshot (image/png) ──────────────────────────────────────────────────────────
    test-results/data-integrity-Data-Integr-94d3b--should-handle-slow-network-Mobile-Chrome/test-failed-1.png
    ────────────────────────────────────────────────────────────────────────────────────────────────

    attachment #2: video (video/webm) ──────────────────────────────────────────────────────────────
    test-results/data-integrity-Data-Integr-94d3b--should-handle-slow-network-Mobile-Chrome/video.webm
    ────────────────────────────────────────────────────────────────────────────────────────────────

    Error Context: test-results/data-integrity-Data-Integr-94d3b--should-handle-slow-network-Mobile-Chrome/error-context.md

  128) [Mobile Chrome] › tests/e2e/data-integrity.spec.ts:207:7 › Data Integrity - Cross-Module Consistency › should maintain consistent totals across pages 

    TimeoutError: page.waitForURL: Timeout 10000ms exceeded.
    =========================== logs ===========================
    waiting for navigation to "/dashboard" until "load"
    ============================================================

       at ../utils/test-helpers.ts:29

      27 |   
      28 |   // Wait for redirect to dashboard
    > 29 |   await page.waitForURL('/dashboard', { timeout: 10000 });
         |              ^
      30 | }
      31 |
      32 | /**
        at login (/Users/surajsatyarthi/Projects/active/Fin/finance-tracker/tests/utils/test-helpers.ts:29:14)
        at /Users/surajsatyarthi/Projects/active/Fin/finance-tracker/tests/e2e/data-integrity.spec.ts:209:5

    attachment #1: screenshot (image/png) ──────────────────────────────────────────────────────────
    test-results/data-integrity-Data-Integr-0399e-sistent-totals-across-pages-Mobile-Chrome/test-failed-1.png
    ────────────────────────────────────────────────────────────────────────────────────────────────

    attachment #2: video (video/webm) ──────────────────────────────────────────────────────────────
    test-results/data-integrity-Data-Integr-0399e-sistent-totals-across-pages-Mobile-Chrome/video.webm
    ────────────────────────────────────────────────────────────────────────────────────────────────

    Error Context: test-results/data-integrity-Data-Integr-0399e-sistent-totals-across-pages-Mobile-Chrome/error-context.md

  129) [Mobile Chrome] › tests/e2e/data-integrity.spec.ts:227:7 › Data Integrity - Cross-Module Consistency › should update dashboard metrics when creating account 

    TimeoutError: page.waitForURL: Timeout 10000ms exceeded.
    =========================== logs ===========================
    waiting for navigation to "/dashboard" until "load"
    ============================================================

       at ../utils/test-helpers.ts:29

      27 |   
      28 |   // Wait for redirect to dashboard
    > 29 |   await page.waitForURL('/dashboard', { timeout: 10000 });
         |              ^
      30 | }
      31 |
      32 | /**
        at login (/Users/surajsatyarthi/Projects/active/Fin/finance-tracker/tests/utils/test-helpers.ts:29:14)
        at /Users/surajsatyarthi/Projects/active/Fin/finance-tracker/tests/e2e/data-integrity.spec.ts:229:5

    attachment #1: screenshot (image/png) ──────────────────────────────────────────────────────────
    test-results/data-integrity-Data-Integr-884fd-trics-when-creating-account-Mobile-Chrome/test-failed-1.png
    ────────────────────────────────────────────────────────────────────────────────────────────────

    attachment #2: video (video/webm) ──────────────────────────────────────────────────────────────
    test-results/data-integrity-Data-Integr-884fd-trics-when-creating-account-Mobile-Chrome/video.webm
    ────────────────────────────────────────────────────────────────────────────────────────────────

    Error Context: test-results/data-integrity-Data-Integr-884fd-trics-when-creating-account-Mobile-Chrome/error-context.md

  130) [Mobile Chrome] › tests/e2e/data-integrity.spec.ts:257:7 › Edge Cases - Boundary Values › should handle maximum integer values 

    TimeoutError: page.waitForURL: Timeout 10000ms exceeded.
    =========================== logs ===========================
    waiting for navigation to "/dashboard" until "load"
    ============================================================

       at ../utils/test-helpers.ts:29

      27 |   
      28 |   // Wait for redirect to dashboard
    > 29 |   await page.waitForURL('/dashboard', { timeout: 10000 });
         |              ^
      30 | }
      31 |
      32 | /**
        at login (/Users/surajsatyarthi/Projects/active/Fin/finance-tracker/tests/utils/test-helpers.ts:29:14)
        at /Users/surajsatyarthi/Projects/active/Fin/finance-tracker/tests/e2e/data-integrity.spec.ts:259:5

    attachment #1: screenshot (image/png) ──────────────────────────────────────────────────────────
    test-results/data-integrity-Edge-Cases--5ead8-ndle-maximum-integer-values-Mobile-Chrome/test-failed-1.png
    ────────────────────────────────────────────────────────────────────────────────────────────────

    attachment #2: video (video/webm) ──────────────────────────────────────────────────────────────
    test-results/data-integrity-Edge-Cases--5ead8-ndle-maximum-integer-values-Mobile-Chrome/video.webm
    ────────────────────────────────────────────────────────────────────────────────────────────────

    Error Context: test-results/data-integrity-Edge-Cases--5ead8-ndle-maximum-integer-values-Mobile-Chrome/error-context.md

  131) [Mobile Chrome] › tests/e2e/data-integrity.spec.ts:273:7 › Edge Cases - Boundary Values › should handle decimal precision 

    TimeoutError: page.waitForURL: Timeout 10000ms exceeded.
    =========================== logs ===========================
    waiting for navigation to "/dashboard" until "load"
    ============================================================

       at ../utils/test-helpers.ts:29

      27 |   
      28 |   // Wait for redirect to dashboard
    > 29 |   await page.waitForURL('/dashboard', { timeout: 10000 });
         |              ^
      30 | }
      31 |
      32 | /**
        at login (/Users/surajsatyarthi/Projects/active/Fin/finance-tracker/tests/utils/test-helpers.ts:29:14)
        at /Users/surajsatyarthi/Projects/active/Fin/finance-tracker/tests/e2e/data-integrity.spec.ts:275:5

    attachment #1: screenshot (image/png) ──────────────────────────────────────────────────────────
    test-results/data-integrity-Edge-Cases--01eb0-ld-handle-decimal-precision-Mobile-Chrome/test-failed-1.png
    ────────────────────────────────────────────────────────────────────────────────────────────────

    attachment #2: video (video/webm) ──────────────────────────────────────────────────────────────
    test-results/data-integrity-Edge-Cases--01eb0-ld-handle-decimal-precision-Mobile-Chrome/video.webm
    ────────────────────────────────────────────────────────────────────────────────────────────────

    Error Context: test-results/data-integrity-Edge-Cases--01eb0-ld-handle-decimal-precision-Mobile-Chrome/error-context.md

  132) [Mobile Chrome] › tests/e2e/data-integrity.spec.ts:287:7 › Edge Cases - Boundary Values › should handle special date scenarios 

    TimeoutError: page.waitForURL: Timeout 10000ms exceeded.
    =========================== logs ===========================
    waiting for navigation to "/dashboard" until "load"
    ============================================================

       at ../utils/test-helpers.ts:29

      27 |   
      28 |   // Wait for redirect to dashboard
    > 29 |   await page.waitForURL('/dashboard', { timeout: 10000 });
         |              ^
      30 | }
      31 |
      32 | /**
        at login (/Users/surajsatyarthi/Projects/active/Fin/finance-tracker/tests/utils/test-helpers.ts:29:14)
        at /Users/surajsatyarthi/Projects/active/Fin/finance-tracker/tests/e2e/data-integrity.spec.ts:289:5

    attachment #1: screenshot (image/png) ──────────────────────────────────────────────────────────
    test-results/data-integrity-Edge-Cases--2cb3d-ndle-special-date-scenarios-Mobile-Chrome/test-failed-1.png
    ────────────────────────────────────────────────────────────────────────────────────────────────

    attachment #2: video (video/webm) ──────────────────────────────────────────────────────────────
    test-results/data-integrity-Edge-Cases--2cb3d-ndle-special-date-scenarios-Mobile-Chrome/video.webm
    ────────────────────────────────────────────────────────────────────────────────────────────────

    Error Context: test-results/data-integrity-Edge-Cases--2cb3d-ndle-special-date-scenarios-Mobile-Chrome/error-context.md

  133) [Mobile Chrome] › tests/e2e/data-integrity.spec.ts:312:7 › Performance Benchmarks › form submission should be responsive 

    TimeoutError: page.waitForURL: Timeout 10000ms exceeded.
    =========================== logs ===========================
    waiting for navigation to "/dashboard" until "load"
    ============================================================

       at ../utils/test-helpers.ts:29

      27 |   
      28 |   // Wait for redirect to dashboard
    > 29 |   await page.waitForURL('/dashboard', { timeout: 10000 });
         |              ^
      30 | }
      31 |
      32 | /**
        at login (/Users/surajsatyarthi/Projects/active/Fin/finance-tracker/tests/utils/test-helpers.ts:29:14)
        at /Users/surajsatyarthi/Projects/active/Fin/finance-tracker/tests/e2e/data-integrity.spec.ts:314:5

    attachment #1: screenshot (image/png) ──────────────────────────────────────────────────────────
    test-results/data-integrity-Performance-4250b-ission-should-be-responsive-Mobile-Chrome/test-failed-1.png
    ────────────────────────────────────────────────────────────────────────────────────────────────

    attachment #2: video (video/webm) ──────────────────────────────────────────────────────────────
    test-results/data-integrity-Performance-4250b-ission-should-be-responsive-Mobile-Chrome/video.webm
    ────────────────────────────────────────────────────────────────────────────────────────────────

    Error Context: test-results/data-integrity-Performance-4250b-ission-should-be-responsive-Mobile-Chrome/error-context.md

  134) [Mobile Chrome] › tests/e2e/profile-test.spec.ts:8:7 › Profile Test - Supabase Session › should access Finance Tracker with existing Supabase session 

    Error: browserType.launchPersistentContext: Failed to create a ProcessSingleton for your profile directory. This usually means that the profile is already in use by another instance of Chromium.
    Call log:
    [2m  - <launching> /Users/surajsatyarthi/Library/Caches/ms-playwright/chromium-1208/chrome-mac-arm64/Google Chrome for Testing.app/Contents/MacOS/Google Chrome for Testing --disable-field-trial-config --disable-background-networking --disable-background-timer-throttling --disable-backgrounding-occluded-windows --disable-back-forward-cache --disable-breakpad --disable-client-side-phishing-detection --disable-component-extensions-with-background-pages --disable-component-update --no-default-browser-check --disable-default-apps --disable-dev-shm-usage --disable-extensions --disable-features=AvoidUnnecessaryBeforeUnloadCheckSync,BoundaryEventDispatchTracksNodeRemoval,DestroyProfileOnBrowserClose,DialMediaRouteProvider,GlobalMediaControls,HttpsUpgrades,LensOverlay,MediaRouter,PaintHolding,ThirdPartyStoragePartitioning,Translate,AutoDeElevate,RenderDocument,OptimizationHints --enable-features=CDPScreenshotNewSurface --allow-pre-commit-input --disable-hang-monitor --disable-ipc-flooding-protection --disable-popup-blocking --disable-prompt-on-repost --disable-renderer-backgrounding --force-color-profile=srgb --metrics-recording-only --no-first-run --password-store=basic --use-mock-keychain --no-service-autorun --export-tagged-pdf --disable-search-engine-choice-screen --unsafely-disable-devtools-self-xss-warnings --edge-skip-compat-layer-relaunch --enable-automation --disable-infobars --disable-search-engine-choice-screen --disable-sync --no-sandbox --disable-blink-features=AutomationControlled --user-data-dir=/Users/surajsatyarthi/Library/Application Support/Google/Chrome/Profile 6 --remote-debugging-pipe about:blank[22m
    [2m  - <launched> pid=36292[22m
    [2m  - [pid=36292][err] [36292:406050:0209/203605.315031:ERROR:chrome/browser/process_singleton_posix.cc:345] Failed to create /Users/surajsatyarthi/Library/Application Support/Google/Chrome/Profile 6/SingletonLock: File exists (17)[22m
    [2m  - [pid=36292][err] [36292:406050:0209/203605.315956:ERROR:chrome/app/chrome_main_delegate.cc:513] Failed to create a ProcessSingleton for your profile directory. This means that running multiple instances would start multiple browser processes rather than opening a new window in the existing process. Aborting now to avoid profile corruption.[22m
    [2m  - [pid=36292] <gracefully close start>[22m
    [2m  - [pid=36292] <kill>[22m
    [2m  - [pid=36292] <will force kill>[22m
    [2m  - [pid=36292] exception while trying to kill process: Error: kill EPERM[22m
    [2m  - [pid=36292] <process did exit: exitCode=21, signal=null>[22m
    [2m  - [pid=36292] starting temporary directories cleanup[22m
    [2m  - [pid=36292] finished temporary directories cleanup[22m
    [2m  - [pid=36292] <gracefully close end>[22m


       at ../fixtures/chrome-profile.fixture.ts:17

      15 |     const profileDir = 'Profile 6';
      16 |     
    > 17 |     const context = await chromium.launchPersistentContext(`${userDataDir}/${profileDir}`, {
         |                     ^
      18 |       headless: false,
      19 |       args: ['--disable-blink-features=AutomationControlled'],
      20 |       viewport: { width: 1280, height: 720 },
        at Object.context (/Users/surajsatyarthi/Projects/active/Fin/finance-tracker/tests/fixtures/chrome-profile.fixture.ts:17:21)

  135) [Mobile Safari] › tests/e2e/accounts.spec.ts:40:7 › Accounts - Create › should create savings account successfully 

    Error: page.fill: Error: Element is not an <input>, <textarea> or [contenteditable] element
    Call log:
    [2m  - waiting for locator('input[name="type"], #type, select[name="type"]')[22m
    [2m    - locator resolved to <select id="type" required="" class="mt-1 block w-full px-3 py-2 border border-gray-300 rounded-md shadow-sm focus:outline-none focus:ring-blue-500 focus:border-blue-500 text-gray-500">…</select>[22m
    [2m    - fill("Savings")[22m
    [2m  - attempting fill action[22m
    [2m    - waiting for element to be visible, enabled and editable[22m


      45 |     // Fill form
      46 |     await page.fill('input[name="name"], #name', testName);
    > 47 |     await page.fill('input[name="type"], #type, select[name="type"]', TEST_ACCOUNTS.savings.type);
         |                ^
      48 |     await page.fill('input[name="balance"], #balance', TEST_ACCOUNTS.savings.balance.toString());
      49 |     
      50 |     // Submit form
        at /Users/surajsatyarthi/Projects/active/Fin/finance-tracker/tests/e2e/accounts.spec.ts:47:16

    attachment #1: screenshot (image/png) ──────────────────────────────────────────────────────────
    test-results/accounts-Accounts---Create-79852-avings-account-successfully-Mobile-Safari/test-failed-1.png
    ────────────────────────────────────────────────────────────────────────────────────────────────

    attachment #2: video (video/webm) ──────────────────────────────────────────────────────────────
    test-results/accounts-Accounts---Create-79852-avings-account-successfully-Mobile-Safari/video.webm
    ────────────────────────────────────────────────────────────────────────────────────────────────

    Error Context: test-results/accounts-Accounts---Create-79852-avings-account-successfully-Mobile-Safari/error-context.md

  136) [Mobile Safari] › tests/e2e/accounts.spec.ts:61:7 › Accounts - Create › should create checking account successfully 

    Error: page.fill: Error: Element is not an <input>, <textarea> or [contenteditable] element
    Call log:
    [2m  - waiting for locator('input[name="type"], #type')[22m
    [2m    - locator resolved to <select id="type" required="" class="mt-1 block w-full px-3 py-2 border border-gray-300 rounded-md shadow-sm focus:outline-none focus:ring-blue-500 focus:border-blue-500 text-gray-500">…</select>[22m
    [2m    - fill("Current")[22m
    [2m  - attempting fill action[22m
    [2m    - waiting for element to be visible, enabled and editable[22m


      65 |     
      66 |     await page.fill('input[name="name"], #name', testName);
    > 67 |     await page.fill('input[name="type"], #type', TEST_ACCOUNTS.checking.type);
         |                ^
      68 |     await page.fill('input[name="balance"], #balance', TEST_ACCOUNTS.checking.balance.toString());
      69 |     
      70 |     await page.click('button[type="submit"]');
        at /Users/surajsatyarthi/Projects/active/Fin/finance-tracker/tests/e2e/accounts.spec.ts:67:16

    attachment #1: screenshot (image/png) ──────────────────────────────────────────────────────────
    test-results/accounts-Accounts---Create-0b4fc-ecking-account-successfully-Mobile-Safari/test-failed-1.png
    ────────────────────────────────────────────────────────────────────────────────────────────────

    attachment #2: video (video/webm) ──────────────────────────────────────────────────────────────
    test-results/accounts-Accounts---Create-0b4fc-ecking-account-successfully-Mobile-Safari/video.webm
    ────────────────────────────────────────────────────────────────────────────────────────────────

    Error Context: test-results/accounts-Accounts---Create-0b4fc-ecking-account-successfully-Mobile-Safari/error-context.md

  137) [Mobile Safari] › tests/e2e/accounts.spec.ts:77:7 › Accounts - Create › should handle negative balance 

    Error: page.fill: Error: Element is not an <input>, <textarea> or [contenteditable] element
    Call log:
    [2m  - waiting for locator('input[name="type"], #type')[22m
    [2m    - locator resolved to <select id="type" required="" class="mt-1 block w-full px-3 py-2 border border-gray-300 rounded-md shadow-sm focus:outline-none focus:ring-blue-500 focus:border-blue-500 text-gray-500">…</select>[22m
    [2m    - fill("Current")[22m
    [2m  - attempting fill action[22m
    [2m    - waiting for element to be visible, enabled and editable[22m


      81 |     
      82 |     await page.fill('input[name="name"], #name', testName);
    > 83 |     await page.fill('input[name="type"], #type', EDGE_CASES.negativeBalance.type);
         |                ^
      84 |     await page.fill('input[name="balance"], #balance', EDGE_CASES.negativeBalance.balance.toString());
      85 |     
      86 |     await page.click('button[type="submit"]');
        at /Users/surajsatyarthi/Projects/active/Fin/finance-tracker/tests/e2e/accounts.spec.ts:83:16

    attachment #1: screenshot (image/png) ──────────────────────────────────────────────────────────
    test-results/accounts-Accounts---Create-should-handle-negative-balance-Mobile-Safari/test-failed-1.png
    ────────────────────────────────────────────────────────────────────────────────────────────────

    attachment #2: video (video/webm) ──────────────────────────────────────────────────────────────
    test-results/accounts-Accounts---Create-should-handle-negative-balance-Mobile-Safari/video.webm
    ────────────────────────────────────────────────────────────────────────────────────────────────

    Error Context: test-results/accounts-Accounts---Create-should-handle-negative-balance-Mobile-Safari/error-context.md

  138) [Mobile Safari] › tests/e2e/accounts.spec.ts:92:7 › Accounts - Create › should handle zero balance 

    TimeoutError: page.waitForURL: Timeout 10000ms exceeded.
    =========================== logs ===========================
    waiting for navigation to "/dashboard" until "load"
    ============================================================

       at ../utils/test-helpers.ts:29

      27 |   
      28 |   // Wait for redirect to dashboard
    > 29 |   await page.waitForURL('/dashboard', { timeout: 10000 });
         |              ^
      30 | }
      31 |
      32 | /**
        at login (/Users/surajsatyarthi/Projects/active/Fin/finance-tracker/tests/utils/test-helpers.ts:29:14)
        at /Users/surajsatyarthi/Projects/active/Fin/finance-tracker/tests/e2e/accounts.spec.ts:37:5

    attachment #1: screenshot (image/png) ──────────────────────────────────────────────────────────
    test-results/accounts-Accounts---Create-should-handle-zero-balance-Mobile-Safari/test-failed-1.png
    ────────────────────────────────────────────────────────────────────────────────────────────────

    attachment #2: video (video/webm) ──────────────────────────────────────────────────────────────
    test-results/accounts-Accounts---Create-should-handle-zero-balance-Mobile-Safari/video.webm
    ────────────────────────────────────────────────────────────────────────────────────────────────

    Error Context: test-results/accounts-Accounts---Create-should-handle-zero-balance-Mobile-Safari/error-context.md

  139) [Mobile Safari] › tests/e2e/accounts.spec.ts:105:7 › Accounts - Create › should handle large balance amounts 

    Error: page.fill: Error: Element is not an <input>, <textarea> or [contenteditable] element
    Call log:
    [2m  - waiting for locator('input[name="type"], #type')[22m
    [2m    - locator resolved to <select id="type" required="" class="mt-1 block w-full px-3 py-2 border border-gray-300 rounded-md shadow-sm focus:outline-none focus:ring-blue-500 focus:border-blue-500 text-gray-500">…</select>[22m
    [2m    - fill("Investment")[22m
    [2m  - attempting fill action[22m
    [2m    - waiting for element to be visible, enabled and editable[22m


      109 |     
      110 |     await page.fill('input[name="name"], #name', testName);
    > 111 |     await page.fill('input[name="type"], #type', EDGE_CASES.largeBalance.type);
          |                ^
      112 |     await page.fill('input[name="balance"], #balance', EDGE_CASES.largeBalance.balance.toString());
      113 |     
      114 |     await page.click('button[type="submit"]');
        at /Users/surajsatyarthi/Projects/active/Fin/finance-tracker/tests/e2e/accounts.spec.ts:111:16

    attachment #1: screenshot (image/png) ──────────────────────────────────────────────────────────
    test-results/accounts-Accounts---Create-d5ee4-andle-large-balance-amounts-Mobile-Safari/test-failed-1.png
    ────────────────────────────────────────────────────────────────────────────────────────────────

    attachment #2: video (video/webm) ──────────────────────────────────────────────────────────────
    test-results/accounts-Accounts---Create-d5ee4-andle-large-balance-amounts-Mobile-Safari/video.webm
    ────────────────────────────────────────────────────────────────────────────────────────────────

    Error Context: test-results/accounts-Accounts---Create-d5ee4-andle-large-balance-amounts-Mobile-Safari/error-context.md

  140) [Mobile Safari] › tests/e2e/accounts.spec.ts:118:7 › Accounts - Create › should validate required fields 

    Error: [2mexpect([22m[31mreceived[39m[2m).[22mtoContain[2m([22m[32mexpected[39m[2m) // indexOf[22m

    Expected substring: [32m"/new"[39m
    Received string:    [31m"https://zzwouesueadoqrlmteyh.supabase.co/login"[39m

      127 |     // Form should not submit (still on new page)
      128 |     const currentUrl = page.url();
    > 129 |     expect(currentUrl).toContain('/new');
          |                        ^
      130 |   });
      131 |
      132 |   test('should sanitize special characters in name', async ({ page }) => {
        at /Users/surajsatyarthi/Projects/active/Fin/finance-tracker/tests/e2e/accounts.spec.ts:129:24

    attachment #1: screenshot (image/png) ──────────────────────────────────────────────────────────
    test-results/accounts-Accounts---Create-should-validate-required-fields-Mobile-Safari/test-failed-1.png
    ────────────────────────────────────────────────────────────────────────────────────────────────

    attachment #2: video (video/webm) ──────────────────────────────────────────────────────────────
    test-results/accounts-Accounts---Create-should-validate-required-fields-Mobile-Safari/video.webm
    ────────────────────────────────────────────────────────────────────────────────────────────────

    Error Context: test-results/accounts-Accounts---Create-should-validate-required-fields-Mobile-Safari/error-context.md

  141) [Mobile Safari] › tests/e2e/accounts.spec.ts:132:7 › Accounts - Create › should sanitize special characters in name 

    Error: page.fill: Error: Element is not an <input>, <textarea> or [contenteditable] element
    Call log:
    [2m  - waiting for locator('input[name="type"], #type')[22m
    [2m    - locator resolved to <select id="type" required="" class="mt-1 block w-full px-3 py-2 border border-gray-300 rounded-md shadow-sm focus:outline-none focus:ring-blue-500 focus:border-blue-500 text-gray-500">…</select>[22m
    [2m    - fill("Savings")[22m
    [2m  - attempting fill action[22m
    [2m    - waiting for element to be visible, enabled and editable[22m


      137 |     
      138 |     await page.fill('input[name="name"], #name', testName);
    > 139 |     await page.fill('input[name="type"], #type', 'Savings');
          |                ^
      140 |     await page.fill('input[name="balance"], #balance', '10000');
      141 |     
      142 |     await page.click('button[type="submit"]');
        at /Users/surajsatyarthi/Projects/active/Fin/finance-tracker/tests/e2e/accounts.spec.ts:139:16

    attachment #1: screenshot (image/png) ──────────────────────────────────────────────────────────
    test-results/accounts-Accounts---Create-151e9--special-characters-in-name-Mobile-Safari/test-failed-1.png
    ────────────────────────────────────────────────────────────────────────────────────────────────

    attachment #2: video (video/webm) ──────────────────────────────────────────────────────────────
    test-results/accounts-Accounts---Create-151e9--special-characters-in-name-Mobile-Safari/video.webm
    ────────────────────────────────────────────────────────────────────────────────────────────────

    Error Context: test-results/accounts-Accounts---Create-151e9--special-characters-in-name-Mobile-Safari/error-context.md

  142) [Mobile Safari] › tests/e2e/accounts.spec.ts:153:7 › Accounts - Edit › should edit account successfully 

    Error: page.fill: Error: Element is not an <input>, <textarea> or [contenteditable] element
    Call log:
    [2m  - waiting for locator('input[name="type"], #type')[22m
    [2m    - locator resolved to <select id="type" required="" class="mt-1 block w-full px-3 py-2 border border-gray-300 rounded-md shadow-sm focus:outline-none focus:ring-blue-500 focus:border-blue-500 text-gray-500">…</select>[22m
    [2m    - fill("Savings")[22m
    [2m  - attempting fill action[22m
    [2m    - waiting for element to be visible, enabled and editable[22m


      157 |     
      158 |     await page.fill('input[name="name"], #name', originalName);
    > 159 |     await page.fill('input[name="type"], #type', 'Savings');
          |                ^
      160 |     await page.fill('input[name="balance"], #balance', '50000');
      161 |     await page.click('button[type="submit"]');
      162 |     
        at /Users/surajsatyarthi/Projects/active/Fin/finance-tracker/tests/e2e/accounts.spec.ts:159:16

    attachment #1: screenshot (image/png) ──────────────────────────────────────────────────────────
    test-results/accounts-Accounts---Edit-should-edit-account-successfully-Mobile-Safari/test-failed-1.png
    ────────────────────────────────────────────────────────────────────────────────────────────────

    attachment #2: video (video/webm) ──────────────────────────────────────────────────────────────
    test-results/accounts-Accounts---Edit-should-edit-account-successfully-Mobile-Safari/video.webm
    ────────────────────────────────────────────────────────────────────────────────────────────────

    Error Context: test-results/accounts-Accounts---Edit-should-edit-account-successfully-Mobile-Safari/error-context.md

  143) [Mobile Safari] › tests/e2e/accounts.spec.ts:225:7 › Accounts - Delete › should delete account successfully 

    Error: page.fill: Error: Element is not an <input>, <textarea> or [contenteditable] element
    Call log:
    [2m  - waiting for locator('input[name="type"], #type')[22m
    [2m    - locator resolved to <select id="type" required="" class="mt-1 block w-full px-3 py-2 border border-gray-300 rounded-md shadow-sm focus:outline-none focus:ring-blue-500 focus:border-blue-500 text-gray-500">…</select>[22m
    [2m    - fill("Savings")[22m
    [2m  - attempting fill action[22m
    [2m    - waiting for element to be visible, enabled and editable[22m


      229 |     
      230 |     await page.fill('input[name="name"], #name', testName);
    > 231 |     await page.fill('input[name="type"], #type', 'Savings');
          |                ^
      232 |     await page.fill('input[name="balance"], #balance', '1000');
      233 |     await page.click('button[type="submit"]');
      234 |     
        at /Users/surajsatyarthi/Projects/active/Fin/finance-tracker/tests/e2e/accounts.spec.ts:231:16

    attachment #1: screenshot (image/png) ──────────────────────────────────────────────────────────
    test-results/accounts-Accounts---Delete-538d0-delete-account-successfully-Mobile-Safari/test-failed-1.png
    ────────────────────────────────────────────────────────────────────────────────────────────────

    attachment #2: video (video/webm) ──────────────────────────────────────────────────────────────
    test-results/accounts-Accounts---Delete-538d0-delete-account-successfully-Mobile-Safari/video.webm
    ────────────────────────────────────────────────────────────────────────────────────────────────

    Error Context: test-results/accounts-Accounts---Delete-538d0-delete-account-successfully-Mobile-Safari/error-context.md

  144) [Mobile Safari] › tests/e2e/accounts.spec.ts:267:7 › Accounts - Data Integrity › should reflect account changes in dashboard 

    Error: page.fill: Error: Element is not an <input>, <textarea> or [contenteditable] element
    Call log:
    [2m  - waiting for locator('input[name="type"], #type')[22m
    [2m    - locator resolved to <select id="type" required="" class="mt-1 block w-full px-3 py-2 border border-gray-300 rounded-md shadow-sm focus:outline-none focus:ring-blue-500 focus:border-blue-500 text-gray-500">…</select>[22m
    [2m    - fill("Savings")[22m
    [2m  - attempting fill action[22m
    [2m    - waiting for element to be visible, enabled and editable[22m


      274 |     
      275 |     await page.fill('input[name="name"], #name', testName);
    > 276 |     await page.fill('input[name="type"], #type', 'Savings');
          |                ^
      277 |     await page.fill('input[name="balance"], #balance', '100000');
      278 |     await page.click('button[type="submit"]');
      279 |     
        at /Users/surajsatyarthi/Projects/active/Fin/finance-tracker/tests/e2e/accounts.spec.ts:276:16

    attachment #1: screenshot (image/png) ──────────────────────────────────────────────────────────
    test-results/accounts-Accounts---Data-I-c9953-ccount-changes-in-dashboard-Mobile-Safari/test-failed-1.png
    ────────────────────────────────────────────────────────────────────────────────────────────────

    attachment #2: video (video/webm) ──────────────────────────────────────────────────────────────
    test-results/accounts-Accounts---Data-I-c9953-ccount-changes-in-dashboard-Mobile-Safari/video.webm
    ────────────────────────────────────────────────────────────────────────────────────────────────

    Error Context: test-results/accounts-Accounts---Data-I-c9953-ccount-changes-in-dashboard-Mobile-Safari/error-context.md

  145) [Mobile Safari] › tests/e2e/auth.spec.ts:93:7 › Session Management › should handle browser refresh 

    TimeoutError: page.waitForURL: Timeout 10000ms exceeded.
    =========================== logs ===========================
    waiting for navigation to "/dashboard" until "load"
    ============================================================

       at ../utils/test-helpers.ts:29

      27 |   
      28 |   // Wait for redirect to dashboard
    > 29 |   await page.waitForURL('/dashboard', { timeout: 10000 });
         |              ^
      30 | }
      31 |
      32 | /**
        at login (/Users/surajsatyarthi/Projects/active/Fin/finance-tracker/tests/utils/test-helpers.ts:29:14)
        at /Users/surajsatyarthi/Projects/active/Fin/finance-tracker/tests/e2e/auth.spec.ts:94:5

    attachment #1: screenshot (image/png) ──────────────────────────────────────────────────────────
    test-results/auth-Session-Management-should-handle-browser-refresh-Mobile-Safari/test-failed-1.png
    ────────────────────────────────────────────────────────────────────────────────────────────────

    attachment #2: video (video/webm) ──────────────────────────────────────────────────────────────
    test-results/auth-Session-Management-should-handle-browser-refresh-Mobile-Safari/video.webm
    ────────────────────────────────────────────────────────────────────────────────────────────────

    Error Context: test-results/auth-Session-Management-should-handle-browser-refresh-Mobile-Safari/error-context.md

  146) [Mobile Safari] › tests/e2e/dashboard.spec.ts:20:7 › Dashboard - Core Functionality › should display all key metric cards 

    Error: [2mexpect([22m[31mlocator[39m[2m).[22mtoBeVisible[2m([22m[2m)[22m failed

    Locator: locator('text=Net Worth')
    Expected: visible
    Error: strict mode violation: locator('text=Net Worth') resolved to 2 elements:
        1) <p class="text-sm text-gray-500">Net Worth</p> aka getByRole('paragraph').filter({ hasText: 'Net Worth' })
        2) <td class="py-3 text-sm font-medium text-gray-900">Net Worth</td> aka getByRole('cell', { name: 'Net Worth' })

    Call log:
    [2m  - Expect "toBeVisible" with timeout 5000ms[22m
    [2m  - waiting for locator('text=Net Worth')[22m


      26 |     
      27 |     for (const metric of metrics) {
    > 28 |       await expect(page.locator(`text=${metric}`)).toBeVisible();
         |                                                    ^
      29 |     }
      30 |   });
      31 |
        at /Users/surajsatyarthi/Projects/active/Fin/finance-tracker/tests/e2e/dashboard.spec.ts:28:52

    attachment #1: screenshot (image/png) ──────────────────────────────────────────────────────────
    test-results/dashboard-Dashboard---Core-64813-isplay-all-key-metric-cards-Mobile-Safari/test-failed-1.png
    ────────────────────────────────────────────────────────────────────────────────────────────────

    attachment #2: video (video/webm) ──────────────────────────────────────────────────────────────
    test-results/dashboard-Dashboard---Core-64813-isplay-all-key-metric-cards-Mobile-Safari/video.webm
    ────────────────────────────────────────────────────────────────────────────────────────────────

    Error Context: test-results/dashboard-Dashboard---Core-64813-isplay-all-key-metric-cards-Mobile-Safari/error-context.md

  147) [Mobile Safari] › tests/e2e/dashboard.spec.ts:32:7 › Dashboard - Core Functionality › should display net worth with correct color coding 

    Error: [2mexpect([22m[31mreceived[39m[2m).[22mtoBeTruthy[2m()[22m

    Received: [31mfalse[39m

      44 |     // Should have either text-green-600 or text-red-600
      45 |     const hasColorClass = className?.includes('text-green-600') || className?.includes('text-red-600');
    > 46 |     expect(hasColorClass).toBeTruthy();
         |                           ^
      47 |   });
      48 |
      49 |   test('should display savings rate with color coding', async ({ page }) => {
        at /Users/surajsatyarthi/Projects/active/Fin/finance-tracker/tests/e2e/dashboard.spec.ts:46:27

    attachment #1: screenshot (image/png) ──────────────────────────────────────────────────────────
    test-results/dashboard-Dashboard---Core-6c4fd-h-with-correct-color-coding-Mobile-Safari/test-failed-1.png
    ────────────────────────────────────────────────────────────────────────────────────────────────

    attachment #2: video (video/webm) ──────────────────────────────────────────────────────────────
    test-results/dashboard-Dashboard---Core-6c4fd-h-with-correct-color-coding-Mobile-Safari/video.webm
    ────────────────────────────────────────────────────────────────────────────────────────────────

    Error Context: test-results/dashboard-Dashboard---Core-6c4fd-h-with-correct-color-coding-Mobile-Safari/error-context.md

  148) [Mobile Safari] › tests/e2e/dashboard.spec.ts:104:7 › Dashboard - Assets & Liabilities › should display total assets in green 

    TimeoutError: page.waitForURL: Timeout 10000ms exceeded.
    =========================== logs ===========================
    waiting for navigation to "/dashboard" until "load"
    ============================================================

       at ../utils/test-helpers.ts:29

      27 |   
      28 |   // Wait for redirect to dashboard
    > 29 |   await page.waitForURL('/dashboard', { timeout: 10000 });
         |              ^
      30 | }
      31 |
      32 | /**
        at login (/Users/surajsatyarthi/Projects/active/Fin/finance-tracker/tests/utils/test-helpers.ts:29:14)
        at /Users/surajsatyarthi/Projects/active/Fin/finance-tracker/tests/e2e/dashboard.spec.ts:90:5

    attachment #1: screenshot (image/png) ──────────────────────────────────────────────────────────
    test-results/dashboard-Dashboard---Asse-be055-splay-total-assets-in-green-Mobile-Safari/test-failed-1.png
    ────────────────────────────────────────────────────────────────────────────────────────────────

    attachment #2: video (video/webm) ──────────────────────────────────────────────────────────────
    test-results/dashboard-Dashboard---Asse-be055-splay-total-assets-in-green-Mobile-Safari/video.webm
    ────────────────────────────────────────────────────────────────────────────────────────────────

    Error Context: test-results/dashboard-Dashboard---Asse-be055-splay-total-assets-in-green-Mobile-Safari/error-context.md

  149) [Mobile Safari] › tests/e2e/dashboard.spec.ts:243:7 › Dashboard - Upcoming Payments › should calculate total payment amount 

    TimeoutError: page.waitForURL: Timeout 10000ms exceeded.
    =========================== logs ===========================
    waiting for navigation to "/dashboard" until "load"
    ============================================================

       at ../utils/test-helpers.ts:29

      27 |   
      28 |   // Wait for redirect to dashboard
    > 29 |   await page.waitForURL('/dashboard', { timeout: 10000 });
         |              ^
      30 | }
      31 |
      32 | /**
        at login (/Users/surajsatyarthi/Projects/active/Fin/finance-tracker/tests/utils/test-helpers.ts:29:14)
        at /Users/surajsatyarthi/Projects/active/Fin/finance-tracker/tests/e2e/dashboard.spec.ts:209:5

    attachment #1: screenshot (image/png) ──────────────────────────────────────────────────────────
    test-results/dashboard-Dashboard---Upco-17e31-culate-total-payment-amount-Mobile-Safari/test-failed-1.png
    ────────────────────────────────────────────────────────────────────────────────────────────────

    attachment #2: video (video/webm) ──────────────────────────────────────────────────────────────
    test-results/dashboard-Dashboard---Upco-17e31-culate-total-payment-amount-Mobile-Safari/video.webm
    ────────────────────────────────────────────────────────────────────────────────────────────────

    Error Context: test-results/dashboard-Dashboard---Upco-17e31-culate-total-payment-amount-Mobile-Safari/error-context.md

  150) [Mobile Safari] › tests/e2e/data-integrity.spec.ts:61:7 › Data Integrity - Form Validation › should prevent duplicate submissions 

    Error: page.fill: Error: Element is not an <input>, <textarea> or [contenteditable] element
    Call log:
    [2m  - waiting for locator('input[name="type"], #type')[22m
    [2m    - locator resolved to <select id="type" required="" class="mt-1 block w-full px-3 py-2 border border-gray-300 rounded-md shadow-sm focus:outline-none focus:ring-blue-500 focus:border-blue-500 text-gray-500">…</select>[22m
    [2m    - fill("Savings")[22m
    [2m  - attempting fill action[22m
    [2m    - waiting for element to be visible, enabled and editable[22m


      67 |     const testName = `Duplicate Test ${generateTestId()}`;
      68 |     await page.fill('input[name="name"], #name', testName);
    > 69 |     await page.fill('input[name="type"], #type', 'Savings');
         |                ^
      70 |     await page.fill('input[name="balance"], #balance', '10000');
      71 |     
      72 |     // Click submit multiple times rapidly
        at /Users/surajsatyarthi/Projects/active/Fin/finance-tracker/tests/e2e/data-integrity.spec.ts:69:16

    attachment #1: screenshot (image/png) ──────────────────────────────────────────────────────────
    test-results/data-integrity-Data-Integr-2b828-event-duplicate-submissions-Mobile-Safari/test-failed-1.png
    ────────────────────────────────────────────────────────────────────────────────────────────────

    attachment #2: video (video/webm) ──────────────────────────────────────────────────────────────
    test-results/data-integrity-Data-Integr-2b828-event-duplicate-submissions-Mobile-Safari/video.webm
    ────────────────────────────────────────────────────────────────────────────────────────────────

    Error Context: test-results/data-integrity-Data-Integr-2b828-event-duplicate-submissions-Mobile-Safari/error-context.md

  151) [Mobile Safari] › tests/e2e/data-integrity.spec.ts:88:7 › Data Integrity - Form Validation › should sanitize HTML in input fields 

    Error: page.fill: Error: Element is not an <input>, <textarea> or [contenteditable] element
    Call log:
    [2m  - waiting for locator('input[name="type"], #type')[22m
    [2m    - locator resolved to <select id="type" required="" class="mt-1 block w-full px-3 py-2 border border-gray-300 rounded-md shadow-sm focus:outline-none focus:ring-blue-500 focus:border-blue-500 text-gray-500">…</select>[22m
    [2m    - fill("Savings")[22m
    [2m  - attempting fill action[22m
    [2m    - waiting for element to be visible, enabled and editable[22m


      94 |     const htmlPayload = '<img src=x onerror=alert("xss")>';
      95 |     await page.fill('input[name="name"], #name', htmlPayload);
    > 96 |     await page.fill('input[name="type"], #type', 'Savings');
         |                ^
      97 |     await page.fill('input[name="balance"], #balance', '10000');
      98 |     
      99 |     let alertTriggered = false;
        at /Users/surajsatyarthi/Projects/active/Fin/finance-tracker/tests/e2e/data-integrity.spec.ts:96:16

    attachment #1: screenshot (image/png) ──────────────────────────────────────────────────────────
    test-results/data-integrity-Data-Integr-f9511-nitize-HTML-in-input-fields-Mobile-Safari/test-failed-1.png
    ────────────────────────────────────────────────────────────────────────────────────────────────

    attachment #2: video (video/webm) ──────────────────────────────────────────────────────────────
    test-results/data-integrity-Data-Integr-f9511-nitize-HTML-in-input-fields-Mobile-Safari/video.webm
    ────────────────────────────────────────────────────────────────────────────────────────────────

    Error Context: test-results/data-integrity-Data-Integr-f9511-nitize-HTML-in-input-fields-Mobile-Safari/error-context.md

  152) [Mobile Safari] › tests/e2e/data-integrity.spec.ts:133:7 › Data Integrity - Large Datasets › should handle accounts list with pagination 

    TimeoutError: page.waitForURL: Timeout 10000ms exceeded.
    =========================== logs ===========================
    waiting for navigation to "/dashboard" until "load"
    ============================================================

       at ../utils/test-helpers.ts:29

      27 |   
      28 |   // Wait for redirect to dashboard
    > 29 |   await page.waitForURL('/dashboard', { timeout: 10000 });
         |              ^
      30 | }
      31 |
      32 | /**
        at login (/Users/surajsatyarthi/Projects/active/Fin/finance-tracker/tests/utils/test-helpers.ts:29:14)
        at /Users/surajsatyarthi/Projects/active/Fin/finance-tracker/tests/e2e/data-integrity.spec.ts:135:5

    attachment #1: screenshot (image/png) ──────────────────────────────────────────────────────────
    test-results/data-integrity-Data-Integr-c16eb-counts-list-with-pagination-Mobile-Safari/test-failed-1.png
    ────────────────────────────────────────────────────────────────────────────────────────────────

    attachment #2: video (video/webm) ──────────────────────────────────────────────────────────────
    test-results/data-integrity-Data-Integr-c16eb-counts-list-with-pagination-Mobile-Safari/video.webm
    ────────────────────────────────────────────────────────────────────────────────────────────────

    Error Context: test-results/data-integrity-Data-Integr-c16eb-counts-list-with-pagination-Mobile-Safari/error-context.md

  153) [Mobile Safari] › tests/e2e/data-integrity.spec.ts:189:7 › Data Integrity - Network Resilience › should handle slow network 

    Error: [2mexpect([22m[31mlocator[39m[2m).[22mtoBeVisible[2m([22m[2m)[22m failed

    Locator: locator('text=Dashboard')
    Expected: visible
    Error: strict mode violation: locator('text=Dashboard') resolved to 2 elements:
        1) <span class="ml-3">Dashboard</span> aka getByRole('link', { name: 'Dashboard' })
        2) <h2 class="text-2xl font-semibold text-gray-900 mb-6">Dashboard</h2> aka getByRole('heading', { name: 'Dashboard' })

    Call log:
    [2m  - Expect "toBeVisible" with timeout 5000ms[22m
    [2m  - waiting for locator('text=Dashboard')[22m


      200 |     
      201 |     // Should still load successfully
    > 202 |     await expect(page.locator('text=Dashboard')).toBeVisible();
          |                                                  ^
      203 |   });
      204 | });
      205 |
        at /Users/surajsatyarthi/Projects/active/Fin/finance-tracker/tests/e2e/data-integrity.spec.ts:202:50

    attachment #1: screenshot (image/png) ──────────────────────────────────────────────────────────
    test-results/data-integrity-Data-Integr-94d3b--should-handle-slow-network-Mobile-Safari/test-failed-1.png
    ────────────────────────────────────────────────────────────────────────────────────────────────

    attachment #2: video (video/webm) ──────────────────────────────────────────────────────────────
    test-results/data-integrity-Data-Integr-94d3b--should-handle-slow-network-Mobile-Safari/video.webm
    ────────────────────────────────────────────────────────────────────────────────────────────────

    Error Context: test-results/data-integrity-Data-Integr-94d3b--should-handle-slow-network-Mobile-Safari/error-context.md

  154) [Mobile Safari] › tests/e2e/data-integrity.spec.ts:227:7 › Data Integrity - Cross-Module Consistency › should update dashboard metrics when creating account 

    Error: page.fill: Error: Element is not an <input>, <textarea> or [contenteditable] element
    Call log:
    [2m  - waiting for locator('input[name="type"], #type')[22m
    [2m    - locator resolved to <select id="type" required="" class="mt-1 block w-full px-3 py-2 border border-gray-300 rounded-md shadow-sm focus:outline-none focus:ring-blue-500 focus:border-blue-500 text-gray-500">…</select>[22m
    [2m    - fill("Savings")[22m
    [2m  - attempting fill action[22m
    [2m    - waiting for element to be visible, enabled and editable[22m


      239 |     const testName = `Metric Test ${generateTestId()}`;
      240 |     await page.fill('input[name="name"], #name', testName);
    > 241 |     await page.fill('input[name="type"], #type', 'Savings');
          |                ^
      242 |     await page.fill('input[name="balance"], #balance', '50000');
      243 |     await page.click('button[type="submit"]');
      244 |     
        at /Users/surajsatyarthi/Projects/active/Fin/finance-tracker/tests/e2e/data-integrity.spec.ts:241:16

    attachment #1: screenshot (image/png) ──────────────────────────────────────────────────────────
    test-results/data-integrity-Data-Integr-884fd-trics-when-creating-account-Mobile-Safari/test-failed-1.png
    ────────────────────────────────────────────────────────────────────────────────────────────────

    attachment #2: video (video/webm) ──────────────────────────────────────────────────────────────
    test-results/data-integrity-Data-Integr-884fd-trics-when-creating-account-Mobile-Safari/video.webm
    ────────────────────────────────────────────────────────────────────────────────────────────────

    Error Context: test-results/data-integrity-Data-Integr-884fd-trics-when-creating-account-Mobile-Safari/error-context.md

  155) [Mobile Safari] › tests/e2e/data-integrity.spec.ts:257:7 › Edge Cases - Boundary Values › should handle maximum integer values 

    Error: page.fill: Error: Element is not an <input>, <textarea> or [contenteditable] element
    Call log:
    [2m  - waiting for locator('input[name="type"], #type')[22m
    [2m    - locator resolved to <select id="type" required="" class="mt-1 block w-full px-3 py-2 border border-gray-300 rounded-md shadow-sm focus:outline-none focus:ring-blue-500 focus:border-blue-500 text-gray-500">…</select>[22m
    [2m    - fill("Investment")[22m
    [2m  - attempting fill action[22m
    [2m    - waiting for element to be visible, enabled and editable[22m


      262 |     
      263 |     await page.fill('input[name="name"], #name', `Max Value Test ${generateTestId()}`);
    > 264 |     await page.fill('input[name="type"], #type', 'Investment');
          |                ^
      265 |     await page.fill('input[name="balance"], #balance', '999999999999');
      266 |     
      267 |     await page.click('button[type="submit"]');
        at /Users/surajsatyarthi/Projects/active/Fin/finance-tracker/tests/e2e/data-integrity.spec.ts:264:16

    attachment #1: screenshot (image/png) ──────────────────────────────────────────────────────────
    test-results/data-integrity-Edge-Cases--5ead8-ndle-maximum-integer-values-Mobile-Safari/test-failed-1.png
    ────────────────────────────────────────────────────────────────────────────────────────────────

    attachment #2: video (video/webm) ──────────────────────────────────────────────────────────────
    test-results/data-integrity-Edge-Cases--5ead8-ndle-maximum-integer-values-Mobile-Safari/video.webm
    ────────────────────────────────────────────────────────────────────────────────────────────────

    Error Context: test-results/data-integrity-Edge-Cases--5ead8-ndle-maximum-integer-values-Mobile-Safari/error-context.md

  156) [Mobile Safari] › tests/e2e/data-integrity.spec.ts:273:7 › Edge Cases - Boundary Values › should handle decimal precision 

    Error: page.fill: Error: Element is not an <input>, <textarea> or [contenteditable] element
    Call log:
    [2m  - waiting for locator('input[name="type"], #type')[22m
    [2m    - locator resolved to <select id="type" required="" class="mt-1 block w-full px-3 py-2 border border-gray-300 rounded-md shadow-sm focus:outline-none focus:ring-blue-500 focus:border-blue-500 text-gray-500">…</select>[22m
    [2m    - fill("Savings")[22m
    [2m  - attempting fill action[22m
    [2m    - waiting for element to be visible, enabled and editable[22m


      278 |     
      279 |     await page.fill('input[name="name"], #name', `Decimal Test ${generateTestId()}`);
    > 280 |     await page.fill('input[name="type"], #type', 'Savings');
          |                ^
      281 |     await page.fill('input[name="balance"], #balance', '12345.67');
      282 |     
      283 |     await page.click('button[type="submit"]');
        at /Users/surajsatyarthi/Projects/active/Fin/finance-tracker/tests/e2e/data-integrity.spec.ts:280:16

    attachment #1: screenshot (image/png) ──────────────────────────────────────────────────────────
    test-results/data-integrity-Edge-Cases--01eb0-ld-handle-decimal-precision-Mobile-Safari/test-failed-1.png
    ────────────────────────────────────────────────────────────────────────────────────────────────

    attachment #2: video (video/webm) ──────────────────────────────────────────────────────────────
    test-results/data-integrity-Edge-Cases--01eb0-ld-handle-decimal-precision-Mobile-Safari/video.webm
    ────────────────────────────────────────────────────────────────────────────────────────────────

    Error Context: test-results/data-integrity-Edge-Cases--01eb0-ld-handle-decimal-precision-Mobile-Safari/error-context.md

  157) [Mobile Safari] › tests/e2e/data-integrity.spec.ts:312:7 › Performance Benchmarks › form submission should be responsive 

    Error: page.fill: Error: Element is not an <input>, <textarea> or [contenteditable] element
    Call log:
    [2m  - waiting for locator('input[name="type"], #type')[22m
    [2m    - locator resolved to <select id="type" required="" class="mt-1 block w-full px-3 py-2 border border-gray-300 rounded-md shadow-sm focus:outline-none focus:ring-blue-500 focus:border-blue-500 text-gray-500">…</select>[22m
    [2m    - fill("Savings")[22m
    [2m  - attempting fill action[22m
    [2m    - waiting for element to be visible, enabled and editable[22m


      318 |     const testName = `Performance Test ${generateTestId()}`;
      319 |     await page.fill('input[name="name"], #name', testName);
    > 320 |     await page.fill('input[name="type"], #type', 'Savings');
          |                ^
      321 |     await page.fill('input[name="balance"], #balance', '10000');
      322 |     
      323 |     const startTime = Date.now();
        at /Users/surajsatyarthi/Projects/active/Fin/finance-tracker/tests/e2e/data-integrity.spec.ts:320:16

    attachment #1: screenshot (image/png) ──────────────────────────────────────────────────────────
    test-results/data-integrity-Performance-4250b-ission-should-be-responsive-Mobile-Safari/test-failed-1.png
    ────────────────────────────────────────────────────────────────────────────────────────────────

    attachment #2: video (video/webm) ──────────────────────────────────────────────────────────────
    test-results/data-integrity-Performance-4250b-ission-should-be-responsive-Mobile-Safari/video.webm
    ────────────────────────────────────────────────────────────────────────────────────────────────

    Error Context: test-results/data-integrity-Performance-4250b-ission-should-be-responsive-Mobile-Safari/error-context.md

  158) [Mobile Safari] › tests/e2e/profile-test.spec.ts:8:7 › Profile Test - Supabase Session › should access Finance Tracker with existing Supabase session 

    Error: browserType.launchPersistentContext: Failed to create a ProcessSingleton for your profile directory. This usually means that the profile is already in use by another instance of Chromium.
    Call log:
    [2m  - <launching> /Users/surajsatyarthi/Library/Caches/ms-playwright/chromium-1208/chrome-mac-arm64/Google Chrome for Testing.app/Contents/MacOS/Google Chrome for Testing --disable-field-trial-config --disable-background-networking --disable-background-timer-throttling --disable-backgrounding-occluded-windows --disable-back-forward-cache --disable-breakpad --disable-client-side-phishing-detection --disable-component-extensions-with-background-pages --disable-component-update --no-default-browser-check --disable-default-apps --disable-dev-shm-usage --disable-extensions --disable-features=AvoidUnnecessaryBeforeUnloadCheckSync,BoundaryEventDispatchTracksNodeRemoval,DestroyProfileOnBrowserClose,DialMediaRouteProvider,GlobalMediaControls,HttpsUpgrades,LensOverlay,MediaRouter,PaintHolding,ThirdPartyStoragePartitioning,Translate,AutoDeElevate,RenderDocument,OptimizationHints --enable-features=CDPScreenshotNewSurface --allow-pre-commit-input --disable-hang-monitor --disable-ipc-flooding-protection --disable-popup-blocking --disable-prompt-on-repost --disable-renderer-backgrounding --force-color-profile=srgb --metrics-recording-only --no-first-run --password-store=basic --use-mock-keychain --no-service-autorun --export-tagged-pdf --disable-search-engine-choice-screen --unsafely-disable-devtools-self-xss-warnings --edge-skip-compat-layer-relaunch --enable-automation --disable-infobars --disable-search-engine-choice-screen --disable-sync --no-sandbox --disable-blink-features=AutomationControlled --user-data-dir=/Users/surajsatyarthi/Library/Application Support/Google/Chrome/Profile 6 --remote-debugging-pipe about:blank[22m
    [2m  - <launched> pid=36928[22m
    [2m  - [pid=36928][err] [36928:416930:0209/203818.767196:ERROR:chrome/browser/process_singleton_posix.cc:345] Failed to create /Users/surajsatyarthi/Library/Application Support/Google/Chrome/Profile 6/SingletonLock: File exists (17)[22m
    [2m  - [pid=36928][err] [36928:416930:0209/203818.767699:ERROR:chrome/app/chrome_main_delegate.cc:513] Failed to create a ProcessSingleton for your profile directory. This means that running multiple instances would start multiple browser processes rather than opening a new window in the existing process. Aborting now to avoid profile corruption.[22m
    [2m  - [pid=36928] <gracefully close start>[22m
    [2m  - [pid=36928] <kill>[22m
    [2m  - [pid=36928] <will force kill>[22m
    [2m  - [pid=36928] exception while trying to kill process: Error: kill ESRCH[22m
    [2m  - [pid=36928] <process did exit: exitCode=21, signal=null>[22m
    [2m  - [pid=36928] starting temporary directories cleanup[22m
    [2m  - [pid=36928] finished temporary directories cleanup[22m
    [2m  - [pid=36928] <gracefully close end>[22m


       at ../fixtures/chrome-profile.fixture.ts:17

      15 |     const profileDir = 'Profile 6';
      16 |     
    > 17 |     const context = await chromium.launchPersistentContext(`${userDataDir}/${profileDir}`, {
         |                     ^
      18 |       headless: false,
      19 |       args: ['--disable-blink-features=AutomationControlled'],
      20 |       viewport: { width: 1280, height: 720 },
        at Object.context (/Users/surajsatyarthi/Projects/active/Fin/finance-tracker/tests/fixtures/chrome-profile.fixture.ts:17:21)

  158 failed
    [chromium] › tests/e2e/accounts.spec.ts:40:7 › Accounts - Create › should create savings account successfully 
    [chromium] › tests/e2e/accounts.spec.ts:61:7 › Accounts - Create › should create checking account successfully 
    [chromium] › tests/e2e/accounts.spec.ts:77:7 › Accounts - Create › should handle negative balance 
    [chromium] › tests/e2e/accounts.spec.ts:92:7 › Accounts - Create › should handle zero balance ──
    [chromium] › tests/e2e/accounts.spec.ts:105:7 › Accounts - Create › should handle large balance amounts 
    [chromium] › tests/e2e/accounts.spec.ts:118:7 › Accounts - Create › should validate required fields 
    [chromium] › tests/e2e/accounts.spec.ts:132:7 › Accounts - Create › should sanitize special characters in name 
    [chromium] › tests/e2e/accounts.spec.ts:153:7 › Accounts - Edit › should edit account successfully 
    [chromium] › tests/e2e/accounts.spec.ts:200:7 › Accounts - View Details › should view account details 
    [chromium] › tests/e2e/accounts.spec.ts:225:7 › Accounts - Delete › should delete account successfully 
    [chromium] › tests/e2e/accounts.spec.ts:267:7 › Accounts - Data Integrity › should reflect account changes in dashboard 
    [chromium] › tests/e2e/dashboard.spec.ts:20:7 › Dashboard - Core Functionality › should display all key metric cards 
    [chromium] › tests/e2e/dashboard.spec.ts:32:7 › Dashboard - Core Functionality › should display net worth with correct color coding 
    [chromium] › tests/e2e/dashboard.spec.ts:266:7 › Dashboard - Navigation › should have working navigation menu 
    [chromium] › tests/e2e/dashboard.spec.ts:272:7 › Dashboard - Navigation › should navigate to accounts page 
    [chromium] › tests/e2e/data-integrity.spec.ts:10:7 › Data Integrity - Concurrent Operations › should handle rapid navigation without errors 
    [chromium] › tests/e2e/data-integrity.spec.ts:26:7 › Data Integrity - Concurrent Operations › should handle browser back button 
    [chromium] › tests/e2e/data-integrity.spec.ts:61:7 › Data Integrity - Form Validation › should prevent duplicate submissions 
    [chromium] › tests/e2e/data-integrity.spec.ts:88:7 › Data Integrity - Form Validation › should sanitize HTML in input fields 
    [chromium] › tests/e2e/data-integrity.spec.ts:152:7 › Data Integrity - Large Datasets › should load transactions page efficiently 
    [chromium] › tests/e2e/data-integrity.spec.ts:189:7 › Data Integrity - Network Resilience › should handle slow network 
    [chromium] › tests/e2e/data-integrity.spec.ts:207:7 › Data Integrity - Cross-Module Consistency › should maintain consistent totals across pages 
    [chromium] › tests/e2e/data-integrity.spec.ts:227:7 › Data Integrity - Cross-Module Consistency › should update dashboard metrics when creating account 
    [chromium] › tests/e2e/data-integrity.spec.ts:257:7 › Edge Cases - Boundary Values › should handle maximum integer values 
    [chromium] › tests/e2e/data-integrity.spec.ts:273:7 › Edge Cases - Boundary Values › should handle decimal precision 
    [chromium] › tests/e2e/data-integrity.spec.ts:312:7 › Performance Benchmarks › form submission should be responsive 
    [chromium] › tests/e2e/profile-test.spec.ts:8:7 › Profile Test - Supabase Session › should access Finance Tracker with existing Supabase session 
    [firefox] › tests/e2e/accounts.spec.ts:40:7 › Accounts - Create › should create savings account successfully 
    [firefox] › tests/e2e/accounts.spec.ts:61:7 › Accounts - Create › should create checking account successfully 
    [firefox] › tests/e2e/accounts.spec.ts:77:7 › Accounts - Create › should handle negative balance 
    [firefox] › tests/e2e/accounts.spec.ts:92:7 › Accounts - Create › should handle zero balance ───
    [firefox] › tests/e2e/accounts.spec.ts:105:7 › Accounts - Create › should handle large balance amounts 
    [firefox] › tests/e2e/accounts.spec.ts:118:7 › Accounts - Create › should validate required fields 
    [firefox] › tests/e2e/accounts.spec.ts:132:7 › Accounts - Create › should sanitize special characters in name 
    [firefox] › tests/e2e/accounts.spec.ts:153:7 › Accounts - Edit › should edit account successfully 
    [firefox] › tests/e2e/accounts.spec.ts:225:7 › Accounts - Delete › should delete account successfully 
    [firefox] › tests/e2e/accounts.spec.ts:267:7 › Accounts - Data Integrity › should reflect account changes in dashboard 
    [firefox] › tests/e2e/auth.spec.ts:104:7 › Session Management › should logout successfully ─────
    [firefox] › tests/e2e/credit-cards.spec.ts:22:7 › Credit Cards - List View › should display new credit card button 
    [firefox] › tests/e2e/credit-cards.spec.ts:69:7 › Credit Cards - Create › should create premium credit card 
    [firefox] › tests/e2e/credit-cards.spec.ts:90:7 › Credit Cards - Create › should validate credit limit is positive 
    [firefox] › tests/e2e/credit-cards.spec.ts:121:7 › Credit Cards - Create › should calculate utilization when balance exceeds limit 
    [firefox] › tests/e2e/dashboard.spec.ts:15:7 › Dashboard - Core Functionality › should load dashboard successfully 
    [firefox] › tests/e2e/dashboard.spec.ts:20:7 › Dashboard - Core Functionality › should display all key metric cards 
    [firefox] › tests/e2e/dashboard.spec.ts:32:7 › Dashboard - Core Functionality › should display net worth with correct color coding 
    [firefox] › tests/e2e/dashboard.spec.ts:49:7 › Dashboard - Core Functionality › should display savings rate with color coding 
    [firefox] › tests/e2e/dashboard.spec.ts:93:7 › Dashboard - Assets & Liabilities › should display assets and liabilities breakdown 
    [firefox] › tests/e2e/dashboard.spec.ts:114:7 › Dashboard - Assets & Liabilities › should display total liabilities in red 
    [firefox] › tests/e2e/dashboard.spec.ts:147:7 › Dashboard - Portfolio Summary › should display portfolio summary section 
    [firefox] › tests/e2e/dashboard.spec.ts:184:7 › Dashboard - Portfolio Summary › should show investment count 
    [firefox] › tests/e2e/dashboard.spec.ts:266:7 › Dashboard - Navigation › should have working navigation menu 
    [firefox] › tests/e2e/dashboard.spec.ts:282:7 › Dashboard - Navigation › should navigate to transactions page 
    [firefox] › tests/e2e/data-integrity.spec.ts:61:7 › Data Integrity - Form Validation › should prevent duplicate submissions 
    [firefox] › tests/e2e/data-integrity.spec.ts:88:7 › Data Integrity - Form Validation › should sanitize HTML in input fields 
    [firefox] › tests/e2e/data-integrity.spec.ts:152:7 › Data Integrity - Large Datasets › should load transactions page efficiently 
    [firefox] › tests/e2e/data-integrity.spec.ts:167:7 › Data Integrity - Network Resilience › should handle offline gracefully 
    [firefox] › tests/e2e/data-integrity.spec.ts:189:7 › Data Integrity - Network Resilience › should handle slow network 
    [firefox] › tests/e2e/data-integrity.spec.ts:227:7 › Data Integrity - Cross-Module Consistency › should update dashboard metrics when creating account 
    [firefox] › tests/e2e/data-integrity.spec.ts:257:7 › Edge Cases - Boundary Values › should handle maximum integer values 
    [firefox] › tests/e2e/data-integrity.spec.ts:273:7 › Edge Cases - Boundary Values › should handle decimal precision 
    [firefox] › tests/e2e/data-integrity.spec.ts:312:7 › Performance Benchmarks › form submission should be responsive 
    [firefox] › tests/e2e/profile-test.spec.ts:8:7 › Profile Test - Supabase Session › should access Finance Tracker with existing Supabase session 
    [webkit] › tests/e2e/accounts.spec.ts:40:7 › Accounts - Create › should create savings account successfully 
    [webkit] › tests/e2e/accounts.spec.ts:61:7 › Accounts - Create › should create checking account successfully 
    [webkit] › tests/e2e/accounts.spec.ts:77:7 › Accounts - Create › should handle negative balance 
    [webkit] › tests/e2e/accounts.spec.ts:92:7 › Accounts - Create › should handle zero balance ────
    [webkit] › tests/e2e/accounts.spec.ts:105:7 › Accounts - Create › should handle large balance amounts 
    [webkit] › tests/e2e/accounts.spec.ts:118:7 › Accounts - Create › should validate required fields 
    [webkit] › tests/e2e/accounts.spec.ts:132:7 › Accounts - Create › should sanitize special characters in name 
    [webkit] › tests/e2e/accounts.spec.ts:153:7 › Accounts - Edit › should edit account successfully 
    [webkit] › tests/e2e/accounts.spec.ts:225:7 › Accounts - Delete › should delete account successfully 
    [webkit] › tests/e2e/accounts.spec.ts:267:7 › Accounts - Data Integrity › should reflect account changes in dashboard 
    [webkit] › tests/e2e/auth.spec.ts:26:7 › Authentication Flow › should login with valid credentials 
    [webkit] › tests/e2e/auth.spec.ts:93:7 › Session Management › should handle browser refresh ────
    [webkit] › tests/e2e/auth.spec.ts:145:7 › Protected Routes › should redirect authenticated user from login to dashboard 
    [webkit] › tests/e2e/credit-cards.spec.ts:90:7 › Credit Cards - Create › should validate credit limit is positive 
    [webkit] › tests/e2e/credit-cards.spec.ts:121:7 › Credit Cards - Create › should calculate utilization when balance exceeds limit 
    [webkit] › tests/e2e/credit-cards.spec.ts:167:7 › Credit Cards - View & Edit › should edit credit card limit 
    [webkit] › tests/e2e/dashboard.spec.ts:20:7 › Dashboard - Core Functionality › should display all key metric cards 
    [webkit] › tests/e2e/dashboard.spec.ts:32:7 › Dashboard - Core Functionality › should display net worth with correct color coding 
    [webkit] › tests/e2e/dashboard.spec.ts:104:7 › Dashboard - Assets & Liabilities › should display total assets in green 
    [webkit] › tests/e2e/dashboard.spec.ts:124:7 › Dashboard - Assets & Liabilities › should calculate net worth correctly 
    [webkit] › tests/e2e/dashboard.spec.ts:153:7 › Dashboard - Portfolio Summary › should show account count 
    [webkit] › tests/e2e/dashboard.spec.ts:166:7 › Dashboard - Portfolio Summary › should show credit card count 
    [webkit] › tests/e2e/dashboard.spec.ts:184:7 › Dashboard - Portfolio Summary › should show investment count 
    [webkit] › tests/e2e/dashboard.spec.ts:282:7 › Dashboard - Navigation › should navigate to transactions page 
    [webkit] › tests/e2e/data-integrity.spec.ts:43:7 › Data Integrity - Concurrent Operations › should handle browser refresh on form page 
    [webkit] › tests/e2e/data-integrity.spec.ts:61:7 › Data Integrity - Form Validation › should prevent duplicate submissions 
    [webkit] › tests/e2e/data-integrity.spec.ts:88:7 › Data Integrity - Form Validation › should sanitize HTML in input fields 
    [webkit] › tests/e2e/data-integrity.spec.ts:189:7 › Data Integrity - Network Resilience › should handle slow network 
    [webkit] › tests/e2e/data-integrity.spec.ts:227:7 › Data Integrity - Cross-Module Consistency › should update dashboard metrics when creating account 
    [webkit] › tests/e2e/data-integrity.spec.ts:257:7 › Edge Cases - Boundary Values › should handle maximum integer values 
    [webkit] › tests/e2e/data-integrity.spec.ts:273:7 › Edge Cases - Boundary Values › should handle decimal precision 
    [webkit] › tests/e2e/data-integrity.spec.ts:312:7 › Performance Benchmarks › form submission should be responsive 
    [webkit] › tests/e2e/profile-test.spec.ts:8:7 › Profile Test - Supabase Session › should access Finance Tracker with existing Supabase session 
    [Mobile Chrome] › tests/e2e/accounts.spec.ts:22:7 › Accounts - List View › should display page title and new account button 
    [Mobile Chrome] › tests/e2e/accounts.spec.ts:40:7 › Accounts - Create › should create savings account successfully 
    [Mobile Chrome] › tests/e2e/accounts.spec.ts:61:7 › Accounts - Create › should create checking account successfully 
    [Mobile Chrome] › tests/e2e/accounts.spec.ts:77:7 › Accounts - Create › should handle negative balance 
    [Mobile Chrome] › tests/e2e/accounts.spec.ts:92:7 › Accounts - Create › should handle zero balance 
    [Mobile Chrome] › tests/e2e/accounts.spec.ts:105:7 › Accounts - Create › should handle large balance amounts 
    [Mobile Chrome] › tests/e2e/accounts.spec.ts:118:7 › Accounts - Create › should validate required fields 
    [Mobile Chrome] › tests/e2e/accounts.spec.ts:132:7 › Accounts - Create › should sanitize special characters in name 
    [Mobile Chrome] › tests/e2e/accounts.spec.ts:153:7 › Accounts - Edit › should edit account successfully 
    [Mobile Chrome] › tests/e2e/accounts.spec.ts:225:7 › Accounts - Delete › should delete account successfully 
    [Mobile Chrome] › tests/e2e/accounts.spec.ts:267:7 › Accounts - Data Integrity › should reflect account changes in dashboard 
    [Mobile Chrome] › tests/e2e/auth.spec.ts:78:7 › Session Management › should maintain session across page navigation 
    [Mobile Chrome] › tests/e2e/auth.spec.ts:93:7 › Session Management › should handle browser refresh 
    [Mobile Chrome] › tests/e2e/credit-cards.spec.ts:90:7 › Credit Cards - Create › should validate credit limit is positive 
    [Mobile Chrome] › tests/e2e/credit-cards.spec.ts:143:7 › Credit Cards - View & Edit › should view credit card details 
    [Mobile Chrome] › tests/e2e/credit-cards.spec.ts:167:7 › Credit Cards - View & Edit › should edit credit card limit 
    [Mobile Chrome] › tests/e2e/credit-cards.spec.ts:250:7 › Credit Cards - Dashboard Integration › should update credit utilization in dashboard 
    [Mobile Chrome] › tests/e2e/dashboard.spec.ts:15:7 › Dashboard - Core Functionality › should load dashboard successfully 
    [Mobile Chrome] › tests/e2e/dashboard.spec.ts:20:7 › Dashboard - Core Functionality › should display all key metric cards 
    [Mobile Chrome] › tests/e2e/dashboard.spec.ts:32:7 › Dashboard - Core Functionality › should display net worth with correct color coding 
    [Mobile Chrome] › tests/e2e/dashboard.spec.ts:93:7 › Dashboard - Assets & Liabilities › should display assets and liabilities breakdown 
    [Mobile Chrome] › tests/e2e/dashboard.spec.ts:114:7 › Dashboard - Assets & Liabilities › should display total liabilities in red 
    [Mobile Chrome] › tests/e2e/dashboard.spec.ts:124:7 › Dashboard - Assets & Liabilities › should calculate net worth correctly 
    [Mobile Chrome] › tests/e2e/dashboard.spec.ts:147:7 › Dashboard - Portfolio Summary › should display portfolio summary section 
    [Mobile Chrome] › tests/e2e/dashboard.spec.ts:175:7 › Dashboard - Portfolio Summary › should show loan count 
    [Mobile Chrome] › tests/e2e/dashboard.spec.ts:272:7 › Dashboard - Navigation › should navigate to accounts page 
    [Mobile Chrome] › tests/e2e/data-integrity.spec.ts:10:7 › Data Integrity - Concurrent Operations › should handle rapid navigation without errors 
    [Mobile Chrome] › tests/e2e/data-integrity.spec.ts:26:7 › Data Integrity - Concurrent Operations › should handle browser back button 
    [Mobile Chrome] › tests/e2e/data-integrity.spec.ts:61:7 › Data Integrity - Form Validation › should prevent duplicate submissions 
    [Mobile Chrome] › tests/e2e/data-integrity.spec.ts:88:7 › Data Integrity - Form Validation › should sanitize HTML in input fields 
    [Mobile Chrome] › tests/e2e/data-integrity.spec.ts:152:7 › Data Integrity - Large Datasets › should load transactions page efficiently 
    [Mobile Chrome] › tests/e2e/data-integrity.spec.ts:189:7 › Data Integrity - Network Resilience › should handle slow network 
    [Mobile Chrome] › tests/e2e/data-integrity.spec.ts:207:7 › Data Integrity - Cross-Module Consistency › should maintain consistent totals across pages 
    [Mobile Chrome] › tests/e2e/data-integrity.spec.ts:227:7 › Data Integrity - Cross-Module Consistency › should update dashboard metrics when creating account 
    [Mobile Chrome] › tests/e2e/data-integrity.spec.ts:257:7 › Edge Cases - Boundary Values › should handle maximum integer values 
    [Mobile Chrome] › tests/e2e/data-integrity.spec.ts:273:7 › Edge Cases - Boundary Values › should handle decimal precision 
    [Mobile Chrome] › tests/e2e/data-integrity.spec.ts:287:7 › Edge Cases - Boundary Values › should handle special date scenarios 
    [Mobile Chrome] › tests/e2e/data-integrity.spec.ts:312:7 › Performance Benchmarks › form submission should be responsive 
    [Mobile Chrome] › tests/e2e/profile-test.spec.ts:8:7 › Profile Test - Supabase Session › should access Finance Tracker with existing Supabase session 
    [Mobile Safari] › tests/e2e/accounts.spec.ts:40:7 › Accounts - Create › should create savings account successfully 
    [Mobile Safari] › tests/e2e/accounts.spec.ts:61:7 › Accounts - Create › should create checking account successfully 
    [Mobile Safari] › tests/e2e/accounts.spec.ts:77:7 › Accounts - Create › should handle negative balance 
    [Mobile Safari] › tests/e2e/accounts.spec.ts:92:7 › Accounts - Create › should handle zero balance 
    [Mobile Safari] › tests/e2e/accounts.spec.ts:105:7 › Accounts - Create › should handle large balance amounts 
    [Mobile Safari] › tests/e2e/accounts.spec.ts:118:7 › Accounts - Create › should validate required fields 
    [Mobile Safari] › tests/e2e/accounts.spec.ts:132:7 › Accounts - Create › should sanitize special characters in name 
    [Mobile Safari] › tests/e2e/accounts.spec.ts:153:7 › Accounts - Edit › should edit account successfully 
    [Mobile Safari] › tests/e2e/accounts.spec.ts:225:7 › Accounts - Delete › should delete account successfully 
    [Mobile Safari] › tests/e2e/accounts.spec.ts:267:7 › Accounts - Data Integrity › should reflect account changes in dashboard 
    [Mobile Safari] › tests/e2e/auth.spec.ts:93:7 › Session Management › should handle browser refresh 
    [Mobile Safari] › tests/e2e/dashboard.spec.ts:20:7 › Dashboard - Core Functionality › should display all key metric cards 
    [Mobile Safari] › tests/e2e/dashboard.spec.ts:32:7 › Dashboard - Core Functionality › should display net worth with correct color coding 
    [Mobile Safari] › tests/e2e/dashboard.spec.ts:104:7 › Dashboard - Assets & Liabilities › should display total assets in green 
    [Mobile Safari] › tests/e2e/dashboard.spec.ts:243:7 › Dashboard - Upcoming Payments › should calculate total payment amount 
    [Mobile Safari] › tests/e2e/data-integrity.spec.ts:61:7 › Data Integrity - Form Validation › should prevent duplicate submissions 
    [Mobile Safari] › tests/e2e/data-integrity.spec.ts:88:7 › Data Integrity - Form Validation › should sanitize HTML in input fields 
    [Mobile Safari] › tests/e2e/data-integrity.spec.ts:133:7 › Data Integrity - Large Datasets › should handle accounts list with pagination 
    [Mobile Safari] › tests/e2e/data-integrity.spec.ts:189:7 › Data Integrity - Network Resilience › should handle slow network 
    [Mobile Safari] › tests/e2e/data-integrity.spec.ts:227:7 › Data Integrity - Cross-Module Consistency › should update dashboard metrics when creating account 
    [Mobile Safari] › tests/e2e/data-integrity.spec.ts:257:7 › Edge Cases - Boundary Values › should handle maximum integer values 
    [Mobile Safari] › tests/e2e/data-integrity.spec.ts:273:7 › Edge Cases - Boundary Values › should handle decimal precision 
    [Mobile Safari] › tests/e2e/data-integrity.spec.ts:312:7 › Performance Benchmarks › form submission should be responsive 
    [Mobile Safari] › tests/e2e/profile-test.spec.ts:8:7 › Profile Test - Supabase Session › should access Finance Tracker with existing Supabase session 
  9 skipped
  233 passed (8.7m)

[36m  Serving HTML report at http://localhost:61643. Press Ctrl+C to quit.[39m
